[0.008s] Invoking command in '/home/xingmaker/landing/Fast-Perching/build/planning': AMENT_PREFIX_PATH=/home/xingmaker/landing/Fast-Perching/install/traj_opt:${AMENT_PREFIX_PATH} CMAKE_PREFIX_PATH=/home/xingmaker/landing/Fast-Perching/install/traj_opt:/home/xingmaker/landing/Fast-Perching/install/vis_utils:/home/xingmaker/landing/Fast-Perching/install/pose_utils:/home/xingmaker/vrx_ws/install:/opt/ros/humble LD_LIBRARY_PATH=/home/xingmaker/landing/Fast-Perching/install/traj_opt/lib:${LD_LIBRARY_PATH} /usr/bin/cmake --build /home/xingmaker/landing/Fast-Perching/build/planning -- -j20 -l20
[0.069s] Consolidate compiler generated dependencies of target planning_node
[0.069s] Consolidate compiler generated dependencies of target planning
[0.086s] [ 25%] Building CXX object CMakeFiles/planning_node.dir/src/planning_node.cpp.o
[0.090s] [ 50%] Building CXX object CMakeFiles/planning.dir/src/planning_node.cpp.o
[15.449s] [ 75%] Linking CXX shared library libplanning.so
[15.526s] [100%] Linking CXX executable planning_node
[15.670s] [100%] Built target planning
[15.748s] [100%] Built target planning_node
[15.755s] Invoked command in '/home/xingmaker/landing/Fast-Perching/build/planning' returned '0': AMENT_PREFIX_PATH=/home/xingmaker/landing/Fast-Perching/install/traj_opt:${AMENT_PREFIX_PATH} CMAKE_PREFIX_PATH=/home/xingmaker/landing/Fast-Perching/install/traj_opt:/home/xingmaker/landing/Fast-Perching/install/vis_utils:/home/xingmaker/landing/Fast-Perching/install/pose_utils:/home/xingmaker/vrx_ws/install:/opt/ros/humble LD_LIBRARY_PATH=/home/xingmaker/landing/Fast-Perching/install/traj_opt/lib:${LD_LIBRARY_PATH} /usr/bin/cmake --build /home/xingmaker/landing/Fast-Perching/build/planning -- -j20 -l20
[15.756s] Invoking command in '/home/xingmaker/landing/Fast-Perching/build/planning': AMENT_PREFIX_PATH=/home/xingmaker/landing/Fast-Perching/install/traj_opt:${AMENT_PREFIX_PATH} CMAKE_PREFIX_PATH=/home/xingmaker/landing/Fast-Perching/install/traj_opt:/home/xingmaker/landing/Fast-Perching/install/vis_utils:/home/xingmaker/landing/Fast-Perching/install/pose_utils:/home/xingmaker/vrx_ws/install:/opt/ros/humble LD_LIBRARY_PATH=/home/xingmaker/landing/Fast-Perching/install/traj_opt/lib:${LD_LIBRARY_PATH} /usr/bin/cmake --install /home/xingmaker/landing/Fast-Perching/build/planning
[15.759s] -- Install configuration: "Release"
[15.760s] -- Installing: /home/xingmaker/landing/Fast-Perching/install/planning/lib/planning/planning_node
[15.760s] -- Set runtime path of "/home/xingmaker/landing/Fast-Perching/install/planning/lib/planning/planning_node" to ""
[15.760s] -- Installing: /home/xingmaker/landing/Fast-Perching/install/planning/lib/libplanning.so
[15.761s] -- Set runtime path of "/home/xingmaker/landing/Fast-Perching/install/planning/lib/libplanning.so" to ""
[15.761s] -- Installing: /home/xingmaker/landing/Fast-Perching/install/planning/share/planning/launch
[15.761s] -- Installing: /home/xingmaker/landing/Fast-Perching/install/planning/share/planning/launch/perching.launch.py
[15.761s] -- Installing: /home/xingmaker/landing/Fast-Perching/install/planning/share/planning/config
[15.761s] -- Installing: /home/xingmaker/landing/Fast-Perching/install/planning/share/planning/config/rviz_sim.rviz
[15.761s] -- Installing: /home/xingmaker/landing/Fast-Perching/install/planning/share/ament_index/resource_index/package_run_dependencies/planning
[15.761s] -- Installing: /home/xingmaker/landing/Fast-Perching/install/planning/share/ament_index/resource_index/parent_prefix_path/planning
[15.761s] -- Installing: /home/xingmaker/landing/Fast-Perching/install/planning/share/planning/environment/ament_prefix_path.sh
[15.761s] -- Installing: /home/xingmaker/landing/Fast-Perching/install/planning/share/planning/environment/ament_prefix_path.dsv
[15.761s] -- Installing: /home/xingmaker/landing/Fast-Perching/install/planning/share/planning/environment/path.sh
[15.761s] -- Installing: /home/xingmaker/landing/Fast-Perching/install/planning/share/planning/environment/path.dsv
[15.761s] -- Installing: /home/xingmaker/landing/Fast-Perching/install/planning/share/planning/local_setup.bash
[15.762s] -- Installing: /home/xingmaker/landing/Fast-Perching/install/planning/share/planning/local_setup.sh
[15.762s] -- Installing: /home/xingmaker/landing/Fast-Perching/install/planning/share/planning/local_setup.zsh
[15.762s] -- Installing: /home/xingmaker/landing/Fast-Perching/install/planning/share/planning/local_setup.dsv
[15.762s] -- Installing: /home/xingmaker/landing/Fast-Perching/install/planning/share/planning/package.dsv
[15.762s] -- Installing: /home/xingmaker/landing/Fast-Perching/install/planning/share/ament_index/resource_index/packages/planning
[15.762s] -- Installing: /home/xingmaker/landing/Fast-Perching/install/planning/share/ament_index/resource_index/rclcpp_components/planning
[15.762s] -- Installing: /home/xingmaker/landing/Fast-Perching/install/planning/share/planning/cmake/planningConfig.cmake
[15.762s] -- Installing: /home/xingmaker/landing/Fast-Perching/install/planning/share/planning/cmake/planningConfig-version.cmake
[15.762s] -- Installing: /home/xingmaker/landing/Fast-Perching/install/planning/share/planning/package.xml
[15.763s] Invoked command in '/home/xingmaker/landing/Fast-Perching/build/planning' returned '0': AMENT_PREFIX_PATH=/home/xingmaker/landing/Fast-Perching/install/traj_opt:${AMENT_PREFIX_PATH} CMAKE_PREFIX_PATH=/home/xingmaker/landing/Fast-Perching/install/traj_opt:/home/xingmaker/landing/Fast-Perching/install/vis_utils:/home/xingmaker/landing/Fast-Perching/install/pose_utils:/home/xingmaker/vrx_ws/install:/opt/ros/humble LD_LIBRARY_PATH=/home/xingmaker/landing/Fast-Perching/install/traj_opt/lib:${LD_LIBRARY_PATH} /usr/bin/cmake --install /home/xingmaker/landing/Fast-Perching/build/planning
