[0.060s] DEBUG:colcon:Command line arguments: ['/usr/bin/colcon', 'build']
[0.060s] DEBUG:colcon:Parsed command line arguments: Namespace(log_base=None, log_level=None, verb_name='build', build_base='build', install_base='install', merge_install=False, symlink_install=False, test_result_base=None, continue_on_error=False, executor='parallel', parallel_workers=20, event_handlers=None, ignore_user_meta=False, metas=['./colcon.meta'], base_paths=['.'], packages_ignore=None, packages_ignore_regex=None, paths=None, packages_up_to=None, packages_up_to_regex=None, packages_above=None, packages_above_and_dependencies=None, packages_above_depth=None, packages_select_by_dep=None, packages_skip_by_dep=None, packages_skip_up_to=None, packages_select_build_failed=False, packages_skip_build_finished=False, packages_select_test_failures=False, packages_skip_test_passed=False, packages_select=None, packages_skip=None, packages_select_regex=None, packages_skip_regex=None, packages_start=None, packages_end=None, allow_overriding=[], cmake_args=None, cmake_target=None, cmake_target_skip_unavailable=False, cmake_clean_cache=False, cmake_clean_first=False, cmake_force_configure=False, ament_cmake_args=None, catkin_cmake_args=None, catkin_skip_building_tests=False, verb_parser=<colcon_defaults.argument_parser.defaults.DefaultArgumentsDecorator object at 0x74dc60351b10>, verb_extension=<colcon_core.verb.build.BuildVerb object at 0x74dc604ef0d0>, main=<bound method BuildVerb.main of <colcon_core.verb.build.BuildVerb object at 0x74dc604ef0d0>>)
[0.148s] Level 1:colcon.colcon_core.package_discovery:discover_packages(colcon_meta) check parameters
[0.148s] Level 1:colcon.colcon_core.package_discovery:discover_packages(recursive) check parameters
[0.148s] Level 1:colcon.colcon_core.package_discovery:discover_packages(ignore) check parameters
[0.148s] Level 1:colcon.colcon_core.package_discovery:discover_packages(path) check parameters
[0.148s] Level 1:colcon.colcon_core.package_discovery:discover_packages(colcon_meta) discover
[0.148s] Level 1:colcon.colcon_core.package_discovery:discover_packages(recursive) discover
[0.148s] INFO:colcon.colcon_core.package_discovery:Crawling recursively for packages in '/home/xingmaker/landing/Fast-Perching'
[0.148s] Level 1:colcon.colcon_core.package_identification:_identify(.) by extensions ['ignore', 'ignore_ament_install']
[0.148s] Level 1:colcon.colcon_core.package_identification:_identify(.) by extension 'ignore'
[0.148s] Level 1:colcon.colcon_core.package_identification:_identify(.) by extension 'ignore_ament_install'
[0.149s] Level 1:colcon.colcon_core.package_identification:_identify(.) by extensions ['colcon_pkg']
[0.149s] Level 1:colcon.colcon_core.package_identification:_identify(.) by extension 'colcon_pkg'
[0.149s] Level 1:colcon.colcon_core.package_identification:_identify(.) by extensions ['colcon_meta']
[0.149s] Level 1:colcon.colcon_core.package_identification:_identify(.) by extension 'colcon_meta'
[0.149s] Level 1:colcon.colcon_core.package_identification:_identify(.) by extensions ['ros']
[0.149s] Level 1:colcon.colcon_core.package_identification:_identify(.) by extension 'ros'
[0.154s] Level 1:colcon.colcon_core.package_identification:_identify(.) by extensions ['cmake', 'python']
[0.154s] Level 1:colcon.colcon_core.package_identification:_identify(.) by extension 'cmake'
[0.154s] Level 1:colcon.colcon_core.package_identification:_identify(.) by extension 'python'
[0.154s] Level 1:colcon.colcon_core.package_identification:_identify(.) by extensions ['python_setup_py']
[0.154s] Level 1:colcon.colcon_core.package_identification:_identify(.) by extension 'python_setup_py'
[0.154s] Level 1:colcon.colcon_core.package_identification:_identify(build) by extensions ['ignore', 'ignore_ament_install']
[0.154s] Level 1:colcon.colcon_core.package_identification:_identify(build) by extension 'ignore'
[0.154s] Level 1:colcon.colcon_core.package_identification:_identify(build) ignored
[0.155s] Level 1:colcon.colcon_core.package_identification:_identify(install) by extensions ['ignore', 'ignore_ament_install']
[0.155s] Level 1:colcon.colcon_core.package_identification:_identify(install) by extension 'ignore'
[0.155s] Level 1:colcon.colcon_core.package_identification:_identify(install) ignored
[0.155s] Level 1:colcon.colcon_core.package_identification:_identify(log) by extensions ['ignore', 'ignore_ament_install']
[0.155s] Level 1:colcon.colcon_core.package_identification:_identify(log) by extension 'ignore'
[0.155s] Level 1:colcon.colcon_core.package_identification:_identify(log) ignored
[0.155s] Level 1:colcon.colcon_core.package_identification:_identify(sh_utils) by extensions ['ignore', 'ignore_ament_install']
[0.155s] Level 1:colcon.colcon_core.package_identification:_identify(sh_utils) by extension 'ignore'
[0.155s] Level 1:colcon.colcon_core.package_identification:_identify(sh_utils) by extension 'ignore_ament_install'
[0.155s] Level 1:colcon.colcon_core.package_identification:_identify(sh_utils) by extensions ['colcon_pkg']
[0.155s] Level 1:colcon.colcon_core.package_identification:_identify(sh_utils) by extension 'colcon_pkg'
[0.155s] Level 1:colcon.colcon_core.package_identification:_identify(sh_utils) by extensions ['colcon_meta']
[0.155s] Level 1:colcon.colcon_core.package_identification:_identify(sh_utils) by extension 'colcon_meta'
[0.155s] Level 1:colcon.colcon_core.package_identification:_identify(sh_utils) by extensions ['ros']
[0.155s] Level 1:colcon.colcon_core.package_identification:_identify(sh_utils) by extension 'ros'
[0.155s] Level 1:colcon.colcon_core.package_identification:_identify(sh_utils) by extensions ['cmake', 'python']
[0.155s] Level 1:colcon.colcon_core.package_identification:_identify(sh_utils) by extension 'cmake'
[0.155s] Level 1:colcon.colcon_core.package_identification:_identify(sh_utils) by extension 'python'
[0.155s] Level 1:colcon.colcon_core.package_identification:_identify(sh_utils) by extensions ['python_setup_py']
[0.155s] Level 1:colcon.colcon_core.package_identification:_identify(sh_utils) by extension 'python_setup_py'
[0.155s] Level 1:colcon.colcon_core.package_identification:_identify(src) by extensions ['ignore', 'ignore_ament_install']
[0.155s] Level 1:colcon.colcon_core.package_identification:_identify(src) by extension 'ignore'
[0.155s] Level 1:colcon.colcon_core.package_identification:_identify(src) by extension 'ignore_ament_install'
[0.155s] Level 1:colcon.colcon_core.package_identification:_identify(src) by extensions ['colcon_pkg']
[0.155s] Level 1:colcon.colcon_core.package_identification:_identify(src) by extension 'colcon_pkg'
[0.155s] Level 1:colcon.colcon_core.package_identification:_identify(src) by extensions ['colcon_meta']
[0.155s] Level 1:colcon.colcon_core.package_identification:_identify(src) by extension 'colcon_meta'
[0.155s] Level 1:colcon.colcon_core.package_identification:_identify(src) by extensions ['ros']
[0.155s] Level 1:colcon.colcon_core.package_identification:_identify(src) by extension 'ros'
[0.155s] Level 1:colcon.colcon_core.package_identification:_identify(src) by extensions ['cmake', 'python']
[0.155s] Level 1:colcon.colcon_core.package_identification:_identify(src) by extension 'cmake'
[0.155s] Level 1:colcon.colcon_core.package_identification:_identify(src) by extension 'python'
[0.155s] Level 1:colcon.colcon_core.package_identification:_identify(src) by extensions ['python_setup_py']
[0.155s] Level 1:colcon.colcon_core.package_identification:_identify(src) by extension 'python_setup_py'
[0.155s] Level 1:colcon.colcon_core.package_identification:_identify(src/odom_vis) by extensions ['ignore', 'ignore_ament_install']
[0.155s] Level 1:colcon.colcon_core.package_identification:_identify(src/odom_vis) by extension 'ignore'
[0.155s] Level 1:colcon.colcon_core.package_identification:_identify(src/odom_vis) by extension 'ignore_ament_install'
[0.155s] Level 1:colcon.colcon_core.package_identification:_identify(src/odom_vis) by extensions ['colcon_pkg']
[0.155s] Level 1:colcon.colcon_core.package_identification:_identify(src/odom_vis) by extension 'colcon_pkg'
[0.155s] Level 1:colcon.colcon_core.package_identification:_identify(src/odom_vis) by extensions ['colcon_meta']
[0.155s] Level 1:colcon.colcon_core.package_identification:_identify(src/odom_vis) by extension 'colcon_meta'
[0.155s] Level 1:colcon.colcon_core.package_identification:_identify(src/odom_vis) by extensions ['ros']
[0.155s] Level 1:colcon.colcon_core.package_identification:_identify(src/odom_vis) by extension 'ros'
[0.155s] Level 1:colcon.colcon_core.package_identification:_identify(src/odom_vis) by extensions ['cmake', 'python']
[0.155s] Level 1:colcon.colcon_core.package_identification:_identify(src/odom_vis) by extension 'cmake'
[0.155s] Level 1:colcon.colcon_core.package_identification:_identify(src/odom_vis) by extension 'python'
[0.155s] Level 1:colcon.colcon_core.package_identification:_identify(src/odom_vis) by extensions ['python_setup_py']
[0.155s] Level 1:colcon.colcon_core.package_identification:_identify(src/odom_vis) by extension 'python_setup_py'
[0.156s] Level 1:colcon.colcon_core.package_identification:_identify(src/odom_vis/odom_visualization) by extensions ['ignore', 'ignore_ament_install']
[0.156s] Level 1:colcon.colcon_core.package_identification:_identify(src/odom_vis/odom_visualization) by extension 'ignore'
[0.156s] Level 1:colcon.colcon_core.package_identification:_identify(src/odom_vis/odom_visualization) by extension 'ignore_ament_install'
[0.156s] Level 1:colcon.colcon_core.package_identification:_identify(src/odom_vis/odom_visualization) by extensions ['colcon_pkg']
[0.156s] Level 1:colcon.colcon_core.package_identification:_identify(src/odom_vis/odom_visualization) by extension 'colcon_pkg'
[0.156s] Level 1:colcon.colcon_core.package_identification:_identify(src/odom_vis/odom_visualization) by extensions ['colcon_meta']
[0.156s] Level 1:colcon.colcon_core.package_identification:_identify(src/odom_vis/odom_visualization) by extension 'colcon_meta'
[0.156s] Level 1:colcon.colcon_core.package_identification:_identify(src/odom_vis/odom_visualization) by extensions ['ros']
[0.156s] Level 1:colcon.colcon_core.package_identification:_identify(src/odom_vis/odom_visualization) by extension 'ros'
[0.161s] DEBUG:colcon.colcon_core.package_identification:Package 'src/odom_vis/odom_visualization' with type 'ros.ament_cmake' and name 'odom_visualization'
[0.161s] Level 1:colcon.colcon_core.package_identification:_identify(src/odom_vis/pose_utils) by extensions ['ignore', 'ignore_ament_install']
[0.161s] Level 1:colcon.colcon_core.package_identification:_identify(src/odom_vis/pose_utils) by extension 'ignore'
[0.161s] Level 1:colcon.colcon_core.package_identification:_identify(src/odom_vis/pose_utils) by extension 'ignore_ament_install'
[0.161s] Level 1:colcon.colcon_core.package_identification:_identify(src/odom_vis/pose_utils) by extensions ['colcon_pkg']
[0.161s] Level 1:colcon.colcon_core.package_identification:_identify(src/odom_vis/pose_utils) by extension 'colcon_pkg'
[0.161s] Level 1:colcon.colcon_core.package_identification:_identify(src/odom_vis/pose_utils) by extensions ['colcon_meta']
[0.161s] Level 1:colcon.colcon_core.package_identification:_identify(src/odom_vis/pose_utils) by extension 'colcon_meta'
[0.161s] Level 1:colcon.colcon_core.package_identification:_identify(src/odom_vis/pose_utils) by extensions ['ros']
[0.161s] Level 1:colcon.colcon_core.package_identification:_identify(src/odom_vis/pose_utils) by extension 'ros'
[0.162s] DEBUG:colcon.colcon_core.package_identification:Package 'src/odom_vis/pose_utils' with type 'ros.ament_cmake' and name 'pose_utils'
[0.162s] Level 1:colcon.colcon_core.package_identification:_identify(src/planning) by extensions ['ignore', 'ignore_ament_install']
[0.162s] Level 1:colcon.colcon_core.package_identification:_identify(src/planning) by extension 'ignore'
[0.162s] Level 1:colcon.colcon_core.package_identification:_identify(src/planning) by extension 'ignore_ament_install'
[0.162s] Level 1:colcon.colcon_core.package_identification:_identify(src/planning) by extensions ['colcon_pkg']
[0.162s] Level 1:colcon.colcon_core.package_identification:_identify(src/planning) by extension 'colcon_pkg'
[0.162s] Level 1:colcon.colcon_core.package_identification:_identify(src/planning) by extensions ['colcon_meta']
[0.162s] Level 1:colcon.colcon_core.package_identification:_identify(src/planning) by extension 'colcon_meta'
[0.162s] Level 1:colcon.colcon_core.package_identification:_identify(src/planning) by extensions ['ros']
[0.162s] Level 1:colcon.colcon_core.package_identification:_identify(src/planning) by extension 'ros'
[0.162s] DEBUG:colcon.colcon_core.package_identification:Package 'src/planning' with type 'ros.ament_cmake' and name 'planning'
[0.162s] Level 1:colcon.colcon_core.package_identification:_identify(src/traj_opt) by extensions ['ignore', 'ignore_ament_install']
[0.162s] Level 1:colcon.colcon_core.package_identification:_identify(src/traj_opt) by extension 'ignore'
[0.162s] Level 1:colcon.colcon_core.package_identification:_identify(src/traj_opt) by extension 'ignore_ament_install'
[0.162s] Level 1:colcon.colcon_core.package_identification:_identify(src/traj_opt) by extensions ['colcon_pkg']
[0.162s] Level 1:colcon.colcon_core.package_identification:_identify(src/traj_opt) by extension 'colcon_pkg'
[0.163s] Level 1:colcon.colcon_core.package_identification:_identify(src/traj_opt) by extensions ['colcon_meta']
[0.163s] Level 1:colcon.colcon_core.package_identification:_identify(src/traj_opt) by extension 'colcon_meta'
[0.163s] Level 1:colcon.colcon_core.package_identification:_identify(src/traj_opt) by extensions ['ros']
[0.163s] Level 1:colcon.colcon_core.package_identification:_identify(src/traj_opt) by extension 'ros'
[0.163s] DEBUG:colcon.colcon_core.package_identification:Package 'src/traj_opt' with type 'ros.ament_cmake' and name 'traj_opt'
[0.163s] Level 1:colcon.colcon_core.package_identification:_identify(src/vis_utils) by extensions ['ignore', 'ignore_ament_install']
[0.163s] Level 1:colcon.colcon_core.package_identification:_identify(src/vis_utils) by extension 'ignore'
[0.163s] Level 1:colcon.colcon_core.package_identification:_identify(src/vis_utils) by extension 'ignore_ament_install'
[0.163s] Level 1:colcon.colcon_core.package_identification:_identify(src/vis_utils) by extensions ['colcon_pkg']
[0.163s] Level 1:colcon.colcon_core.package_identification:_identify(src/vis_utils) by extension 'colcon_pkg'
[0.163s] Level 1:colcon.colcon_core.package_identification:_identify(src/vis_utils) by extensions ['colcon_meta']
[0.163s] Level 1:colcon.colcon_core.package_identification:_identify(src/vis_utils) by extension 'colcon_meta'
[0.163s] Level 1:colcon.colcon_core.package_identification:_identify(src/vis_utils) by extensions ['ros']
[0.163s] Level 1:colcon.colcon_core.package_identification:_identify(src/vis_utils) by extension 'ros'
[0.164s] DEBUG:colcon.colcon_core.package_identification:Package 'src/vis_utils' with type 'ros.ament_cmake' and name 'vis_utils'
[0.164s] Level 1:colcon.colcon_core.package_discovery:discover_packages(recursive) using defaults
[0.164s] Level 1:colcon.colcon_core.package_discovery:discover_packages(ignore) discover
[0.164s] Level 1:colcon.colcon_core.package_discovery:discover_packages(ignore) using defaults
[0.164s] Level 1:colcon.colcon_core.package_discovery:discover_packages(path) discover
[0.164s] Level 1:colcon.colcon_core.package_discovery:discover_packages(path) using defaults
[0.174s] Level 1:colcon.colcon_core.package_discovery:discover_packages(prefix_path) check parameters
[0.174s] Level 1:colcon.colcon_core.package_discovery:discover_packages(prefix_path) discover
[0.175s] DEBUG:colcon.colcon_installed_package_information.package_discovery:Found 5 installed packages in /home/xingmaker/landing/Fast-Perching/install
[0.175s] DEBUG:colcon.colcon_installed_package_information.package_discovery:Found 5 installed packages in /home/xingmaker/vrx_ws/install
[0.175s] DEBUG:colcon.colcon_installed_package_information.package_discovery:Found 287 installed packages in /opt/ros/humble
[0.176s] Level 1:colcon.colcon_core.package_discovery:discover_packages(prefix_path) using defaults
[0.192s] Level 5:colcon.colcon_core.verb:set package 'odom_visualization' build argument 'cmake_args' from command line to 'None'
[0.192s] Level 5:colcon.colcon_core.verb:set package 'odom_visualization' build argument 'cmake_target' from command line to 'None'
[0.192s] Level 5:colcon.colcon_core.verb:set package 'odom_visualization' build argument 'cmake_target_skip_unavailable' from command line to 'False'
[0.192s] Level 5:colcon.colcon_core.verb:set package 'odom_visualization' build argument 'cmake_clean_cache' from command line to 'False'
[0.192s] Level 5:colcon.colcon_core.verb:set package 'odom_visualization' build argument 'cmake_clean_first' from command line to 'False'
[0.192s] Level 5:colcon.colcon_core.verb:set package 'odom_visualization' build argument 'cmake_force_configure' from command line to 'False'
[0.192s] Level 5:colcon.colcon_core.verb:set package 'odom_visualization' build argument 'ament_cmake_args' from command line to 'None'
[0.192s] Level 5:colcon.colcon_core.verb:set package 'odom_visualization' build argument 'catkin_cmake_args' from command line to 'None'
[0.192s] Level 5:colcon.colcon_core.verb:set package 'odom_visualization' build argument 'catkin_skip_building_tests' from command line to 'False'
[0.192s] DEBUG:colcon.colcon_core.verb:Building package 'odom_visualization' with the following arguments: {'ament_cmake_args': None, 'build_base': '/home/xingmaker/landing/Fast-Perching/build/odom_visualization', 'catkin_cmake_args': None, 'catkin_skip_building_tests': False, 'cmake_args': None, 'cmake_clean_cache': False, 'cmake_clean_first': False, 'cmake_force_configure': False, 'cmake_target': None, 'cmake_target_skip_unavailable': False, 'install_base': '/home/xingmaker/landing/Fast-Perching/install/odom_visualization', 'merge_install': False, 'path': '/home/xingmaker/landing/Fast-Perching/src/odom_vis/odom_visualization', 'symlink_install': False, 'test_result_base': None}
[0.193s] Level 5:colcon.colcon_core.verb:set package 'pose_utils' build argument 'cmake_args' from command line to 'None'
[0.193s] Level 5:colcon.colcon_core.verb:set package 'pose_utils' build argument 'cmake_target' from command line to 'None'
[0.193s] Level 5:colcon.colcon_core.verb:set package 'pose_utils' build argument 'cmake_target_skip_unavailable' from command line to 'False'
[0.193s] Level 5:colcon.colcon_core.verb:set package 'pose_utils' build argument 'cmake_clean_cache' from command line to 'False'
[0.193s] Level 5:colcon.colcon_core.verb:set package 'pose_utils' build argument 'cmake_clean_first' from command line to 'False'
[0.193s] Level 5:colcon.colcon_core.verb:set package 'pose_utils' build argument 'cmake_force_configure' from command line to 'False'
[0.193s] Level 5:colcon.colcon_core.verb:set package 'pose_utils' build argument 'ament_cmake_args' from command line to 'None'
[0.193s] Level 5:colcon.colcon_core.verb:set package 'pose_utils' build argument 'catkin_cmake_args' from command line to 'None'
[0.193s] Level 5:colcon.colcon_core.verb:set package 'pose_utils' build argument 'catkin_skip_building_tests' from command line to 'False'
[0.193s] DEBUG:colcon.colcon_core.verb:Building package 'pose_utils' with the following arguments: {'ament_cmake_args': None, 'build_base': '/home/xingmaker/landing/Fast-Perching/build/pose_utils', 'catkin_cmake_args': None, 'catkin_skip_building_tests': False, 'cmake_args': None, 'cmake_clean_cache': False, 'cmake_clean_first': False, 'cmake_force_configure': False, 'cmake_target': None, 'cmake_target_skip_unavailable': False, 'install_base': '/home/xingmaker/landing/Fast-Perching/install/pose_utils', 'merge_install': False, 'path': '/home/xingmaker/landing/Fast-Perching/src/odom_vis/pose_utils', 'symlink_install': False, 'test_result_base': None}
[0.193s] Level 5:colcon.colcon_core.verb:set package 'vis_utils' build argument 'cmake_args' from command line to 'None'
[0.193s] Level 5:colcon.colcon_core.verb:set package 'vis_utils' build argument 'cmake_target' from command line to 'None'
[0.193s] Level 5:colcon.colcon_core.verb:set package 'vis_utils' build argument 'cmake_target_skip_unavailable' from command line to 'False'
[0.193s] Level 5:colcon.colcon_core.verb:set package 'vis_utils' build argument 'cmake_clean_cache' from command line to 'False'
[0.193s] Level 5:colcon.colcon_core.verb:set package 'vis_utils' build argument 'cmake_clean_first' from command line to 'False'
[0.193s] Level 5:colcon.colcon_core.verb:set package 'vis_utils' build argument 'cmake_force_configure' from command line to 'False'
[0.193s] Level 5:colcon.colcon_core.verb:set package 'vis_utils' build argument 'ament_cmake_args' from command line to 'None'
[0.193s] Level 5:colcon.colcon_core.verb:set package 'vis_utils' build argument 'catkin_cmake_args' from command line to 'None'
[0.193s] Level 5:colcon.colcon_core.verb:set package 'vis_utils' build argument 'catkin_skip_building_tests' from command line to 'False'
[0.193s] DEBUG:colcon.colcon_core.verb:Building package 'vis_utils' with the following arguments: {'ament_cmake_args': None, 'build_base': '/home/xingmaker/landing/Fast-Perching/build/vis_utils', 'catkin_cmake_args': None, 'catkin_skip_building_tests': False, 'cmake_args': None, 'cmake_clean_cache': False, 'cmake_clean_first': False, 'cmake_force_configure': False, 'cmake_target': None, 'cmake_target_skip_unavailable': False, 'install_base': '/home/xingmaker/landing/Fast-Perching/install/vis_utils', 'merge_install': False, 'path': '/home/xingmaker/landing/Fast-Perching/src/vis_utils', 'symlink_install': False, 'test_result_base': None}
[0.193s] Level 5:colcon.colcon_core.verb:set package 'traj_opt' build argument 'cmake_args' from command line to 'None'
[0.193s] Level 5:colcon.colcon_core.verb:set package 'traj_opt' build argument 'cmake_target' from command line to 'None'
[0.193s] Level 5:colcon.colcon_core.verb:set package 'traj_opt' build argument 'cmake_target_skip_unavailable' from command line to 'False'
[0.193s] Level 5:colcon.colcon_core.verb:set package 'traj_opt' build argument 'cmake_clean_cache' from command line to 'False'
[0.193s] Level 5:colcon.colcon_core.verb:set package 'traj_opt' build argument 'cmake_clean_first' from command line to 'False'
[0.193s] Level 5:colcon.colcon_core.verb:set package 'traj_opt' build argument 'cmake_force_configure' from command line to 'False'
[0.193s] Level 5:colcon.colcon_core.verb:set package 'traj_opt' build argument 'ament_cmake_args' from command line to 'None'
[0.193s] Level 5:colcon.colcon_core.verb:set package 'traj_opt' build argument 'catkin_cmake_args' from command line to 'None'
[0.193s] Level 5:colcon.colcon_core.verb:set package 'traj_opt' build argument 'catkin_skip_building_tests' from command line to 'False'
[0.193s] DEBUG:colcon.colcon_core.verb:Building package 'traj_opt' with the following arguments: {'ament_cmake_args': None, 'build_base': '/home/xingmaker/landing/Fast-Perching/build/traj_opt', 'catkin_cmake_args': None, 'catkin_skip_building_tests': False, 'cmake_args': None, 'cmake_clean_cache': False, 'cmake_clean_first': False, 'cmake_force_configure': False, 'cmake_target': None, 'cmake_target_skip_unavailable': False, 'install_base': '/home/xingmaker/landing/Fast-Perching/install/traj_opt', 'merge_install': False, 'path': '/home/xingmaker/landing/Fast-Perching/src/traj_opt', 'symlink_install': False, 'test_result_base': None}
[0.193s] Level 5:colcon.colcon_core.verb:set package 'planning' build argument 'cmake_args' from command line to 'None'
[0.193s] Level 5:colcon.colcon_core.verb:set package 'planning' build argument 'cmake_target' from command line to 'None'
[0.193s] Level 5:colcon.colcon_core.verb:set package 'planning' build argument 'cmake_target_skip_unavailable' from command line to 'False'
[0.193s] Level 5:colcon.colcon_core.verb:set package 'planning' build argument 'cmake_clean_cache' from command line to 'False'
[0.193s] Level 5:colcon.colcon_core.verb:set package 'planning' build argument 'cmake_clean_first' from command line to 'False'
[0.193s] Level 5:colcon.colcon_core.verb:set package 'planning' build argument 'cmake_force_configure' from command line to 'False'
[0.193s] Level 5:colcon.colcon_core.verb:set package 'planning' build argument 'ament_cmake_args' from command line to 'None'
[0.193s] Level 5:colcon.colcon_core.verb:set package 'planning' build argument 'catkin_cmake_args' from command line to 'None'
[0.193s] Level 5:colcon.colcon_core.verb:set package 'planning' build argument 'catkin_skip_building_tests' from command line to 'False'
[0.193s] DEBUG:colcon.colcon_core.verb:Building package 'planning' with the following arguments: {'ament_cmake_args': None, 'build_base': '/home/xingmaker/landing/Fast-Perching/build/planning', 'catkin_cmake_args': None, 'catkin_skip_building_tests': False, 'cmake_args': None, 'cmake_clean_cache': False, 'cmake_clean_first': False, 'cmake_force_configure': False, 'cmake_target': None, 'cmake_target_skip_unavailable': False, 'install_base': '/home/xingmaker/landing/Fast-Perching/install/planning', 'merge_install': False, 'path': '/home/xingmaker/landing/Fast-Perching/src/planning', 'symlink_install': False, 'test_result_base': None}
[0.193s] INFO:colcon.colcon_core.executor:Executing jobs using 'parallel' executor
[0.194s] DEBUG:colcon.colcon_parallel_executor.executor.parallel:run_until_complete
[0.194s] INFO:colcon.colcon_ros.task.ament_cmake.build:Building ROS package in '/home/xingmaker/landing/Fast-Perching/src/vis_utils' with build type 'ament_cmake'
[0.194s] INFO:colcon.colcon_cmake.task.cmake.build:Building CMake package in '/home/xingmaker/landing/Fast-Perching/src/vis_utils'
[0.195s] INFO:colcon.colcon_core.plugin_system:Skipping extension 'colcon_core.shell.bat': Not used on non-Windows systems
[0.195s] INFO:colcon.colcon_core.shell:Skip shell extension 'powershell' for command environment: Not usable outside of PowerShell
[0.195s] DEBUG:colcon.colcon_core.shell:Skip shell extension 'dsv' for command environment
[0.197s] INFO:colcon.colcon_ros.task.ament_cmake.build:Building ROS package in '/home/xingmaker/landing/Fast-Perching/src/odom_vis/odom_visualization' with build type 'ament_cmake'
[0.197s] INFO:colcon.colcon_cmake.task.cmake.build:Building CMake package in '/home/xingmaker/landing/Fast-Perching/src/odom_vis/odom_visualization'
[0.197s] INFO:colcon.colcon_core.shell:Skip shell extension 'powershell' for command environment: Not usable outside of PowerShell
[0.197s] DEBUG:colcon.colcon_core.shell:Skip shell extension 'dsv' for command environment
[0.199s] INFO:colcon.colcon_ros.task.ament_cmake.build:Building ROS package in '/home/xingmaker/landing/Fast-Perching/src/odom_vis/pose_utils' with build type 'ament_cmake'
[0.199s] INFO:colcon.colcon_cmake.task.cmake.build:Building CMake package in '/home/xingmaker/landing/Fast-Perching/src/odom_vis/pose_utils'
[0.199s] INFO:colcon.colcon_core.shell:Skip shell extension 'powershell' for command environment: Not usable outside of PowerShell
[0.199s] DEBUG:colcon.colcon_core.shell:Skip shell extension 'dsv' for command environment
[0.203s] DEBUG:colcon.colcon_core.event_handler.log_command:Invoking command in '/home/xingmaker/landing/Fast-Perching/build/vis_utils': CMAKE_PREFIX_PATH=${CMAKE_PREFIX_PATH}:/opt/ros/humble /usr/bin/cmake --build /home/xingmaker/landing/Fast-Perching/build/vis_utils -- -j20 -l20
[0.205s] DEBUG:colcon.colcon_core.event_handler.log_command:Invoking command in '/home/xingmaker/landing/Fast-Perching/build/odom_visualization': CMAKE_PREFIX_PATH=${CMAKE_PREFIX_PATH}:/opt/ros/humble /usr/bin/cmake --build /home/xingmaker/landing/Fast-Perching/build/odom_visualization -- -j20 -l20
[0.206s] DEBUG:colcon.colcon_core.event_handler.log_command:Invoking command in '/home/xingmaker/landing/Fast-Perching/build/pose_utils': CMAKE_PREFIX_PATH=${CMAKE_PREFIX_PATH}:/opt/ros/humble /usr/bin/cmake --build /home/xingmaker/landing/Fast-Perching/build/pose_utils -- -j20 -l20
[0.228s] DEBUG:colcon.colcon_core.event_handler.log_command:Invoked command in '/home/xingmaker/landing/Fast-Perching/build/vis_utils' returned '0': CMAKE_PREFIX_PATH=${CMAKE_PREFIX_PATH}:/opt/ros/humble /usr/bin/cmake --build /home/xingmaker/landing/Fast-Perching/build/vis_utils -- -j20 -l20
[0.235s] DEBUG:colcon.colcon_core.event_handler.log_command:Invoking command in '/home/xingmaker/landing/Fast-Perching/build/vis_utils': CMAKE_PREFIX_PATH=${CMAKE_PREFIX_PATH}:/opt/ros/humble /usr/bin/cmake --install /home/xingmaker/landing/Fast-Perching/build/vis_utils
[0.242s] Level 1:colcon.colcon_core.environment:create_environment_scripts_only(vis_utils)
[0.242s] DEBUG:colcon.colcon_core.event_handler.log_command:Invoked command in '/home/xingmaker/landing/Fast-Perching/build/vis_utils' returned '0': CMAKE_PREFIX_PATH=${CMAKE_PREFIX_PATH}:/opt/ros/humble /usr/bin/cmake --install /home/xingmaker/landing/Fast-Perching/build/vis_utils
[0.245s] Level 1:colcon.colcon_core.environment:checking '/home/xingmaker/landing/Fast-Perching/install/vis_utils' for CMake module files
[0.245s] Level 1:colcon.colcon_core.environment:checking '/home/xingmaker/landing/Fast-Perching/install/vis_utils' for CMake config files
[0.245s] Level 1:colcon.colcon_core.shell:create_environment_hook('vis_utils', 'cmake_prefix_path')
[0.245s] INFO:colcon.colcon_core.shell:Creating environment hook '/home/xingmaker/landing/Fast-Perching/install/vis_utils/share/vis_utils/hook/cmake_prefix_path.ps1'
[0.245s] INFO:colcon.colcon_core.shell:Creating environment descriptor '/home/xingmaker/landing/Fast-Perching/install/vis_utils/share/vis_utils/hook/cmake_prefix_path.dsv'
[0.246s] INFO:colcon.colcon_core.shell:Creating environment hook '/home/xingmaker/landing/Fast-Perching/install/vis_utils/share/vis_utils/hook/cmake_prefix_path.sh'
[0.246s] Level 1:colcon.colcon_core.environment:checking '/home/xingmaker/landing/Fast-Perching/install/vis_utils/bin'
[0.246s] Level 1:colcon.colcon_core.environment:checking '/home/xingmaker/landing/Fast-Perching/install/vis_utils/lib/pkgconfig/vis_utils.pc'
[0.246s] Level 1:colcon.colcon_core.environment:checking '/home/xingmaker/landing/Fast-Perching/install/vis_utils/lib/python3.10/site-packages'
[0.247s] Level 1:colcon.colcon_core.environment:checking '/home/xingmaker/landing/Fast-Perching/install/vis_utils/bin'
[0.247s] INFO:colcon.colcon_core.shell:Creating package script '/home/xingmaker/landing/Fast-Perching/install/vis_utils/share/vis_utils/package.ps1'
[0.247s] INFO:colcon.colcon_core.shell:Creating package descriptor '/home/xingmaker/landing/Fast-Perching/install/vis_utils/share/vis_utils/package.dsv'
[0.247s] INFO:colcon.colcon_core.shell:Creating package script '/home/xingmaker/landing/Fast-Perching/install/vis_utils/share/vis_utils/package.sh'
[0.248s] INFO:colcon.colcon_core.shell:Creating package script '/home/xingmaker/landing/Fast-Perching/install/vis_utils/share/vis_utils/package.bash'
[0.248s] INFO:colcon.colcon_core.shell:Creating package script '/home/xingmaker/landing/Fast-Perching/install/vis_utils/share/vis_utils/package.zsh'
[0.248s] Level 1:colcon.colcon_core.environment:create_file_with_runtime_dependencies(/home/xingmaker/landing/Fast-Perching/install/vis_utils/share/colcon-core/packages/vis_utils)
[0.249s] Level 1:colcon.colcon_core.environment:create_environment_scripts_only(vis_utils)
[0.249s] Level 1:colcon.colcon_core.environment:checking '/home/xingmaker/landing/Fast-Perching/install/vis_utils' for CMake module files
[0.249s] Level 1:colcon.colcon_core.environment:checking '/home/xingmaker/landing/Fast-Perching/install/vis_utils' for CMake config files
[0.249s] Level 1:colcon.colcon_core.shell:create_environment_hook('vis_utils', 'cmake_prefix_path')
[0.249s] INFO:colcon.colcon_core.shell:Creating environment hook '/home/xingmaker/landing/Fast-Perching/install/vis_utils/share/vis_utils/hook/cmake_prefix_path.ps1'
[0.250s] INFO:colcon.colcon_core.shell:Creating environment descriptor '/home/xingmaker/landing/Fast-Perching/install/vis_utils/share/vis_utils/hook/cmake_prefix_path.dsv'
[0.250s] INFO:colcon.colcon_core.shell:Creating environment hook '/home/xingmaker/landing/Fast-Perching/install/vis_utils/share/vis_utils/hook/cmake_prefix_path.sh'
[0.250s] Level 1:colcon.colcon_core.environment:checking '/home/xingmaker/landing/Fast-Perching/install/vis_utils/bin'
[0.250s] Level 1:colcon.colcon_core.environment:checking '/home/xingmaker/landing/Fast-Perching/install/vis_utils/lib/pkgconfig/vis_utils.pc'
[0.250s] Level 1:colcon.colcon_core.environment:checking '/home/xingmaker/landing/Fast-Perching/install/vis_utils/lib/python3.10/site-packages'
[0.251s] Level 1:colcon.colcon_core.environment:checking '/home/xingmaker/landing/Fast-Perching/install/vis_utils/bin'
[0.251s] INFO:colcon.colcon_core.shell:Creating package script '/home/xingmaker/landing/Fast-Perching/install/vis_utils/share/vis_utils/package.ps1'
[0.251s] INFO:colcon.colcon_core.shell:Creating package descriptor '/home/xingmaker/landing/Fast-Perching/install/vis_utils/share/vis_utils/package.dsv'
[0.252s] INFO:colcon.colcon_core.shell:Creating package script '/home/xingmaker/landing/Fast-Perching/install/vis_utils/share/vis_utils/package.sh'
[0.252s] INFO:colcon.colcon_core.shell:Creating package script '/home/xingmaker/landing/Fast-Perching/install/vis_utils/share/vis_utils/package.bash'
[0.252s] INFO:colcon.colcon_core.shell:Creating package script '/home/xingmaker/landing/Fast-Perching/install/vis_utils/share/vis_utils/package.zsh'
[0.252s] Level 1:colcon.colcon_core.environment:create_file_with_runtime_dependencies(/home/xingmaker/landing/Fast-Perching/install/vis_utils/share/colcon-core/packages/vis_utils)
[0.253s] INFO:colcon.colcon_ros.task.ament_cmake.build:Building ROS package in '/home/xingmaker/landing/Fast-Perching/src/traj_opt' with build type 'ament_cmake'
[0.253s] INFO:colcon.colcon_cmake.task.cmake.build:Building CMake package in '/home/xingmaker/landing/Fast-Perching/src/traj_opt'
[0.253s] INFO:colcon.colcon_core.shell:Skip shell extension 'powershell' for command environment: Not usable outside of PowerShell
[0.253s] DEBUG:colcon.colcon_core.shell:Skip shell extension 'dsv' for command environment
[0.258s] DEBUG:colcon.colcon_core.event_handler.log_command:Invoked command in '/home/xingmaker/landing/Fast-Perching/build/odom_visualization' returned '0': CMAKE_PREFIX_PATH=${CMAKE_PREFIX_PATH}:/opt/ros/humble /usr/bin/cmake --build /home/xingmaker/landing/Fast-Perching/build/odom_visualization -- -j20 -l20
[0.259s] DEBUG:colcon.colcon_core.event_handler.log_command:Invoking command in '/home/xingmaker/landing/Fast-Perching/build/odom_visualization': CMAKE_PREFIX_PATH=${CMAKE_PREFIX_PATH}:/opt/ros/humble /usr/bin/cmake --install /home/xingmaker/landing/Fast-Perching/build/odom_visualization
[0.260s] DEBUG:colcon.colcon_core.event_handler.log_command:Invoked command in '/home/xingmaker/landing/Fast-Perching/build/pose_utils' returned '0': CMAKE_PREFIX_PATH=${CMAKE_PREFIX_PATH}:/opt/ros/humble /usr/bin/cmake --build /home/xingmaker/landing/Fast-Perching/build/pose_utils -- -j20 -l20
[0.261s] DEBUG:colcon.colcon_core.event_handler.log_command:Invoking command in '/home/xingmaker/landing/Fast-Perching/build/pose_utils': CMAKE_PREFIX_PATH=${CMAKE_PREFIX_PATH}:/opt/ros/humble /usr/bin/cmake --install /home/xingmaker/landing/Fast-Perching/build/pose_utils
[0.265s] DEBUG:colcon.colcon_core.event_handler.log_command:Invoking command in '/home/xingmaker/landing/Fast-Perching/build/traj_opt': CMAKE_PREFIX_PATH=/home/xingmaker/landing/Fast-Perching/install/vis_utils:/home/xingmaker/landing/Fast-Perching/install/planning:/home/xingmaker/landing/Fast-Perching/install/traj_opt:/home/xingmaker/landing/Fast-Perching/install/pose_utils:/home/xingmaker/landing/Fast-Perching/install/odom_visualization:/home/xingmaker/vrx_ws/install:/opt/ros/humble /usr/bin/cmake --build /home/xingmaker/landing/Fast-Perching/build/traj_opt -- -j20 -l20
[0.268s] Level 1:colcon.colcon_core.environment:create_environment_scripts_only(odom_visualization)
[0.269s] Level 1:colcon.colcon_core.environment:checking '/home/xingmaker/landing/Fast-Perching/install/odom_visualization' for CMake module files
[0.269s] DEBUG:colcon.colcon_core.event_handler.log_command:Invoked command in '/home/xingmaker/landing/Fast-Perching/build/odom_visualization' returned '0': CMAKE_PREFIX_PATH=${CMAKE_PREFIX_PATH}:/opt/ros/humble /usr/bin/cmake --install /home/xingmaker/landing/Fast-Perching/build/odom_visualization
[0.269s] Level 1:colcon.colcon_core.environment:checking '/home/xingmaker/landing/Fast-Perching/install/odom_visualization' for CMake config files
[0.269s] Level 1:colcon.colcon_core.shell:create_environment_hook('odom_visualization', 'cmake_prefix_path')
[0.269s] INFO:colcon.colcon_core.shell:Creating environment hook '/home/xingmaker/landing/Fast-Perching/install/odom_visualization/share/odom_visualization/hook/cmake_prefix_path.ps1'
[0.270s] INFO:colcon.colcon_core.shell:Creating environment descriptor '/home/xingmaker/landing/Fast-Perching/install/odom_visualization/share/odom_visualization/hook/cmake_prefix_path.dsv'
[0.270s] INFO:colcon.colcon_core.shell:Creating environment hook '/home/xingmaker/landing/Fast-Perching/install/odom_visualization/share/odom_visualization/hook/cmake_prefix_path.sh'
[0.270s] Level 1:colcon.colcon_core.environment:checking '/home/xingmaker/landing/Fast-Perching/install/odom_visualization/lib'
[0.270s] Level 1:colcon.colcon_core.environment:checking '/home/xingmaker/landing/Fast-Perching/install/odom_visualization/bin'
[0.270s] Level 1:colcon.colcon_core.environment:checking '/home/xingmaker/landing/Fast-Perching/install/odom_visualization/lib/pkgconfig/odom_visualization.pc'
[0.271s] Level 1:colcon.colcon_core.environment:checking '/home/xingmaker/landing/Fast-Perching/install/odom_visualization/lib/python3.10/site-packages'
[0.271s] Level 1:colcon.colcon_core.environment:checking '/home/xingmaker/landing/Fast-Perching/install/odom_visualization/bin'
[0.271s] INFO:colcon.colcon_core.shell:Creating package script '/home/xingmaker/landing/Fast-Perching/install/odom_visualization/share/odom_visualization/package.ps1'
[0.271s] INFO:colcon.colcon_core.shell:Creating package descriptor '/home/xingmaker/landing/Fast-Perching/install/odom_visualization/share/odom_visualization/package.dsv'
[0.271s] INFO:colcon.colcon_core.shell:Creating package script '/home/xingmaker/landing/Fast-Perching/install/odom_visualization/share/odom_visualization/package.sh'
[0.272s] INFO:colcon.colcon_core.shell:Creating package script '/home/xingmaker/landing/Fast-Perching/install/odom_visualization/share/odom_visualization/package.bash'
[0.272s] INFO:colcon.colcon_core.shell:Creating package script '/home/xingmaker/landing/Fast-Perching/install/odom_visualization/share/odom_visualization/package.zsh'
[0.272s] Level 1:colcon.colcon_core.environment:create_file_with_runtime_dependencies(/home/xingmaker/landing/Fast-Perching/install/odom_visualization/share/colcon-core/packages/odom_visualization)
[0.272s] Level 1:colcon.colcon_core.environment:create_environment_scripts_only(odom_visualization)
[0.272s] Level 1:colcon.colcon_core.environment:checking '/home/xingmaker/landing/Fast-Perching/install/odom_visualization' for CMake module files
[0.273s] Level 1:colcon.colcon_core.environment:checking '/home/xingmaker/landing/Fast-Perching/install/odom_visualization' for CMake config files
[0.273s] Level 1:colcon.colcon_core.shell:create_environment_hook('odom_visualization', 'cmake_prefix_path')
[0.273s] INFO:colcon.colcon_core.shell:Creating environment hook '/home/xingmaker/landing/Fast-Perching/install/odom_visualization/share/odom_visualization/hook/cmake_prefix_path.ps1'
[0.273s] INFO:colcon.colcon_core.shell:Creating environment descriptor '/home/xingmaker/landing/Fast-Perching/install/odom_visualization/share/odom_visualization/hook/cmake_prefix_path.dsv'
[0.273s] INFO:colcon.colcon_core.shell:Creating environment hook '/home/xingmaker/landing/Fast-Perching/install/odom_visualization/share/odom_visualization/hook/cmake_prefix_path.sh'
[0.274s] Level 1:colcon.colcon_core.environment:checking '/home/xingmaker/landing/Fast-Perching/install/odom_visualization/lib'
[0.274s] Level 1:colcon.colcon_core.environment:checking '/home/xingmaker/landing/Fast-Perching/install/odom_visualization/bin'
[0.274s] Level 1:colcon.colcon_core.environment:checking '/home/xingmaker/landing/Fast-Perching/install/odom_visualization/lib/pkgconfig/odom_visualization.pc'
[0.274s] Level 1:colcon.colcon_core.environment:checking '/home/xingmaker/landing/Fast-Perching/install/odom_visualization/lib/python3.10/site-packages'
[0.274s] Level 1:colcon.colcon_core.environment:checking '/home/xingmaker/landing/Fast-Perching/install/odom_visualization/bin'
[0.274s] INFO:colcon.colcon_core.shell:Creating package script '/home/xingmaker/landing/Fast-Perching/install/odom_visualization/share/odom_visualization/package.ps1'
[0.274s] INFO:colcon.colcon_core.shell:Creating package descriptor '/home/xingmaker/landing/Fast-Perching/install/odom_visualization/share/odom_visualization/package.dsv'
[0.275s] INFO:colcon.colcon_core.shell:Creating package script '/home/xingmaker/landing/Fast-Perching/install/odom_visualization/share/odom_visualization/package.sh'
[0.275s] INFO:colcon.colcon_core.shell:Creating package script '/home/xingmaker/landing/Fast-Perching/install/odom_visualization/share/odom_visualization/package.bash'
[0.275s] INFO:colcon.colcon_core.shell:Creating package script '/home/xingmaker/landing/Fast-Perching/install/odom_visualization/share/odom_visualization/package.zsh'
[0.275s] Level 1:colcon.colcon_core.environment:create_file_with_runtime_dependencies(/home/xingmaker/landing/Fast-Perching/install/odom_visualization/share/colcon-core/packages/odom_visualization)
[0.276s] Level 1:colcon.colcon_core.environment:create_environment_scripts_only(pose_utils)
[0.276s] Level 1:colcon.colcon_core.environment:checking '/home/xingmaker/landing/Fast-Perching/install/pose_utils' for CMake module files
[0.276s] DEBUG:colcon.colcon_core.event_handler.log_command:Invoked command in '/home/xingmaker/landing/Fast-Perching/build/pose_utils' returned '0': CMAKE_PREFIX_PATH=${CMAKE_PREFIX_PATH}:/opt/ros/humble /usr/bin/cmake --install /home/xingmaker/landing/Fast-Perching/build/pose_utils
[0.276s] Level 1:colcon.colcon_core.environment:checking '/home/xingmaker/landing/Fast-Perching/install/pose_utils' for CMake config files
[0.276s] Level 1:colcon.colcon_core.shell:create_environment_hook('pose_utils', 'cmake_prefix_path')
[0.276s] INFO:colcon.colcon_core.shell:Creating environment hook '/home/xingmaker/landing/Fast-Perching/install/pose_utils/share/pose_utils/hook/cmake_prefix_path.ps1'
[0.276s] INFO:colcon.colcon_core.shell:Creating environment descriptor '/home/xingmaker/landing/Fast-Perching/install/pose_utils/share/pose_utils/hook/cmake_prefix_path.dsv'
[0.277s] INFO:colcon.colcon_core.shell:Creating environment hook '/home/xingmaker/landing/Fast-Perching/install/pose_utils/share/pose_utils/hook/cmake_prefix_path.sh'
[0.277s] Level 1:colcon.colcon_core.environment:checking '/home/xingmaker/landing/Fast-Perching/install/pose_utils/lib'
[0.277s] Level 1:colcon.colcon_core.shell:create_environment_hook('pose_utils', 'ld_library_path_lib')
[0.277s] INFO:colcon.colcon_core.shell:Creating environment hook '/home/xingmaker/landing/Fast-Perching/install/pose_utils/share/pose_utils/hook/ld_library_path_lib.ps1'
[0.277s] INFO:colcon.colcon_core.shell:Creating environment descriptor '/home/xingmaker/landing/Fast-Perching/install/pose_utils/share/pose_utils/hook/ld_library_path_lib.dsv'
[0.277s] INFO:colcon.colcon_core.shell:Creating environment hook '/home/xingmaker/landing/Fast-Perching/install/pose_utils/share/pose_utils/hook/ld_library_path_lib.sh'
[0.277s] Level 1:colcon.colcon_core.environment:checking '/home/xingmaker/landing/Fast-Perching/install/pose_utils/bin'
[0.277s] Level 1:colcon.colcon_core.environment:checking '/home/xingmaker/landing/Fast-Perching/install/pose_utils/lib/pkgconfig/pose_utils.pc'
[0.278s] Level 1:colcon.colcon_core.environment:checking '/home/xingmaker/landing/Fast-Perching/install/pose_utils/lib/python3.10/site-packages'
[0.278s] Level 1:colcon.colcon_core.environment:checking '/home/xingmaker/landing/Fast-Perching/install/pose_utils/bin'
[0.278s] INFO:colcon.colcon_core.shell:Creating package script '/home/xingmaker/landing/Fast-Perching/install/pose_utils/share/pose_utils/package.ps1'
[0.278s] INFO:colcon.colcon_core.shell:Creating package descriptor '/home/xingmaker/landing/Fast-Perching/install/pose_utils/share/pose_utils/package.dsv'
[0.278s] INFO:colcon.colcon_core.shell:Creating package script '/home/xingmaker/landing/Fast-Perching/install/pose_utils/share/pose_utils/package.sh'
[0.279s] INFO:colcon.colcon_core.shell:Creating package script '/home/xingmaker/landing/Fast-Perching/install/pose_utils/share/pose_utils/package.bash'
[0.279s] INFO:colcon.colcon_core.shell:Creating package script '/home/xingmaker/landing/Fast-Perching/install/pose_utils/share/pose_utils/package.zsh'
[0.279s] Level 1:colcon.colcon_core.environment:create_file_with_runtime_dependencies(/home/xingmaker/landing/Fast-Perching/install/pose_utils/share/colcon-core/packages/pose_utils)
[0.279s] Level 1:colcon.colcon_core.environment:create_environment_scripts_only(pose_utils)
[0.279s] Level 1:colcon.colcon_core.environment:checking '/home/xingmaker/landing/Fast-Perching/install/pose_utils' for CMake module files
[0.279s] Level 1:colcon.colcon_core.environment:checking '/home/xingmaker/landing/Fast-Perching/install/pose_utils' for CMake config files
[0.279s] Level 1:colcon.colcon_core.shell:create_environment_hook('pose_utils', 'cmake_prefix_path')
[0.279s] INFO:colcon.colcon_core.shell:Creating environment hook '/home/xingmaker/landing/Fast-Perching/install/pose_utils/share/pose_utils/hook/cmake_prefix_path.ps1'
[0.280s] INFO:colcon.colcon_core.shell:Creating environment descriptor '/home/xingmaker/landing/Fast-Perching/install/pose_utils/share/pose_utils/hook/cmake_prefix_path.dsv'
[0.280s] INFO:colcon.colcon_core.shell:Creating environment hook '/home/xingmaker/landing/Fast-Perching/install/pose_utils/share/pose_utils/hook/cmake_prefix_path.sh'
[0.280s] Level 1:colcon.colcon_core.environment:checking '/home/xingmaker/landing/Fast-Perching/install/pose_utils/lib'
[0.280s] Level 1:colcon.colcon_core.shell:create_environment_hook('pose_utils', 'ld_library_path_lib')
[0.280s] INFO:colcon.colcon_core.shell:Creating environment hook '/home/xingmaker/landing/Fast-Perching/install/pose_utils/share/pose_utils/hook/ld_library_path_lib.ps1'
[0.280s] INFO:colcon.colcon_core.shell:Creating environment descriptor '/home/xingmaker/landing/Fast-Perching/install/pose_utils/share/pose_utils/hook/ld_library_path_lib.dsv'
[0.280s] INFO:colcon.colcon_core.shell:Creating environment hook '/home/xingmaker/landing/Fast-Perching/install/pose_utils/share/pose_utils/hook/ld_library_path_lib.sh'
[0.281s] Level 1:colcon.colcon_core.environment:checking '/home/xingmaker/landing/Fast-Perching/install/pose_utils/bin'
[0.281s] Level 1:colcon.colcon_core.environment:checking '/home/xingmaker/landing/Fast-Perching/install/pose_utils/lib/pkgconfig/pose_utils.pc'
[0.281s] Level 1:colcon.colcon_core.environment:checking '/home/xingmaker/landing/Fast-Perching/install/pose_utils/lib/python3.10/site-packages'
[0.281s] Level 1:colcon.colcon_core.environment:checking '/home/xingmaker/landing/Fast-Perching/install/pose_utils/bin'
[0.281s] INFO:colcon.colcon_core.shell:Creating package script '/home/xingmaker/landing/Fast-Perching/install/pose_utils/share/pose_utils/package.ps1'
[0.281s] INFO:colcon.colcon_core.shell:Creating package descriptor '/home/xingmaker/landing/Fast-Perching/install/pose_utils/share/pose_utils/package.dsv'
[0.281s] INFO:colcon.colcon_core.shell:Creating package script '/home/xingmaker/landing/Fast-Perching/install/pose_utils/share/pose_utils/package.sh'
[0.282s] INFO:colcon.colcon_core.shell:Creating package script '/home/xingmaker/landing/Fast-Perching/install/pose_utils/share/pose_utils/package.bash'
[0.282s] INFO:colcon.colcon_core.shell:Creating package script '/home/xingmaker/landing/Fast-Perching/install/pose_utils/share/pose_utils/package.zsh'
[0.282s] Level 1:colcon.colcon_core.environment:create_file_with_runtime_dependencies(/home/xingmaker/landing/Fast-Perching/install/pose_utils/share/colcon-core/packages/pose_utils)
[0.333s] DEBUG:colcon.colcon_core.event_handler.log_command:Invoked command in '/home/xingmaker/landing/Fast-Perching/build/traj_opt' returned '0': CMAKE_PREFIX_PATH=/home/xingmaker/landing/Fast-Perching/install/vis_utils:/home/xingmaker/landing/Fast-Perching/install/planning:/home/xingmaker/landing/Fast-Perching/install/traj_opt:/home/xingmaker/landing/Fast-Perching/install/pose_utils:/home/xingmaker/landing/Fast-Perching/install/odom_visualization:/home/xingmaker/vrx_ws/install:/opt/ros/humble /usr/bin/cmake --build /home/xingmaker/landing/Fast-Perching/build/traj_opt -- -j20 -l20
[0.336s] DEBUG:colcon.colcon_core.event_handler.log_command:Invoking command in '/home/xingmaker/landing/Fast-Perching/build/traj_opt': CMAKE_PREFIX_PATH=/home/xingmaker/landing/Fast-Perching/install/vis_utils:/home/xingmaker/landing/Fast-Perching/install/planning:/home/xingmaker/landing/Fast-Perching/install/traj_opt:/home/xingmaker/landing/Fast-Perching/install/pose_utils:/home/xingmaker/landing/Fast-Perching/install/odom_visualization:/home/xingmaker/vrx_ws/install:/opt/ros/humble /usr/bin/cmake --install /home/xingmaker/landing/Fast-Perching/build/traj_opt
[0.358s] Level 1:colcon.colcon_core.environment:create_environment_scripts_only(traj_opt)
[0.359s] DEBUG:colcon.colcon_core.event_handler.log_command:Invoked command in '/home/xingmaker/landing/Fast-Perching/build/traj_opt' returned '0': CMAKE_PREFIX_PATH=/home/xingmaker/landing/Fast-Perching/install/vis_utils:/home/xingmaker/landing/Fast-Perching/install/planning:/home/xingmaker/landing/Fast-Perching/install/traj_opt:/home/xingmaker/landing/Fast-Perching/install/pose_utils:/home/xingmaker/landing/Fast-Perching/install/odom_visualization:/home/xingmaker/vrx_ws/install:/opt/ros/humble /usr/bin/cmake --install /home/xingmaker/landing/Fast-Perching/build/traj_opt
[0.360s] Level 1:colcon.colcon_core.environment:checking '/home/xingmaker/landing/Fast-Perching/install/traj_opt' for CMake module files
[0.360s] Level 1:colcon.colcon_core.environment:checking '/home/xingmaker/landing/Fast-Perching/install/traj_opt' for CMake config files
[0.361s] Level 1:colcon.colcon_core.shell:create_environment_hook('traj_opt', 'cmake_prefix_path')
[0.361s] INFO:colcon.colcon_core.shell:Creating environment hook '/home/xingmaker/landing/Fast-Perching/install/traj_opt/share/traj_opt/hook/cmake_prefix_path.ps1'
[0.362s] INFO:colcon.colcon_core.shell:Creating environment descriptor '/home/xingmaker/landing/Fast-Perching/install/traj_opt/share/traj_opt/hook/cmake_prefix_path.dsv'
[0.362s] INFO:colcon.colcon_core.shell:Creating environment hook '/home/xingmaker/landing/Fast-Perching/install/traj_opt/share/traj_opt/hook/cmake_prefix_path.sh'
[0.363s] Level 1:colcon.colcon_core.environment:checking '/home/xingmaker/landing/Fast-Perching/install/traj_opt/lib'
[0.363s] Level 1:colcon.colcon_core.shell:create_environment_hook('traj_opt', 'ld_library_path_lib')
[0.363s] INFO:colcon.colcon_core.shell:Creating environment hook '/home/xingmaker/landing/Fast-Perching/install/traj_opt/share/traj_opt/hook/ld_library_path_lib.ps1'
[0.363s] INFO:colcon.colcon_core.shell:Creating environment descriptor '/home/xingmaker/landing/Fast-Perching/install/traj_opt/share/traj_opt/hook/ld_library_path_lib.dsv'
[0.364s] INFO:colcon.colcon_core.shell:Creating environment hook '/home/xingmaker/landing/Fast-Perching/install/traj_opt/share/traj_opt/hook/ld_library_path_lib.sh'
[0.364s] Level 1:colcon.colcon_core.environment:checking '/home/xingmaker/landing/Fast-Perching/install/traj_opt/bin'
[0.364s] Level 1:colcon.colcon_core.environment:checking '/home/xingmaker/landing/Fast-Perching/install/traj_opt/lib/pkgconfig/traj_opt.pc'
[0.364s] Level 1:colcon.colcon_core.environment:checking '/home/xingmaker/landing/Fast-Perching/install/traj_opt/lib/python3.10/site-packages'
[0.365s] Level 1:colcon.colcon_core.environment:checking '/home/xingmaker/landing/Fast-Perching/install/traj_opt/bin'
[0.365s] INFO:colcon.colcon_core.shell:Creating package script '/home/xingmaker/landing/Fast-Perching/install/traj_opt/share/traj_opt/package.ps1'
[0.365s] INFO:colcon.colcon_core.shell:Creating package descriptor '/home/xingmaker/landing/Fast-Perching/install/traj_opt/share/traj_opt/package.dsv'
[0.366s] INFO:colcon.colcon_core.shell:Creating package script '/home/xingmaker/landing/Fast-Perching/install/traj_opt/share/traj_opt/package.sh'
[0.366s] INFO:colcon.colcon_core.shell:Creating package script '/home/xingmaker/landing/Fast-Perching/install/traj_opt/share/traj_opt/package.bash'
[0.366s] INFO:colcon.colcon_core.shell:Creating package script '/home/xingmaker/landing/Fast-Perching/install/traj_opt/share/traj_opt/package.zsh'
[0.367s] Level 1:colcon.colcon_core.environment:create_file_with_runtime_dependencies(/home/xingmaker/landing/Fast-Perching/install/traj_opt/share/colcon-core/packages/traj_opt)
[0.367s] Level 1:colcon.colcon_core.environment:create_environment_scripts_only(traj_opt)
[0.367s] Level 1:colcon.colcon_core.environment:checking '/home/xingmaker/landing/Fast-Perching/install/traj_opt' for CMake module files
[0.367s] Level 1:colcon.colcon_core.environment:checking '/home/xingmaker/landing/Fast-Perching/install/traj_opt' for CMake config files
[0.368s] Level 1:colcon.colcon_core.shell:create_environment_hook('traj_opt', 'cmake_prefix_path')
[0.368s] INFO:colcon.colcon_core.shell:Creating environment hook '/home/xingmaker/landing/Fast-Perching/install/traj_opt/share/traj_opt/hook/cmake_prefix_path.ps1'
[0.368s] INFO:colcon.colcon_core.shell:Creating environment descriptor '/home/xingmaker/landing/Fast-Perching/install/traj_opt/share/traj_opt/hook/cmake_prefix_path.dsv'
[0.368s] INFO:colcon.colcon_core.shell:Creating environment hook '/home/xingmaker/landing/Fast-Perching/install/traj_opt/share/traj_opt/hook/cmake_prefix_path.sh'
[0.369s] Level 1:colcon.colcon_core.environment:checking '/home/xingmaker/landing/Fast-Perching/install/traj_opt/lib'
[0.369s] Level 1:colcon.colcon_core.shell:create_environment_hook('traj_opt', 'ld_library_path_lib')
[0.369s] INFO:colcon.colcon_core.shell:Creating environment hook '/home/xingmaker/landing/Fast-Perching/install/traj_opt/share/traj_opt/hook/ld_library_path_lib.ps1'
[0.369s] INFO:colcon.colcon_core.shell:Creating environment descriptor '/home/xingmaker/landing/Fast-Perching/install/traj_opt/share/traj_opt/hook/ld_library_path_lib.dsv'
[0.369s] INFO:colcon.colcon_core.shell:Creating environment hook '/home/xingmaker/landing/Fast-Perching/install/traj_opt/share/traj_opt/hook/ld_library_path_lib.sh'
[0.369s] Level 1:colcon.colcon_core.environment:checking '/home/xingmaker/landing/Fast-Perching/install/traj_opt/bin'
[0.369s] Level 1:colcon.colcon_core.environment:checking '/home/xingmaker/landing/Fast-Perching/install/traj_opt/lib/pkgconfig/traj_opt.pc'
[0.369s] Level 1:colcon.colcon_core.environment:checking '/home/xingmaker/landing/Fast-Perching/install/traj_opt/lib/python3.10/site-packages'
[0.370s] Level 1:colcon.colcon_core.environment:checking '/home/xingmaker/landing/Fast-Perching/install/traj_opt/bin'
[0.370s] INFO:colcon.colcon_core.shell:Creating package script '/home/xingmaker/landing/Fast-Perching/install/traj_opt/share/traj_opt/package.ps1'
[0.370s] INFO:colcon.colcon_core.shell:Creating package descriptor '/home/xingmaker/landing/Fast-Perching/install/traj_opt/share/traj_opt/package.dsv'
[0.370s] INFO:colcon.colcon_core.shell:Creating package script '/home/xingmaker/landing/Fast-Perching/install/traj_opt/share/traj_opt/package.sh'
[0.370s] INFO:colcon.colcon_core.shell:Creating package script '/home/xingmaker/landing/Fast-Perching/install/traj_opt/share/traj_opt/package.bash'
[0.371s] INFO:colcon.colcon_core.shell:Creating package script '/home/xingmaker/landing/Fast-Perching/install/traj_opt/share/traj_opt/package.zsh'
[0.371s] Level 1:colcon.colcon_core.environment:create_file_with_runtime_dependencies(/home/xingmaker/landing/Fast-Perching/install/traj_opt/share/colcon-core/packages/traj_opt)
[0.371s] INFO:colcon.colcon_ros.task.ament_cmake.build:Building ROS package in '/home/xingmaker/landing/Fast-Perching/src/planning' with build type 'ament_cmake'
[0.371s] INFO:colcon.colcon_cmake.task.cmake.build:Building CMake package in '/home/xingmaker/landing/Fast-Perching/src/planning'
[0.371s] INFO:colcon.colcon_core.shell:Skip shell extension 'powershell' for command environment: Not usable outside of PowerShell
[0.371s] DEBUG:colcon.colcon_core.shell:Skip shell extension 'dsv' for command environment
[0.378s] DEBUG:colcon.colcon_core.event_handler.log_command:Invoking command in '/home/xingmaker/landing/Fast-Perching/build/planning': CMAKE_PREFIX_PATH=/home/xingmaker/landing/Fast-Perching/install/traj_opt:/home/xingmaker/landing/Fast-Perching/install/vis_utils:/home/xingmaker/landing/Fast-Perching/install/planning:/home/xingmaker/landing/Fast-Perching/install/pose_utils:/home/xingmaker/landing/Fast-Perching/install/odom_visualization:/home/xingmaker/vrx_ws/install:/opt/ros/humble LD_LIBRARY_PATH=/home/xingmaker/landing/Fast-Perching/install/traj_opt/lib:/home/xingmaker/landing/Fast-Perching/install/planning/lib:/home/xingmaker/landing/Fast-Perching/install/pose_utils/lib:/home/xingmaker/vrx_ws/install/lib:/opt/ros/humble/opt/rviz_ogre_vendor/lib:/opt/ros/humble/lib/x86_64-linux-gnu:/opt/ros/humble/lib /usr/bin/cmake --build /home/xingmaker/landing/Fast-Perching/build/planning -- -j20 -l20
[0.431s] DEBUG:colcon.colcon_core.event_handler.log_command:Invoked command in '/home/xingmaker/landing/Fast-Perching/build/planning' returned '0': CMAKE_PREFIX_PATH=/home/xingmaker/landing/Fast-Perching/install/traj_opt:/home/xingmaker/landing/Fast-Perching/install/vis_utils:/home/xingmaker/landing/Fast-Perching/install/planning:/home/xingmaker/landing/Fast-Perching/install/pose_utils:/home/xingmaker/landing/Fast-Perching/install/odom_visualization:/home/xingmaker/vrx_ws/install:/opt/ros/humble LD_LIBRARY_PATH=/home/xingmaker/landing/Fast-Perching/install/traj_opt/lib:/home/xingmaker/landing/Fast-Perching/install/planning/lib:/home/xingmaker/landing/Fast-Perching/install/pose_utils/lib:/home/xingmaker/vrx_ws/install/lib:/opt/ros/humble/opt/rviz_ogre_vendor/lib:/opt/ros/humble/lib/x86_64-linux-gnu:/opt/ros/humble/lib /usr/bin/cmake --build /home/xingmaker/landing/Fast-Perching/build/planning -- -j20 -l20
[0.434s] DEBUG:colcon.colcon_core.event_handler.log_command:Invoking command in '/home/xingmaker/landing/Fast-Perching/build/planning': CMAKE_PREFIX_PATH=/home/xingmaker/landing/Fast-Perching/install/traj_opt:/home/xingmaker/landing/Fast-Perching/install/vis_utils:/home/xingmaker/landing/Fast-Perching/install/planning:/home/xingmaker/landing/Fast-Perching/install/pose_utils:/home/xingmaker/landing/Fast-Perching/install/odom_visualization:/home/xingmaker/vrx_ws/install:/opt/ros/humble LD_LIBRARY_PATH=/home/xingmaker/landing/Fast-Perching/install/traj_opt/lib:/home/xingmaker/landing/Fast-Perching/install/planning/lib:/home/xingmaker/landing/Fast-Perching/install/pose_utils/lib:/home/xingmaker/vrx_ws/install/lib:/opt/ros/humble/opt/rviz_ogre_vendor/lib:/opt/ros/humble/lib/x86_64-linux-gnu:/opt/ros/humble/lib /usr/bin/cmake --install /home/xingmaker/landing/Fast-Perching/build/planning
[0.454s] Level 1:colcon.colcon_core.environment:create_environment_scripts_only(planning)
[0.454s] DEBUG:colcon.colcon_core.event_handler.log_command:Invoked command in '/home/xingmaker/landing/Fast-Perching/build/planning' returned '0': CMAKE_PREFIX_PATH=/home/xingmaker/landing/Fast-Perching/install/traj_opt:/home/xingmaker/landing/Fast-Perching/install/vis_utils:/home/xingmaker/landing/Fast-Perching/install/planning:/home/xingmaker/landing/Fast-Perching/install/pose_utils:/home/xingmaker/landing/Fast-Perching/install/odom_visualization:/home/xingmaker/vrx_ws/install:/opt/ros/humble LD_LIBRARY_PATH=/home/xingmaker/landing/Fast-Perching/install/traj_opt/lib:/home/xingmaker/landing/Fast-Perching/install/planning/lib:/home/xingmaker/landing/Fast-Perching/install/pose_utils/lib:/home/xingmaker/vrx_ws/install/lib:/opt/ros/humble/opt/rviz_ogre_vendor/lib:/opt/ros/humble/lib/x86_64-linux-gnu:/opt/ros/humble/lib /usr/bin/cmake --install /home/xingmaker/landing/Fast-Perching/build/planning
[0.455s] Level 1:colcon.colcon_core.environment:checking '/home/xingmaker/landing/Fast-Perching/install/planning' for CMake module files
[0.456s] Level 1:colcon.colcon_core.environment:checking '/home/xingmaker/landing/Fast-Perching/install/planning' for CMake config files
[0.457s] Level 1:colcon.colcon_core.shell:create_environment_hook('planning', 'cmake_prefix_path')
[0.457s] INFO:colcon.colcon_core.shell:Creating environment hook '/home/xingmaker/landing/Fast-Perching/install/planning/share/planning/hook/cmake_prefix_path.ps1'
[0.459s] INFO:colcon.colcon_core.shell:Creating environment descriptor '/home/xingmaker/landing/Fast-Perching/install/planning/share/planning/hook/cmake_prefix_path.dsv'
[0.459s] INFO:colcon.colcon_core.shell:Creating environment hook '/home/xingmaker/landing/Fast-Perching/install/planning/share/planning/hook/cmake_prefix_path.sh'
[0.460s] Level 1:colcon.colcon_core.environment:checking '/home/xingmaker/landing/Fast-Perching/install/planning/lib'
[0.460s] Level 1:colcon.colcon_core.shell:create_environment_hook('planning', 'ld_library_path_lib')
[0.460s] INFO:colcon.colcon_core.shell:Creating environment hook '/home/xingmaker/landing/Fast-Perching/install/planning/share/planning/hook/ld_library_path_lib.ps1'
[0.461s] INFO:colcon.colcon_core.shell:Creating environment descriptor '/home/xingmaker/landing/Fast-Perching/install/planning/share/planning/hook/ld_library_path_lib.dsv'
[0.461s] INFO:colcon.colcon_core.shell:Creating environment hook '/home/xingmaker/landing/Fast-Perching/install/planning/share/planning/hook/ld_library_path_lib.sh'
[0.461s] Level 1:colcon.colcon_core.environment:checking '/home/xingmaker/landing/Fast-Perching/install/planning/bin'
[0.461s] Level 1:colcon.colcon_core.environment:checking '/home/xingmaker/landing/Fast-Perching/install/planning/lib/pkgconfig/planning.pc'
[0.462s] Level 1:colcon.colcon_core.environment:checking '/home/xingmaker/landing/Fast-Perching/install/planning/lib/python3.10/site-packages'
[0.462s] Level 1:colcon.colcon_core.environment:checking '/home/xingmaker/landing/Fast-Perching/install/planning/bin'
[0.462s] INFO:colcon.colcon_core.shell:Creating package script '/home/xingmaker/landing/Fast-Perching/install/planning/share/planning/package.ps1'
[0.463s] INFO:colcon.colcon_core.shell:Creating package descriptor '/home/xingmaker/landing/Fast-Perching/install/planning/share/planning/package.dsv'
[0.463s] INFO:colcon.colcon_core.shell:Creating package script '/home/xingmaker/landing/Fast-Perching/install/planning/share/planning/package.sh'
[0.464s] INFO:colcon.colcon_core.shell:Creating package script '/home/xingmaker/landing/Fast-Perching/install/planning/share/planning/package.bash'
[0.464s] INFO:colcon.colcon_core.shell:Creating package script '/home/xingmaker/landing/Fast-Perching/install/planning/share/planning/package.zsh'
[0.464s] Level 1:colcon.colcon_core.environment:create_file_with_runtime_dependencies(/home/xingmaker/landing/Fast-Perching/install/planning/share/colcon-core/packages/planning)
[0.465s] Level 1:colcon.colcon_core.environment:create_environment_scripts_only(planning)
[0.465s] Level 1:colcon.colcon_core.environment:checking '/home/xingmaker/landing/Fast-Perching/install/planning' for CMake module files
[0.465s] Level 1:colcon.colcon_core.environment:checking '/home/xingmaker/landing/Fast-Perching/install/planning' for CMake config files
[0.465s] Level 1:colcon.colcon_core.shell:create_environment_hook('planning', 'cmake_prefix_path')
[0.466s] INFO:colcon.colcon_core.shell:Creating environment hook '/home/xingmaker/landing/Fast-Perching/install/planning/share/planning/hook/cmake_prefix_path.ps1'
[0.466s] INFO:colcon.colcon_core.shell:Creating environment descriptor '/home/xingmaker/landing/Fast-Perching/install/planning/share/planning/hook/cmake_prefix_path.dsv'
[0.466s] INFO:colcon.colcon_core.shell:Creating environment hook '/home/xingmaker/landing/Fast-Perching/install/planning/share/planning/hook/cmake_prefix_path.sh'
[0.466s] Level 1:colcon.colcon_core.environment:checking '/home/xingmaker/landing/Fast-Perching/install/planning/lib'
[0.466s] Level 1:colcon.colcon_core.shell:create_environment_hook('planning', 'ld_library_path_lib')
[0.467s] INFO:colcon.colcon_core.shell:Creating environment hook '/home/xingmaker/landing/Fast-Perching/install/planning/share/planning/hook/ld_library_path_lib.ps1'
[0.467s] INFO:colcon.colcon_core.shell:Creating environment descriptor '/home/xingmaker/landing/Fast-Perching/install/planning/share/planning/hook/ld_library_path_lib.dsv'
[0.467s] INFO:colcon.colcon_core.shell:Creating environment hook '/home/xingmaker/landing/Fast-Perching/install/planning/share/planning/hook/ld_library_path_lib.sh'
[0.467s] Level 1:colcon.colcon_core.environment:checking '/home/xingmaker/landing/Fast-Perching/install/planning/bin'
[0.467s] Level 1:colcon.colcon_core.environment:checking '/home/xingmaker/landing/Fast-Perching/install/planning/lib/pkgconfig/planning.pc'
[0.467s] Level 1:colcon.colcon_core.environment:checking '/home/xingmaker/landing/Fast-Perching/install/planning/lib/python3.10/site-packages'
[0.468s] Level 1:colcon.colcon_core.environment:checking '/home/xingmaker/landing/Fast-Perching/install/planning/bin'
[0.468s] INFO:colcon.colcon_core.shell:Creating package script '/home/xingmaker/landing/Fast-Perching/install/planning/share/planning/package.ps1'
[0.468s] INFO:colcon.colcon_core.shell:Creating package descriptor '/home/xingmaker/landing/Fast-Perching/install/planning/share/planning/package.dsv'
[0.468s] INFO:colcon.colcon_core.shell:Creating package script '/home/xingmaker/landing/Fast-Perching/install/planning/share/planning/package.sh'
[0.469s] INFO:colcon.colcon_core.shell:Creating package script '/home/xingmaker/landing/Fast-Perching/install/planning/share/planning/package.bash'
[0.469s] INFO:colcon.colcon_core.shell:Creating package script '/home/xingmaker/landing/Fast-Perching/install/planning/share/planning/package.zsh'
[0.469s] Level 1:colcon.colcon_core.environment:create_file_with_runtime_dependencies(/home/xingmaker/landing/Fast-Perching/install/planning/share/colcon-core/packages/planning)
[0.469s] DEBUG:colcon.colcon_parallel_executor.executor.parallel:closing loop
[0.469s] DEBUG:colcon.colcon_parallel_executor.executor.parallel:loop closed
[0.469s] DEBUG:colcon.colcon_parallel_executor.executor.parallel:run_until_complete finished with '0'
[0.469s] DEBUG:colcon.colcon_core.event_reactor:joining thread
[0.472s] INFO:colcon.colcon_core.plugin_system:Skipping extension 'colcon_notification.desktop_notification.terminal_notifier': Not used on non-Darwin systems
[0.472s] INFO:colcon.colcon_core.plugin_system:Skipping extension 'colcon_notification.desktop_notification.win32': Not used on non-Windows systems
[0.472s] INFO:colcon.colcon_notification.desktop_notification:Sending desktop notification using 'notify2'
[0.483s] DEBUG:colcon.colcon_core.event_reactor:joined thread
[0.484s] INFO:colcon.colcon_core.shell:Creating prefix script '/home/xingmaker/landing/Fast-Perching/install/local_setup.ps1'
[0.485s] INFO:colcon.colcon_core.shell:Creating prefix util module '/home/xingmaker/landing/Fast-Perching/install/_local_setup_util_ps1.py'
[0.487s] INFO:colcon.colcon_core.shell:Creating prefix chain script '/home/xingmaker/landing/Fast-Perching/install/setup.ps1'
[0.488s] INFO:colcon.colcon_core.shell:Creating prefix script '/home/xingmaker/landing/Fast-Perching/install/local_setup.sh'
[0.488s] INFO:colcon.colcon_core.shell:Creating prefix util module '/home/xingmaker/landing/Fast-Perching/install/_local_setup_util_sh.py'
[0.489s] INFO:colcon.colcon_core.shell:Creating prefix chain script '/home/xingmaker/landing/Fast-Perching/install/setup.sh'
[0.490s] INFO:colcon.colcon_core.shell:Creating prefix script '/home/xingmaker/landing/Fast-Perching/install/local_setup.bash'
[0.490s] INFO:colcon.colcon_core.shell:Creating prefix chain script '/home/xingmaker/landing/Fast-Perching/install/setup.bash'
[0.491s] INFO:colcon.colcon_core.shell:Creating prefix script '/home/xingmaker/landing/Fast-Perching/install/local_setup.zsh'
[0.491s] INFO:colcon.colcon_core.shell:Creating prefix chain script '/home/xingmaker/landing/Fast-Perching/install/setup.zsh'
