[0.049s] DEBUG:colcon:Command line arguments: ['/usr/bin/colcon', 'build', '--packages-select', 'planning']
[0.049s] DEBUG:colcon:Parsed command line arguments: Namespace(log_base=None, log_level=None, verb_name='build', build_base='build', install_base='install', merge_install=False, symlink_install=False, test_result_base=None, continue_on_error=False, executor='parallel', parallel_workers=20, event_handlers=None, ignore_user_meta=False, metas=['./colcon.meta'], base_paths=['.'], packages_ignore=None, packages_ignore_regex=None, paths=None, packages_up_to=None, packages_up_to_regex=None, packages_above=None, packages_above_and_dependencies=None, packages_above_depth=None, packages_select_by_dep=None, packages_skip_by_dep=None, packages_skip_up_to=None, packages_select_build_failed=False, packages_skip_build_finished=False, packages_select_test_failures=False, packages_skip_test_passed=False, packages_select=['planning'], packages_skip=None, packages_select_regex=None, packages_skip_regex=None, packages_start=None, packages_end=None, allow_overriding=[], cmake_args=None, cmake_target=None, cmake_target_skip_unavailable=False, cmake_clean_cache=False, cmake_clean_first=False, cmake_force_configure=False, ament_cmake_args=None, catkin_cmake_args=None, catkin_skip_building_tests=False, verb_parser=<colcon_defaults.argument_parser.defaults.DefaultArgumentsDecorator object at 0x79145380dba0>, verb_extension=<colcon_core.verb.build.BuildVerb object at 0x7914539e7160>, main=<bound method BuildVerb.main of <colcon_core.verb.build.BuildVerb object at 0x7914539e7160>>)
[0.138s] Level 1:colcon.colcon_core.package_discovery:discover_packages(colcon_meta) check parameters
[0.138s] Level 1:colcon.colcon_core.package_discovery:discover_packages(recursive) check parameters
[0.138s] Level 1:colcon.colcon_core.package_discovery:discover_packages(ignore) check parameters
[0.138s] Level 1:colcon.colcon_core.package_discovery:discover_packages(path) check parameters
[0.138s] Level 1:colcon.colcon_core.package_discovery:discover_packages(colcon_meta) discover
[0.138s] Level 1:colcon.colcon_core.package_discovery:discover_packages(recursive) discover
[0.138s] INFO:colcon.colcon_core.package_discovery:Crawling recursively for packages in '/home/xingmaker/landing/Fast-Perching'
[0.138s] Level 1:colcon.colcon_core.package_identification:_identify(.) by extensions ['ignore', 'ignore_ament_install']
[0.138s] Level 1:colcon.colcon_core.package_identification:_identify(.) by extension 'ignore'
[0.138s] Level 1:colcon.colcon_core.package_identification:_identify(.) by extension 'ignore_ament_install'
[0.138s] Level 1:colcon.colcon_core.package_identification:_identify(.) by extensions ['colcon_pkg']
[0.138s] Level 1:colcon.colcon_core.package_identification:_identify(.) by extension 'colcon_pkg'
[0.138s] Level 1:colcon.colcon_core.package_identification:_identify(.) by extensions ['colcon_meta']
[0.138s] Level 1:colcon.colcon_core.package_identification:_identify(.) by extension 'colcon_meta'
[0.138s] Level 1:colcon.colcon_core.package_identification:_identify(.) by extensions ['ros']
[0.138s] Level 1:colcon.colcon_core.package_identification:_identify(.) by extension 'ros'
[0.143s] Level 1:colcon.colcon_core.package_identification:_identify(.) by extensions ['cmake', 'python']
[0.144s] Level 1:colcon.colcon_core.package_identification:_identify(.) by extension 'cmake'
[0.144s] Level 1:colcon.colcon_core.package_identification:_identify(.) by extension 'python'
[0.144s] Level 1:colcon.colcon_core.package_identification:_identify(.) by extensions ['python_setup_py']
[0.144s] Level 1:colcon.colcon_core.package_identification:_identify(.) by extension 'python_setup_py'
[0.144s] Level 1:colcon.colcon_core.package_identification:_identify(build) by extensions ['ignore', 'ignore_ament_install']
[0.144s] Level 1:colcon.colcon_core.package_identification:_identify(build) by extension 'ignore'
[0.144s] Level 1:colcon.colcon_core.package_identification:_identify(build) ignored
[0.144s] Level 1:colcon.colcon_core.package_identification:_identify(install) by extensions ['ignore', 'ignore_ament_install']
[0.144s] Level 1:colcon.colcon_core.package_identification:_identify(install) by extension 'ignore'
[0.144s] Level 1:colcon.colcon_core.package_identification:_identify(install) ignored
[0.144s] Level 1:colcon.colcon_core.package_identification:_identify(log) by extensions ['ignore', 'ignore_ament_install']
[0.144s] Level 1:colcon.colcon_core.package_identification:_identify(log) by extension 'ignore'
[0.144s] Level 1:colcon.colcon_core.package_identification:_identify(log) ignored
[0.144s] Level 1:colcon.colcon_core.package_identification:_identify(sh_utils) by extensions ['ignore', 'ignore_ament_install']
[0.144s] Level 1:colcon.colcon_core.package_identification:_identify(sh_utils) by extension 'ignore'
[0.144s] Level 1:colcon.colcon_core.package_identification:_identify(sh_utils) by extension 'ignore_ament_install'
[0.144s] Level 1:colcon.colcon_core.package_identification:_identify(sh_utils) by extensions ['colcon_pkg']
[0.144s] Level 1:colcon.colcon_core.package_identification:_identify(sh_utils) by extension 'colcon_pkg'
[0.144s] Level 1:colcon.colcon_core.package_identification:_identify(sh_utils) by extensions ['colcon_meta']
[0.144s] Level 1:colcon.colcon_core.package_identification:_identify(sh_utils) by extension 'colcon_meta'
[0.144s] Level 1:colcon.colcon_core.package_identification:_identify(sh_utils) by extensions ['ros']
[0.144s] Level 1:colcon.colcon_core.package_identification:_identify(sh_utils) by extension 'ros'
[0.144s] Level 1:colcon.colcon_core.package_identification:_identify(sh_utils) by extensions ['cmake', 'python']
[0.144s] Level 1:colcon.colcon_core.package_identification:_identify(sh_utils) by extension 'cmake'
[0.144s] Level 1:colcon.colcon_core.package_identification:_identify(sh_utils) by extension 'python'
[0.144s] Level 1:colcon.colcon_core.package_identification:_identify(sh_utils) by extensions ['python_setup_py']
[0.144s] Level 1:colcon.colcon_core.package_identification:_identify(sh_utils) by extension 'python_setup_py'
[0.144s] Level 1:colcon.colcon_core.package_identification:_identify(src) by extensions ['ignore', 'ignore_ament_install']
[0.144s] Level 1:colcon.colcon_core.package_identification:_identify(src) by extension 'ignore'
[0.144s] Level 1:colcon.colcon_core.package_identification:_identify(src) by extension 'ignore_ament_install'
[0.144s] Level 1:colcon.colcon_core.package_identification:_identify(src) by extensions ['colcon_pkg']
[0.144s] Level 1:colcon.colcon_core.package_identification:_identify(src) by extension 'colcon_pkg'
[0.144s] Level 1:colcon.colcon_core.package_identification:_identify(src) by extensions ['colcon_meta']
[0.144s] Level 1:colcon.colcon_core.package_identification:_identify(src) by extension 'colcon_meta'
[0.144s] Level 1:colcon.colcon_core.package_identification:_identify(src) by extensions ['ros']
[0.144s] Level 1:colcon.colcon_core.package_identification:_identify(src) by extension 'ros'
[0.144s] Level 1:colcon.colcon_core.package_identification:_identify(src) by extensions ['cmake', 'python']
[0.144s] Level 1:colcon.colcon_core.package_identification:_identify(src) by extension 'cmake'
[0.144s] Level 1:colcon.colcon_core.package_identification:_identify(src) by extension 'python'
[0.144s] Level 1:colcon.colcon_core.package_identification:_identify(src) by extensions ['python_setup_py']
[0.144s] Level 1:colcon.colcon_core.package_identification:_identify(src) by extension 'python_setup_py'
[0.144s] Level 1:colcon.colcon_core.package_identification:_identify(src/odom_vis) by extensions ['ignore', 'ignore_ament_install']
[0.144s] Level 1:colcon.colcon_core.package_identification:_identify(src/odom_vis) by extension 'ignore'
[0.144s] Level 1:colcon.colcon_core.package_identification:_identify(src/odom_vis) by extension 'ignore_ament_install'
[0.144s] Level 1:colcon.colcon_core.package_identification:_identify(src/odom_vis) by extensions ['colcon_pkg']
[0.145s] Level 1:colcon.colcon_core.package_identification:_identify(src/odom_vis) by extension 'colcon_pkg'
[0.145s] Level 1:colcon.colcon_core.package_identification:_identify(src/odom_vis) by extensions ['colcon_meta']
[0.145s] Level 1:colcon.colcon_core.package_identification:_identify(src/odom_vis) by extension 'colcon_meta'
[0.145s] Level 1:colcon.colcon_core.package_identification:_identify(src/odom_vis) by extensions ['ros']
[0.145s] Level 1:colcon.colcon_core.package_identification:_identify(src/odom_vis) by extension 'ros'
[0.145s] Level 1:colcon.colcon_core.package_identification:_identify(src/odom_vis) by extensions ['cmake', 'python']
[0.145s] Level 1:colcon.colcon_core.package_identification:_identify(src/odom_vis) by extension 'cmake'
[0.145s] Level 1:colcon.colcon_core.package_identification:_identify(src/odom_vis) by extension 'python'
[0.145s] Level 1:colcon.colcon_core.package_identification:_identify(src/odom_vis) by extensions ['python_setup_py']
[0.145s] Level 1:colcon.colcon_core.package_identification:_identify(src/odom_vis) by extension 'python_setup_py'
[0.145s] Level 1:colcon.colcon_core.package_identification:_identify(src/odom_vis/odom_visualization) by extensions ['ignore', 'ignore_ament_install']
[0.145s] Level 1:colcon.colcon_core.package_identification:_identify(src/odom_vis/odom_visualization) by extension 'ignore'
[0.145s] Level 1:colcon.colcon_core.package_identification:_identify(src/odom_vis/odom_visualization) by extension 'ignore_ament_install'
[0.145s] Level 1:colcon.colcon_core.package_identification:_identify(src/odom_vis/odom_visualization) by extensions ['colcon_pkg']
[0.145s] Level 1:colcon.colcon_core.package_identification:_identify(src/odom_vis/odom_visualization) by extension 'colcon_pkg'
[0.145s] Level 1:colcon.colcon_core.package_identification:_identify(src/odom_vis/odom_visualization) by extensions ['colcon_meta']
[0.145s] Level 1:colcon.colcon_core.package_identification:_identify(src/odom_vis/odom_visualization) by extension 'colcon_meta'
[0.145s] Level 1:colcon.colcon_core.package_identification:_identify(src/odom_vis/odom_visualization) by extensions ['ros']
[0.145s] Level 1:colcon.colcon_core.package_identification:_identify(src/odom_vis/odom_visualization) by extension 'ros'
[0.151s] DEBUG:colcon.colcon_core.package_identification:Package 'src/odom_vis/odom_visualization' with type 'ros.ament_cmake' and name 'odom_visualization'
[0.151s] Level 1:colcon.colcon_core.package_identification:_identify(src/odom_vis/pose_utils) by extensions ['ignore', 'ignore_ament_install']
[0.151s] Level 1:colcon.colcon_core.package_identification:_identify(src/odom_vis/pose_utils) by extension 'ignore'
[0.151s] Level 1:colcon.colcon_core.package_identification:_identify(src/odom_vis/pose_utils) by extension 'ignore_ament_install'
[0.151s] Level 1:colcon.colcon_core.package_identification:_identify(src/odom_vis/pose_utils) by extensions ['colcon_pkg']
[0.151s] Level 1:colcon.colcon_core.package_identification:_identify(src/odom_vis/pose_utils) by extension 'colcon_pkg'
[0.151s] Level 1:colcon.colcon_core.package_identification:_identify(src/odom_vis/pose_utils) by extensions ['colcon_meta']
[0.151s] Level 1:colcon.colcon_core.package_identification:_identify(src/odom_vis/pose_utils) by extension 'colcon_meta'
[0.151s] Level 1:colcon.colcon_core.package_identification:_identify(src/odom_vis/pose_utils) by extensions ['ros']
[0.151s] Level 1:colcon.colcon_core.package_identification:_identify(src/odom_vis/pose_utils) by extension 'ros'
[0.151s] DEBUG:colcon.colcon_core.package_identification:Package 'src/odom_vis/pose_utils' with type 'ros.ament_cmake' and name 'pose_utils'
[0.151s] Level 1:colcon.colcon_core.package_identification:_identify(src/planning) by extensions ['ignore', 'ignore_ament_install']
[0.151s] Level 1:colcon.colcon_core.package_identification:_identify(src/planning) by extension 'ignore'
[0.151s] Level 1:colcon.colcon_core.package_identification:_identify(src/planning) by extension 'ignore_ament_install'
[0.151s] Level 1:colcon.colcon_core.package_identification:_identify(src/planning) by extensions ['colcon_pkg']
[0.151s] Level 1:colcon.colcon_core.package_identification:_identify(src/planning) by extension 'colcon_pkg'
[0.151s] Level 1:colcon.colcon_core.package_identification:_identify(src/planning) by extensions ['colcon_meta']
[0.151s] Level 1:colcon.colcon_core.package_identification:_identify(src/planning) by extension 'colcon_meta'
[0.151s] Level 1:colcon.colcon_core.package_identification:_identify(src/planning) by extensions ['ros']
[0.151s] Level 1:colcon.colcon_core.package_identification:_identify(src/planning) by extension 'ros'
[0.152s] DEBUG:colcon.colcon_core.package_identification:Package 'src/planning' with type 'ros.ament_cmake' and name 'planning'
[0.152s] Level 1:colcon.colcon_core.package_identification:_identify(src/traj_opt) by extensions ['ignore', 'ignore_ament_install']
[0.152s] Level 1:colcon.colcon_core.package_identification:_identify(src/traj_opt) by extension 'ignore'
[0.152s] Level 1:colcon.colcon_core.package_identification:_identify(src/traj_opt) by extension 'ignore_ament_install'
[0.152s] Level 1:colcon.colcon_core.package_identification:_identify(src/traj_opt) by extensions ['colcon_pkg']
[0.152s] Level 1:colcon.colcon_core.package_identification:_identify(src/traj_opt) by extension 'colcon_pkg'
[0.152s] Level 1:colcon.colcon_core.package_identification:_identify(src/traj_opt) by extensions ['colcon_meta']
[0.152s] Level 1:colcon.colcon_core.package_identification:_identify(src/traj_opt) by extension 'colcon_meta'
[0.152s] Level 1:colcon.colcon_core.package_identification:_identify(src/traj_opt) by extensions ['ros']
[0.152s] Level 1:colcon.colcon_core.package_identification:_identify(src/traj_opt) by extension 'ros'
[0.153s] DEBUG:colcon.colcon_core.package_identification:Package 'src/traj_opt' with type 'ros.ament_cmake' and name 'traj_opt'
[0.153s] Level 1:colcon.colcon_core.package_identification:_identify(src/vis_utils) by extensions ['ignore', 'ignore_ament_install']
[0.153s] Level 1:colcon.colcon_core.package_identification:_identify(src/vis_utils) by extension 'ignore'
[0.153s] Level 1:colcon.colcon_core.package_identification:_identify(src/vis_utils) by extension 'ignore_ament_install'
[0.153s] Level 1:colcon.colcon_core.package_identification:_identify(src/vis_utils) by extensions ['colcon_pkg']
[0.153s] Level 1:colcon.colcon_core.package_identification:_identify(src/vis_utils) by extension 'colcon_pkg'
[0.153s] Level 1:colcon.colcon_core.package_identification:_identify(src/vis_utils) by extensions ['colcon_meta']
[0.153s] Level 1:colcon.colcon_core.package_identification:_identify(src/vis_utils) by extension 'colcon_meta'
[0.153s] Level 1:colcon.colcon_core.package_identification:_identify(src/vis_utils) by extensions ['ros']
[0.153s] Level 1:colcon.colcon_core.package_identification:_identify(src/vis_utils) by extension 'ros'
[0.153s] DEBUG:colcon.colcon_core.package_identification:Package 'src/vis_utils' with type 'ros.ament_cmake' and name 'vis_utils'
[0.153s] Level 1:colcon.colcon_core.package_discovery:discover_packages(recursive) using defaults
[0.153s] Level 1:colcon.colcon_core.package_discovery:discover_packages(ignore) discover
[0.153s] Level 1:colcon.colcon_core.package_discovery:discover_packages(ignore) using defaults
[0.153s] Level 1:colcon.colcon_core.package_discovery:discover_packages(path) discover
[0.153s] Level 1:colcon.colcon_core.package_discovery:discover_packages(path) using defaults
[0.163s] INFO:colcon.colcon_core.package_selection:Skipping not selected package 'odom_visualization' in 'src/odom_vis/odom_visualization'
[0.163s] INFO:colcon.colcon_core.package_selection:Skipping not selected package 'pose_utils' in 'src/odom_vis/pose_utils'
[0.163s] INFO:colcon.colcon_core.package_selection:Skipping not selected package 'vis_utils' in 'src/vis_utils'
[0.163s] INFO:colcon.colcon_core.package_selection:Skipping not selected package 'traj_opt' in 'src/traj_opt'
[0.164s] Level 1:colcon.colcon_core.package_discovery:discover_packages(prefix_path) check parameters
[0.164s] Level 1:colcon.colcon_core.package_discovery:discover_packages(prefix_path) discover
[0.164s] DEBUG:colcon.colcon_installed_package_information.package_discovery:Found 4 installed packages in /home/xingmaker/landing/Fast-Perching/install
[0.164s] DEBUG:colcon.colcon_installed_package_information.package_discovery:Found 5 installed packages in /home/xingmaker/vrx_ws/install
[0.165s] DEBUG:colcon.colcon_installed_package_information.package_discovery:Found 287 installed packages in /opt/ros/humble
[0.166s] Level 1:colcon.colcon_core.package_discovery:discover_packages(prefix_path) using defaults
[0.182s] Level 5:colcon.colcon_core.verb:set package 'planning' build argument 'cmake_args' from command line to 'None'
[0.182s] Level 5:colcon.colcon_core.verb:set package 'planning' build argument 'cmake_target' from command line to 'None'
[0.182s] Level 5:colcon.colcon_core.verb:set package 'planning' build argument 'cmake_target_skip_unavailable' from command line to 'False'
[0.182s] Level 5:colcon.colcon_core.verb:set package 'planning' build argument 'cmake_clean_cache' from command line to 'False'
[0.182s] Level 5:colcon.colcon_core.verb:set package 'planning' build argument 'cmake_clean_first' from command line to 'False'
[0.182s] Level 5:colcon.colcon_core.verb:set package 'planning' build argument 'cmake_force_configure' from command line to 'False'
[0.182s] Level 5:colcon.colcon_core.verb:set package 'planning' build argument 'ament_cmake_args' from command line to 'None'
[0.182s] Level 5:colcon.colcon_core.verb:set package 'planning' build argument 'catkin_cmake_args' from command line to 'None'
[0.182s] Level 5:colcon.colcon_core.verb:set package 'planning' build argument 'catkin_skip_building_tests' from command line to 'False'
[0.182s] DEBUG:colcon.colcon_core.verb:Building package 'planning' with the following arguments: {'ament_cmake_args': None, 'build_base': '/home/xingmaker/landing/Fast-Perching/build/planning', 'catkin_cmake_args': None, 'catkin_skip_building_tests': False, 'cmake_args': None, 'cmake_clean_cache': False, 'cmake_clean_first': False, 'cmake_force_configure': False, 'cmake_target': None, 'cmake_target_skip_unavailable': False, 'install_base': '/home/xingmaker/landing/Fast-Perching/install/planning', 'merge_install': False, 'path': '/home/xingmaker/landing/Fast-Perching/src/planning', 'symlink_install': False, 'test_result_base': None}
[0.183s] INFO:colcon.colcon_core.executor:Executing jobs using 'parallel' executor
[0.183s] DEBUG:colcon.colcon_parallel_executor.executor.parallel:run_until_complete
[0.183s] INFO:colcon.colcon_ros.task.ament_cmake.build:Building ROS package in '/home/xingmaker/landing/Fast-Perching/src/planning' with build type 'ament_cmake'
[0.183s] INFO:colcon.colcon_cmake.task.cmake.build:Building CMake package in '/home/xingmaker/landing/Fast-Perching/src/planning'
[0.184s] INFO:colcon.colcon_core.plugin_system:Skipping extension 'colcon_core.shell.bat': Not used on non-Windows systems
[0.184s] INFO:colcon.colcon_core.shell:Skip shell extension 'powershell' for command environment: Not usable outside of PowerShell
[0.184s] DEBUG:colcon.colcon_core.shell:Skip shell extension 'dsv' for command environment
[0.190s] DEBUG:colcon.colcon_core.event_handler.log_command:Invoking command in '/home/xingmaker/landing/Fast-Perching/build/planning': AMENT_PREFIX_PATH=/home/xingmaker/landing/Fast-Perching/install/traj_opt:${AMENT_PREFIX_PATH} CMAKE_PREFIX_PATH=/home/xingmaker/landing/Fast-Perching/install/traj_opt:/home/xingmaker/landing/Fast-Perching/install/vis_utils:/home/xingmaker/landing/Fast-Perching/install/pose_utils:/home/xingmaker/vrx_ws/install:/opt/ros/humble LD_LIBRARY_PATH=/home/xingmaker/landing/Fast-Perching/install/traj_opt/lib:${LD_LIBRARY_PATH} /usr/bin/cmake /home/xingmaker/landing/Fast-Perching/src/planning -DCMAKE_INSTALL_PREFIX=/home/xingmaker/landing/Fast-Perching/install/planning
[3.081s] DEBUG:colcon.colcon_core.event_handler.log_command:Invoked command in '/home/xingmaker/landing/Fast-Perching/build/planning' returned '0': AMENT_PREFIX_PATH=/home/xingmaker/landing/Fast-Perching/install/traj_opt:${AMENT_PREFIX_PATH} CMAKE_PREFIX_PATH=/home/xingmaker/landing/Fast-Perching/install/traj_opt:/home/xingmaker/landing/Fast-Perching/install/vis_utils:/home/xingmaker/landing/Fast-Perching/install/pose_utils:/home/xingmaker/vrx_ws/install:/opt/ros/humble LD_LIBRARY_PATH=/home/xingmaker/landing/Fast-Perching/install/traj_opt/lib:${LD_LIBRARY_PATH} /usr/bin/cmake /home/xingmaker/landing/Fast-Perching/src/planning -DCMAKE_INSTALL_PREFIX=/home/xingmaker/landing/Fast-Perching/install/planning
[3.082s] DEBUG:colcon.colcon_core.event_handler.log_command:Invoking command in '/home/xingmaker/landing/Fast-Perching/build/planning': AMENT_PREFIX_PATH=/home/xingmaker/landing/Fast-Perching/install/traj_opt:${AMENT_PREFIX_PATH} CMAKE_PREFIX_PATH=/home/xingmaker/landing/Fast-Perching/install/traj_opt:/home/xingmaker/landing/Fast-Perching/install/vis_utils:/home/xingmaker/landing/Fast-Perching/install/pose_utils:/home/xingmaker/vrx_ws/install:/opt/ros/humble LD_LIBRARY_PATH=/home/xingmaker/landing/Fast-Perching/install/traj_opt/lib:${LD_LIBRARY_PATH} /usr/bin/cmake --build /home/xingmaker/landing/Fast-Perching/build/planning -- -j20 -l20
[19.032s] DEBUG:colcon.colcon_core.event_handler.log_command:Invoked command in '/home/xingmaker/landing/Fast-Perching/build/planning' returned '0': AMENT_PREFIX_PATH=/home/xingmaker/landing/Fast-Perching/install/traj_opt:${AMENT_PREFIX_PATH} CMAKE_PREFIX_PATH=/home/xingmaker/landing/Fast-Perching/install/traj_opt:/home/xingmaker/landing/Fast-Perching/install/vis_utils:/home/xingmaker/landing/Fast-Perching/install/pose_utils:/home/xingmaker/vrx_ws/install:/opt/ros/humble LD_LIBRARY_PATH=/home/xingmaker/landing/Fast-Perching/install/traj_opt/lib:${LD_LIBRARY_PATH} /usr/bin/cmake --build /home/xingmaker/landing/Fast-Perching/build/planning -- -j20 -l20
[19.039s] DEBUG:colcon.colcon_core.event_handler.log_command:Invoking command in '/home/xingmaker/landing/Fast-Perching/build/planning': AMENT_PREFIX_PATH=/home/xingmaker/landing/Fast-Perching/install/traj_opt:${AMENT_PREFIX_PATH} CMAKE_PREFIX_PATH=/home/xingmaker/landing/Fast-Perching/install/traj_opt:/home/xingmaker/landing/Fast-Perching/install/vis_utils:/home/xingmaker/landing/Fast-Perching/install/pose_utils:/home/xingmaker/vrx_ws/install:/opt/ros/humble LD_LIBRARY_PATH=/home/xingmaker/landing/Fast-Perching/install/traj_opt/lib:${LD_LIBRARY_PATH} /usr/bin/cmake --install /home/xingmaker/landing/Fast-Perching/build/planning
[19.049s] Level 1:colcon.colcon_core.environment:create_environment_scripts_only(planning)
[19.050s] DEBUG:colcon.colcon_core.event_handler.log_command:Invoked command in '/home/xingmaker/landing/Fast-Perching/build/planning' returned '0': AMENT_PREFIX_PATH=/home/xingmaker/landing/Fast-Perching/install/traj_opt:${AMENT_PREFIX_PATH} CMAKE_PREFIX_PATH=/home/xingmaker/landing/Fast-Perching/install/traj_opt:/home/xingmaker/landing/Fast-Perching/install/vis_utils:/home/xingmaker/landing/Fast-Perching/install/pose_utils:/home/xingmaker/vrx_ws/install:/opt/ros/humble LD_LIBRARY_PATH=/home/xingmaker/landing/Fast-Perching/install/traj_opt/lib:${LD_LIBRARY_PATH} /usr/bin/cmake --install /home/xingmaker/landing/Fast-Perching/build/planning
[19.051s] Level 1:colcon.colcon_core.environment:checking '/home/xingmaker/landing/Fast-Perching/install/planning' for CMake module files
[19.051s] Level 1:colcon.colcon_core.environment:checking '/home/xingmaker/landing/Fast-Perching/install/planning' for CMake config files
[19.051s] Level 1:colcon.colcon_core.shell:create_environment_hook('planning', 'cmake_prefix_path')
[19.052s] INFO:colcon.colcon_core.shell:Creating environment hook '/home/xingmaker/landing/Fast-Perching/install/planning/share/planning/hook/cmake_prefix_path.ps1'
[19.052s] INFO:colcon.colcon_core.shell:Creating environment descriptor '/home/xingmaker/landing/Fast-Perching/install/planning/share/planning/hook/cmake_prefix_path.dsv'
[19.052s] INFO:colcon.colcon_core.shell:Creating environment hook '/home/xingmaker/landing/Fast-Perching/install/planning/share/planning/hook/cmake_prefix_path.sh'
[19.053s] Level 1:colcon.colcon_core.environment:checking '/home/xingmaker/landing/Fast-Perching/install/planning/lib'
[19.053s] Level 1:colcon.colcon_core.shell:create_environment_hook('planning', 'ld_library_path_lib')
[19.053s] INFO:colcon.colcon_core.shell:Creating environment hook '/home/xingmaker/landing/Fast-Perching/install/planning/share/planning/hook/ld_library_path_lib.ps1'
[19.053s] INFO:colcon.colcon_core.shell:Creating environment descriptor '/home/xingmaker/landing/Fast-Perching/install/planning/share/planning/hook/ld_library_path_lib.dsv'
[19.053s] INFO:colcon.colcon_core.shell:Creating environment hook '/home/xingmaker/landing/Fast-Perching/install/planning/share/planning/hook/ld_library_path_lib.sh'
[19.054s] Level 1:colcon.colcon_core.environment:checking '/home/xingmaker/landing/Fast-Perching/install/planning/bin'
[19.054s] Level 1:colcon.colcon_core.environment:checking '/home/xingmaker/landing/Fast-Perching/install/planning/lib/pkgconfig/planning.pc'
[19.054s] Level 1:colcon.colcon_core.environment:checking '/home/xingmaker/landing/Fast-Perching/install/planning/lib/python3.10/site-packages'
[19.054s] Level 1:colcon.colcon_core.environment:checking '/home/xingmaker/landing/Fast-Perching/install/planning/bin'
[19.054s] INFO:colcon.colcon_core.shell:Creating package script '/home/xingmaker/landing/Fast-Perching/install/planning/share/planning/package.ps1'
[19.055s] INFO:colcon.colcon_core.shell:Creating package descriptor '/home/xingmaker/landing/Fast-Perching/install/planning/share/planning/package.dsv'
[19.055s] INFO:colcon.colcon_core.shell:Creating package script '/home/xingmaker/landing/Fast-Perching/install/planning/share/planning/package.sh'
[19.056s] INFO:colcon.colcon_core.shell:Creating package script '/home/xingmaker/landing/Fast-Perching/install/planning/share/planning/package.bash'
[19.056s] INFO:colcon.colcon_core.shell:Creating package script '/home/xingmaker/landing/Fast-Perching/install/planning/share/planning/package.zsh'
[19.057s] Level 1:colcon.colcon_core.environment:create_file_with_runtime_dependencies(/home/xingmaker/landing/Fast-Perching/install/planning/share/colcon-core/packages/planning)
[19.057s] Level 1:colcon.colcon_core.environment:create_environment_scripts_only(planning)
[19.057s] Level 1:colcon.colcon_core.environment:checking '/home/xingmaker/landing/Fast-Perching/install/planning' for CMake module files
[19.058s] Level 1:colcon.colcon_core.environment:checking '/home/xingmaker/landing/Fast-Perching/install/planning' for CMake config files
[19.058s] Level 1:colcon.colcon_core.shell:create_environment_hook('planning', 'cmake_prefix_path')
[19.058s] INFO:colcon.colcon_core.shell:Creating environment hook '/home/xingmaker/landing/Fast-Perching/install/planning/share/planning/hook/cmake_prefix_path.ps1'
[19.058s] INFO:colcon.colcon_core.shell:Creating environment descriptor '/home/xingmaker/landing/Fast-Perching/install/planning/share/planning/hook/cmake_prefix_path.dsv'
[19.058s] INFO:colcon.colcon_core.shell:Creating environment hook '/home/xingmaker/landing/Fast-Perching/install/planning/share/planning/hook/cmake_prefix_path.sh'
[19.059s] Level 1:colcon.colcon_core.environment:checking '/home/xingmaker/landing/Fast-Perching/install/planning/lib'
[19.059s] Level 1:colcon.colcon_core.shell:create_environment_hook('planning', 'ld_library_path_lib')
[19.059s] INFO:colcon.colcon_core.shell:Creating environment hook '/home/xingmaker/landing/Fast-Perching/install/planning/share/planning/hook/ld_library_path_lib.ps1'
[19.059s] INFO:colcon.colcon_core.shell:Creating environment descriptor '/home/xingmaker/landing/Fast-Perching/install/planning/share/planning/hook/ld_library_path_lib.dsv'
[19.059s] INFO:colcon.colcon_core.shell:Creating environment hook '/home/xingmaker/landing/Fast-Perching/install/planning/share/planning/hook/ld_library_path_lib.sh'
[19.059s] Level 1:colcon.colcon_core.environment:checking '/home/xingmaker/landing/Fast-Perching/install/planning/bin'
[19.059s] Level 1:colcon.colcon_core.environment:checking '/home/xingmaker/landing/Fast-Perching/install/planning/lib/pkgconfig/planning.pc'
[19.060s] Level 1:colcon.colcon_core.environment:checking '/home/xingmaker/landing/Fast-Perching/install/planning/lib/python3.10/site-packages'
[19.060s] Level 1:colcon.colcon_core.environment:checking '/home/xingmaker/landing/Fast-Perching/install/planning/bin'
[19.060s] INFO:colcon.colcon_core.shell:Creating package script '/home/xingmaker/landing/Fast-Perching/install/planning/share/planning/package.ps1'
[19.060s] INFO:colcon.colcon_core.shell:Creating package descriptor '/home/xingmaker/landing/Fast-Perching/install/planning/share/planning/package.dsv'
[19.060s] INFO:colcon.colcon_core.shell:Creating package script '/home/xingmaker/landing/Fast-Perching/install/planning/share/planning/package.sh'
[19.061s] INFO:colcon.colcon_core.shell:Creating package script '/home/xingmaker/landing/Fast-Perching/install/planning/share/planning/package.bash'
[19.061s] INFO:colcon.colcon_core.shell:Creating package script '/home/xingmaker/landing/Fast-Perching/install/planning/share/planning/package.zsh'
[19.061s] Level 1:colcon.colcon_core.environment:create_file_with_runtime_dependencies(/home/xingmaker/landing/Fast-Perching/install/planning/share/colcon-core/packages/planning)
[19.061s] DEBUG:colcon.colcon_parallel_executor.executor.parallel:closing loop
[19.061s] DEBUG:colcon.colcon_parallel_executor.executor.parallel:loop closed
[19.061s] DEBUG:colcon.colcon_parallel_executor.executor.parallel:run_until_complete finished with '0'
[19.061s] DEBUG:colcon.colcon_core.event_reactor:joining thread
[19.064s] INFO:colcon.colcon_core.plugin_system:Skipping extension 'colcon_notification.desktop_notification.terminal_notifier': Not used on non-Darwin systems
[19.064s] INFO:colcon.colcon_core.plugin_system:Skipping extension 'colcon_notification.desktop_notification.win32': Not used on non-Windows systems
[19.064s] INFO:colcon.colcon_notification.desktop_notification:Sending desktop notification using 'notify2'
[19.072s] DEBUG:colcon.colcon_core.event_reactor:joined thread
[19.073s] INFO:colcon.colcon_core.shell:Creating prefix script '/home/xingmaker/landing/Fast-Perching/install/local_setup.ps1'
[19.073s] INFO:colcon.colcon_core.shell:Creating prefix util module '/home/xingmaker/landing/Fast-Perching/install/_local_setup_util_ps1.py'
[19.074s] INFO:colcon.colcon_core.shell:Creating prefix chain script '/home/xingmaker/landing/Fast-Perching/install/setup.ps1'
[19.075s] INFO:colcon.colcon_core.shell:Creating prefix script '/home/xingmaker/landing/Fast-Perching/install/local_setup.sh'
[19.075s] INFO:colcon.colcon_core.shell:Creating prefix util module '/home/xingmaker/landing/Fast-Perching/install/_local_setup_util_sh.py'
[19.076s] INFO:colcon.colcon_core.shell:Creating prefix chain script '/home/xingmaker/landing/Fast-Perching/install/setup.sh'
[19.077s] INFO:colcon.colcon_core.shell:Creating prefix script '/home/xingmaker/landing/Fast-Perching/install/local_setup.bash'
[19.077s] INFO:colcon.colcon_core.shell:Creating prefix chain script '/home/xingmaker/landing/Fast-Perching/install/setup.bash'
[19.078s] INFO:colcon.colcon_core.shell:Creating prefix script '/home/xingmaker/landing/Fast-Perching/install/local_setup.zsh'
[19.078s] INFO:colcon.colcon_core.shell:Creating prefix chain script '/home/xingmaker/landing/Fast-Perching/install/setup.zsh'
