[0.006s] Invoking command in '/home/xingmaker/landing/Fast-Perching/build/vis_utils': CMAKE_PREFIX_PATH=${CMAKE_PREFIX_PATH}:/opt/ros/humble /usr/bin/cmake /home/xingmaker/landing/Fast-Perching/src/vis_utils -DCMAKE_INSTALL_PREFIX=/home/xingmaker/landing/Fast-Perching/install/vis_utils
[0.107s] -- The C compiler identification is GNU 11.4.0
[0.174s] -- The CXX compiler identification is GNU 11.4.0
[0.179s] -- Detecting C compiler ABI info
[0.225s] -- Detecting C compiler ABI info - done
[0.231s] -- Check for working C compiler: /usr/bin/cc - skipped
[0.231s] -- Detecting C compile features
[0.231s] -- Detecting C compile features - done
[0.233s] -- Detecting CXX compiler ABI info
[0.279s] -- Detecting CXX compiler ABI info - done
[0.283s] -- Check for working CXX compiler: /usr/bin/c++ - skipped
[0.283s] -- Detecting CXX compile features
[0.283s] -- Detecting CXX compile features - done
[0.284s] -- Found ament_cmake: 1.3.13 (/opt/ros/humble/share/ament_cmake/cmake)
[0.369s] -- Found Python3: /usr/bin/python3 (found version "3.10.12") found components: Interpreter 
[0.422s] -- Found rclcpp: 16.0.18 (/opt/ros/humble/share/rclcpp/cmake)
[0.451s] -- Found rosidl_generator_c: 3.1.8 (/opt/ros/humble/share/rosidl_generator_c/cmake)
[0.454s] -- Found rosidl_adapter: 3.1.8 (/opt/ros/humble/share/rosidl_adapter/cmake)
[0.459s] -- Found rosidl_generator_cpp: 3.1.8 (/opt/ros/humble/share/rosidl_generator_cpp/cmake)
[0.467s] -- Using all available rosidl_typesupport_c: rosidl_typesupport_fastrtps_c;rosidl_typesupport_introspection_c
[0.477s] -- Using all available rosidl_typesupport_cpp: rosidl_typesupport_fastrtps_cpp;rosidl_typesupport_introspection_cpp
[0.505s] -- Found rmw_implementation_cmake: 6.1.2 (/opt/ros/humble/share/rmw_implementation_cmake/cmake)
[0.507s] -- Found rmw_fastrtps_cpp: 6.2.10 (/opt/ros/humble/share/rmw_fastrtps_cpp/cmake)
[0.567s] -- Found OpenSSL: /usr/lib/x86_64-linux-gnu/libcrypto.so (found version "3.0.2")  
[0.589s] -- Found FastRTPS: /opt/ros/humble/include  
[0.609s] -- Using RMW implementation 'rmw_fastrtps_cpp' as default
[0.614s] -- Looking for pthread.h
[0.660s] -- Looking for pthread.h - found
[0.661s] -- Performing Test CMAKE_HAVE_LIBC_PTHREAD
[0.704s] -- Performing Test CMAKE_HAVE_LIBC_PTHREAD - Success
[0.705s] -- Found Threads: TRUE  
[0.741s] [31mCMake Error at CMakeLists.txt:12 (find_package):
[0.741s]   By not providing "Findpcl_ros.cmake" in CMAKE_MODULE_PATH this project has
[0.741s]   asked CMake to find a package configuration file provided by "pcl_ros", but
[0.741s]   CMake did not find one.
[0.741s] 
[0.741s]   Could not find a package configuration file provided by "pcl_ros" with any
[0.742s]   of the following names:
[0.742s] 
[0.742s]     pcl_rosConfig.cmake
[0.742s]     pcl_ros-config.cmake
[0.742s] 
[0.742s]   Add the installation prefix of "pcl_ros" to CMAKE_PREFIX_PATH or set
[0.742s]   "pcl_ros_DIR" to a directory containing one of the above files.  If
[0.742s]   "pcl_ros" provides a separate development package or SDK, be sure it has
[0.742s]   been installed.
[0.742s] 
[0.742s] [0m
[0.742s] -- Configuring incomplete, errors occurred!
[0.742s] See also "/home/xingmaker/landing/Fast-Perching/build/vis_utils/CMakeFiles/CMakeOutput.log".
[0.746s] Invoked command in '/home/xingmaker/landing/Fast-Perching/build/vis_utils' returned '1': CMAKE_PREFIX_PATH=${CMAKE_PREFIX_PATH}:/opt/ros/humble /usr/bin/cmake /home/xingmaker/landing/Fast-Perching/src/vis_utils -DCMAKE_INSTALL_PREFIX=/home/xingmaker/landing/Fast-Perching/install/vis_utils
