-- Found ament_cmake: 1.3.13 (/opt/ros/humble/share/ament_cmake/cmake)
-- Found rclcpp: 16.0.18 (/opt/ros/humble/share/rclcpp/cmake)
-- Found rosidl_generator_c: 3.1.8 (/opt/ros/humble/share/rosidl_generator_c/cmake)
-- Found rosidl_adapter: 3.1.8 (/opt/ros/humble/share/rosidl_adapter/cmake)
-- Found rosidl_generator_cpp: 3.1.8 (/opt/ros/humble/share/rosidl_generator_cpp/cmake)
-- Using all available rosidl_typesupport_c: rosidl_typesupport_fastrtps_c;rosidl_typesupport_introspection_c
-- Using all available rosidl_typesupport_cpp: rosidl_typesupport_fastrtps_cpp;rosidl_typesupport_introspection_cpp
-- Found rmw_implementation_cmake: 6.1.2 (/opt/ros/humble/share/rmw_implementation_cmake/cmake)
-- Found rmw_fastrtps_cpp: 6.2.10 (/opt/ros/humble/share/rmw_fastrtps_cpp/cmake)
-- Using RMW implementation 'rmw_fastrtps_cpp' as default
-- Found rclcpp_components: 16.0.18 (/opt/ros/humble/share/rclcpp_components/cmake)
-- Found geometry_msgs: 4.9.1 (/opt/ros/humble/share/geometry_msgs/cmake)
-- Found nav_msgs: 4.9.1 (/opt/ros/humble/share/nav_msgs/cmake)
-- Found traj_opt: 0.0.0 (/home/xingmaker/landing/Fast-Perching/install/traj_opt/share/traj_opt/cmake)
-- Eigen found (include: /usr/include/eigen3, version: 3.4.0)
-- FLANN found (include: /usr/include, lib: /usr/lib/x86_64-linux-gnu/libflann_cpp.so)
-- OpenNI found (version: 1.5.4.0, include: /usr/include/ni, lib: /usr/lib/libOpenNI.so;libusb::libusb)
-- OpenNI2 found (version: 2.2.0.33, include: /usr/include/openni2, lib: /usr/lib/x86_64-linux-gnu/libOpenNI2.so;libusb::libusb)
-- Eigen found (include: /usr/include/eigen3, version: 3.4.0)
-- OpenNI found (version: 1.5.4.0, include: /usr/include/ni, lib: /usr/lib/libOpenNI.so;libusb::libusb)
-- OpenNI2 found (version: 2.2.0.33, include: /usr/include/openni2, lib: /usr/lib/x86_64-linux-gnu/libOpenNI2.so;libusb::libusb)
-- Found Qhull version 8.0.2
-- OpenNI found (version: 1.5.4.0, include: /usr/include/ni, lib: /usr/lib/libOpenNI.so;libusb::libusb)
-- Found eigen3_cmake_module: 0.1.1 (/opt/ros/humble/share/eigen3_cmake_module/cmake)
-- Ensuring Eigen3 include directory is part of orocos-kdl CMake target
-- Configuring done
-- Generating done
-- Build files have been written to: /home/xingmaker/landing/Fast-Perching/build/planning
Consolidate compiler generated dependencies of target planning_node
Consolidate compiler generated dependencies of target planning
[ 25%] Building CXX object CMakeFiles/planning_node.dir/src/planning_node.cpp.o
[ 50%] Building CXX object CMakeFiles/planning.dir/src/planning_node.cpp.o
[ 75%] Linking CXX shared library libplanning.so
[100%] Linking CXX executable planning_node
[100%] Built target planning
[100%] Built target planning_node
-- Install configuration: "Release"
-- Installing: /home/xingmaker/landing/Fast-Perching/install/planning/lib/planning/planning_node
-- Set runtime path of "/home/xingmaker/landing/Fast-Perching/install/planning/lib/planning/planning_node" to ""
-- Installing: /home/xingmaker/landing/Fast-Perching/install/planning/lib/libplanning.so
-- Set runtime path of "/home/xingmaker/landing/Fast-Perching/install/planning/lib/libplanning.so" to ""
-- Up-to-date: /home/xingmaker/landing/Fast-Perching/install/planning/share/planning/launch
-- Up-to-date: /home/xingmaker/landing/Fast-Perching/install/planning/share/planning/launch/perching.launch.py
-- Up-to-date: /home/xingmaker/landing/Fast-Perching/install/planning/share/planning/config
-- Installing: /home/xingmaker/landing/Fast-Perching/install/planning/share/planning/config/rviz_sim.rviz
-- Up-to-date: /home/xingmaker/landing/Fast-Perching/install/planning/share/ament_index/resource_index/package_run_dependencies/planning
-- Installing: /home/xingmaker/landing/Fast-Perching/install/planning/share/ament_index/resource_index/parent_prefix_path/planning
-- Up-to-date: /home/xingmaker/landing/Fast-Perching/install/planning/share/planning/environment/ament_prefix_path.sh
-- Installing: /home/xingmaker/landing/Fast-Perching/install/planning/share/planning/environment/ament_prefix_path.dsv
-- Up-to-date: /home/xingmaker/landing/Fast-Perching/install/planning/share/planning/environment/path.sh
-- Installing: /home/xingmaker/landing/Fast-Perching/install/planning/share/planning/environment/path.dsv
-- Up-to-date: /home/xingmaker/landing/Fast-Perching/install/planning/share/planning/local_setup.bash
-- Up-to-date: /home/xingmaker/landing/Fast-Perching/install/planning/share/planning/local_setup.sh
-- Up-to-date: /home/xingmaker/landing/Fast-Perching/install/planning/share/planning/local_setup.zsh
-- Installing: /home/xingmaker/landing/Fast-Perching/install/planning/share/planning/local_setup.dsv
-- Installing: /home/xingmaker/landing/Fast-Perching/install/planning/share/planning/package.dsv
-- Up-to-date: /home/xingmaker/landing/Fast-Perching/install/planning/share/ament_index/resource_index/packages/planning
-- Up-to-date: /home/xingmaker/landing/Fast-Perching/install/planning/share/ament_index/resource_index/rclcpp_components/planning
-- Up-to-date: /home/xingmaker/landing/Fast-Perching/install/planning/share/planning/cmake/planningConfig.cmake
-- Up-to-date: /home/xingmaker/landing/Fast-Perching/install/planning/share/planning/cmake/planningConfig-version.cmake
-- Up-to-date: /home/xingmaker/landing/Fast-Perching/install/planning/share/planning/package.xml
