[0.004s] Invoking command in '/home/xingmaker/landing/Fast-Perching/build/traj_opt': CMAKE_PREFIX_PATH=/home/xingmaker/landing/Fast-Perching/install/vis_utils:/home/xingmaker/landing/Fast-Perching/install/planning:/home/xingmaker/landing/Fast-Perching/install/traj_opt:/home/xingmaker/landing/Fast-Perching/install/odom_visualization:/home/xingmaker/landing/Fast-Perching/install/pose_utils:/home/xingmaker/vrx_ws/install:/opt/ros/humble /usr/bin/cmake /home/xingmaker/landing/Fast-Perching/src/traj_opt -DCMAKE_BUILD_TYPE=Release -DCMAKE_INSTALL_PREFIX=/home/xingmaker/landing/Fast-Perching/install/traj_opt
[0.014s] -- Found ament_cmake: 1.3.13 (/opt/ros/humble/share/ament_cmake/cmake)
[0.088s] -- Found rclcpp: 16.0.18 (/opt/ros/humble/share/rclcpp/cmake)
[0.103s] -- Found rosidl_generator_c: 3.1.8 (/opt/ros/humble/share/rosidl_generator_c/cmake)
[0.104s] -- Found rosidl_adapter: 3.1.8 (/opt/ros/humble/share/rosidl_adapter/cmake)
[0.107s] -- Found rosidl_generator_cpp: 3.1.8 (/opt/ros/humble/share/rosidl_generator_cpp/cmake)
[0.112s] -- Using all available rosidl_typesupport_c: rosidl_typesupport_fastrtps_c;rosidl_typesupport_introspection_c
[0.118s] -- Using all available rosidl_typesupport_cpp: rosidl_typesupport_fastrtps_cpp;rosidl_typesupport_introspection_cpp
[0.134s] -- Found rmw_implementation_cmake: 6.1.2 (/opt/ros/humble/share/rmw_implementation_cmake/cmake)
[0.134s] -- Found rmw_fastrtps_cpp: 6.2.10 (/opt/ros/humble/share/rmw_fastrtps_cpp/cmake)
[0.201s] -- Using RMW implementation 'rmw_fastrtps_cpp' as default
[0.225s] -- Found vis_utils: 0.0.0 (/home/xingmaker/landing/Fast-Perching/install/vis_utils/share/vis_utils/cmake)
[0.262s] -- Eigen found (include: /usr/include/eigen3, version: 3.4.0)
[0.279s] -- FLANN found (include: /usr/include, lib: /usr/lib/x86_64-linux-gnu/libflann_cpp.so)
[0.458s] -- OpenNI found (version: 1.5.4.0, include: /usr/include/ni, lib: /usr/lib/libOpenNI.so;libusb::libusb)
[0.461s] -- OpenNI2 found (version: 2.2.0.33, include: /usr/include/openni2, lib: /usr/lib/x86_64-linux-gnu/libOpenNI2.so;libusb::libusb)
[0.550s] -- Eigen found (include: /usr/include/eigen3, version: 3.4.0)
[0.554s] -- OpenNI found (version: 1.5.4.0, include: /usr/include/ni, lib: /usr/lib/libOpenNI.so;libusb::libusb)
[0.559s] -- OpenNI2 found (version: 2.2.0.33, include: /usr/include/openni2, lib: /usr/lib/x86_64-linux-gnu/libOpenNI2.so;libusb::libusb)
[0.649s] -- Found Qhull version 8.0.2
[0.762s] -- OpenNI found (version: 1.5.4.0, include: /usr/include/ni, lib: /usr/lib/libOpenNI.so;libusb::libusb)
[0.871s] -- Found eigen3_cmake_module: 0.1.1 (/opt/ros/humble/share/eigen3_cmake_module/cmake)
[0.871s] -- Ensuring Eigen3 include directory is part of orocos-kdl CMake target
[0.976s] -- Configuring done
[0.995s] -- Generating done
[1.000s] -- Build files have been written to: /home/xingmaker/landing/Fast-Perching/build/traj_opt
[1.009s] Invoked command in '/home/xingmaker/landing/Fast-Perching/build/traj_opt' returned '0': CMAKE_PREFIX_PATH=/home/xingmaker/landing/Fast-Perching/install/vis_utils:/home/xingmaker/landing/Fast-Perching/install/planning:/home/xingmaker/landing/Fast-Perching/install/traj_opt:/home/xingmaker/landing/Fast-Perching/install/odom_visualization:/home/xingmaker/landing/Fast-Perching/install/pose_utils:/home/xingmaker/vrx_ws/install:/opt/ros/humble /usr/bin/cmake /home/xingmaker/landing/Fast-Perching/src/traj_opt -DCMAKE_BUILD_TYPE=Release -DCMAKE_INSTALL_PREFIX=/home/xingmaker/landing/Fast-Perching/install/traj_opt
[1.010s] Invoking command in '/home/xingmaker/landing/Fast-Perching/build/traj_opt': CMAKE_PREFIX_PATH=/home/xingmaker/landing/Fast-Perching/install/vis_utils:/home/xingmaker/landing/Fast-Perching/install/planning:/home/xingmaker/landing/Fast-Perching/install/traj_opt:/home/xingmaker/landing/Fast-Perching/install/odom_visualization:/home/xingmaker/landing/Fast-Perching/install/pose_utils:/home/xingmaker/vrx_ws/install:/opt/ros/humble /usr/bin/cmake --build /home/xingmaker/landing/Fast-Perching/build/traj_opt -- -j20 -l20
[1.040s] Consolidate compiler generated dependencies of target traj_opt
[1.057s] [ 50%] Building CXX object CMakeFiles/traj_opt.dir/src/traj_opt_perching.cc.o
[16.763s] [100%] Linking CXX shared library libtraj_opt.so
[16.956s] [100%] Built target traj_opt
[16.962s] Invoked command in '/home/xingmaker/landing/Fast-Perching/build/traj_opt' returned '0': CMAKE_PREFIX_PATH=/home/xingmaker/landing/Fast-Perching/install/vis_utils:/home/xingmaker/landing/Fast-Perching/install/planning:/home/xingmaker/landing/Fast-Perching/install/traj_opt:/home/xingmaker/landing/Fast-Perching/install/odom_visualization:/home/xingmaker/landing/Fast-Perching/install/pose_utils:/home/xingmaker/vrx_ws/install:/opt/ros/humble /usr/bin/cmake --build /home/xingmaker/landing/Fast-Perching/build/traj_opt -- -j20 -l20
[16.962s] Invoking command in '/home/xingmaker/landing/Fast-Perching/build/traj_opt': CMAKE_PREFIX_PATH=/home/xingmaker/landing/Fast-Perching/install/vis_utils:/home/xingmaker/landing/Fast-Perching/install/planning:/home/xingmaker/landing/Fast-Perching/install/traj_opt:/home/xingmaker/landing/Fast-Perching/install/odom_visualization:/home/xingmaker/landing/Fast-Perching/install/pose_utils:/home/xingmaker/vrx_ws/install:/opt/ros/humble /usr/bin/cmake --install /home/xingmaker/landing/Fast-Perching/build/traj_opt
[16.967s] -- Install configuration: "Release"
[16.967s] -- Up-to-date: /home/xingmaker/landing/Fast-Perching/install/traj_opt/include
[16.967s] -- Up-to-date: /home/xingmaker/landing/Fast-Perching/install/traj_opt/include/traj_opt
[16.967s] -- Up-to-date: /home/xingmaker/landing/Fast-Perching/install/traj_opt/include/traj_opt/root_finder.hpp
[16.967s] -- Up-to-date: /home/xingmaker/landing/Fast-Perching/install/traj_opt/include/traj_opt/poly_traj_utils.hpp
[16.968s] -- Up-to-date: /home/xingmaker/landing/Fast-Perching/install/traj_opt/include/traj_opt/minco.hpp
[16.968s] -- Up-to-date: /home/xingmaker/landing/Fast-Perching/install/traj_opt/include/traj_opt/traj_opt.h
[16.968s] -- Up-to-date: /home/xingmaker/landing/Fast-Perching/install/traj_opt/include/traj_opt/lbfgs_raw.hpp
[16.968s] -- Installing: /home/xingmaker/landing/Fast-Perching/install/traj_opt/lib/libtraj_opt.so
[16.968s] -- Set runtime path of "/home/xingmaker/landing/Fast-Perching/install/traj_opt/lib/libtraj_opt.so" to ""
[16.968s] -- Up-to-date: /home/xingmaker/landing/Fast-Perching/install/traj_opt/share/traj_opt/environment/library_path.sh
[16.968s] -- Installing: /home/xingmaker/landing/Fast-Perching/install/traj_opt/share/traj_opt/environment/library_path.dsv
[16.968s] -- Up-to-date: /home/xingmaker/landing/Fast-Perching/install/traj_opt/share/ament_index/resource_index/package_run_dependencies/traj_opt
[16.968s] -- Installing: /home/xingmaker/landing/Fast-Perching/install/traj_opt/share/ament_index/resource_index/parent_prefix_path/traj_opt
[16.968s] -- Up-to-date: /home/xingmaker/landing/Fast-Perching/install/traj_opt/share/traj_opt/environment/ament_prefix_path.sh
[16.968s] -- Installing: /home/xingmaker/landing/Fast-Perching/install/traj_opt/share/traj_opt/environment/ament_prefix_path.dsv
[16.968s] -- Up-to-date: /home/xingmaker/landing/Fast-Perching/install/traj_opt/share/traj_opt/environment/path.sh
[16.968s] -- Installing: /home/xingmaker/landing/Fast-Perching/install/traj_opt/share/traj_opt/environment/path.dsv
[16.968s] -- Up-to-date: /home/xingmaker/landing/Fast-Perching/install/traj_opt/share/traj_opt/local_setup.bash
[16.968s] -- Up-to-date: /home/xingmaker/landing/Fast-Perching/install/traj_opt/share/traj_opt/local_setup.sh
[16.968s] -- Up-to-date: /home/xingmaker/landing/Fast-Perching/install/traj_opt/share/traj_opt/local_setup.zsh
[16.968s] -- Installing: /home/xingmaker/landing/Fast-Perching/install/traj_opt/share/traj_opt/local_setup.dsv
[16.968s] -- Installing: /home/xingmaker/landing/Fast-Perching/install/traj_opt/share/traj_opt/package.dsv
[16.968s] -- Up-to-date: /home/xingmaker/landing/Fast-Perching/install/traj_opt/share/ament_index/resource_index/packages/traj_opt
[16.968s] -- Up-to-date: /home/xingmaker/landing/Fast-Perching/install/traj_opt/share/traj_opt/cmake/ament_cmake_export_include_directories-extras.cmake
[16.968s] -- Up-to-date: /home/xingmaker/landing/Fast-Perching/install/traj_opt/share/traj_opt/cmake/ament_cmake_export_libraries-extras.cmake
[16.968s] -- Up-to-date: /home/xingmaker/landing/Fast-Perching/install/traj_opt/share/traj_opt/cmake/ament_cmake_export_dependencies-extras.cmake
[16.969s] -- Up-to-date: /home/xingmaker/landing/Fast-Perching/install/traj_opt/share/traj_opt/cmake/traj_optConfig.cmake
[16.969s] -- Up-to-date: /home/xingmaker/landing/Fast-Perching/install/traj_opt/share/traj_opt/cmake/traj_optConfig-version.cmake
[16.969s] -- Up-to-date: /home/xingmaker/landing/Fast-Perching/install/traj_opt/share/traj_opt/package.xml
[16.969s] Invoked command in '/home/xingmaker/landing/Fast-Perching/build/traj_opt' returned '0': CMAKE_PREFIX_PATH=/home/xingmaker/landing/Fast-Perching/install/vis_utils:/home/xingmaker/landing/Fast-Perching/install/planning:/home/xingmaker/landing/Fast-Perching/install/traj_opt:/home/xingmaker/landing/Fast-Perching/install/odom_visualization:/home/xingmaker/landing/Fast-Perching/install/pose_utils:/home/xingmaker/vrx_ws/install:/opt/ros/humble /usr/bin/cmake --install /home/xingmaker/landing/Fast-Perching/build/traj_opt
