[0.013s] Invoking command in '/home/xingmaker/landing/Fast-Perching/build/traj_opt': CMAKE_PREFIX_PATH=/home/xingmaker/landing/Fast-Perching/install/vis_utils:/home/xingmaker/landing/Fast-Perching/install/planning:/home/xingmaker/landing/Fast-Perching/install/traj_opt:/home/xingmaker/landing/Fast-Perching/install/pose_utils:/home/xingmaker/landing/Fast-Perching/install/odom_visualization:/home/xingmaker/vrx_ws/install:/opt/ros/humble /usr/bin/cmake /home/xingmaker/landing/Fast-Perching/src/traj_opt -DCMAKE_INSTALL_PREFIX=/home/xingmaker/landing/Fast-Perching/install/traj_opt
[0.028s] -- Found ament_cmake: 1.3.13 (/opt/ros/humble/share/ament_cmake/cmake)
[0.101s] -- Found rclcpp: 16.0.18 (/opt/ros/humble/share/rclcpp/cmake)
[0.116s] -- Found rosidl_generator_c: 3.1.8 (/opt/ros/humble/share/rosidl_generator_c/cmake)
[0.117s] -- Found rosidl_adapter: 3.1.8 (/opt/ros/humble/share/rosidl_adapter/cmake)
[0.120s] -- Found rosidl_generator_cpp: 3.1.8 (/opt/ros/humble/share/rosidl_generator_cpp/cmake)
[0.125s] -- Using all available rosidl_typesupport_c: rosidl_typesupport_fastrtps_c;rosidl_typesupport_introspection_c
[0.131s] -- Using all available rosidl_typesupport_cpp: rosidl_typesupport_fastrtps_cpp;rosidl_typesupport_introspection_cpp
[0.146s] -- Found rmw_implementation_cmake: 6.1.2 (/opt/ros/humble/share/rmw_implementation_cmake/cmake)
[0.146s] -- Found rmw_fastrtps_cpp: 6.2.10 (/opt/ros/humble/share/rmw_fastrtps_cpp/cmake)
[0.207s] -- Using RMW implementation 'rmw_fastrtps_cpp' as default
[0.233s] -- Found vis_utils: 0.0.0 (/home/xingmaker/landing/Fast-Perching/install/vis_utils/share/vis_utils/cmake)
[0.270s] -- Eigen found (include: /usr/include/eigen3, version: 3.4.0)
[0.301s] -- FLANN found (include: /usr/include, lib: /usr/lib/x86_64-linux-gnu/libflann_cpp.so)
[0.549s] -- OpenNI found (version: 1.5.4.0, include: /usr/include/ni, lib: /usr/lib/libOpenNI.so;libusb::libusb)
[0.553s] -- OpenNI2 found (version: 2.2.0.33, include: /usr/include/openni2, lib: /usr/lib/x86_64-linux-gnu/libOpenNI2.so;libusb::libusb)
[0.639s] -- Eigen found (include: /usr/include/eigen3, version: 3.4.0)
[0.643s] -- OpenNI found (version: 1.5.4.0, include: /usr/include/ni, lib: /usr/lib/libOpenNI.so;libusb::libusb)
[0.648s] -- OpenNI2 found (version: 2.2.0.33, include: /usr/include/openni2, lib: /usr/lib/x86_64-linux-gnu/libOpenNI2.so;libusb::libusb)
[0.746s] -- Found Qhull version 8.0.2
[0.833s] -- OpenNI found (version: 1.5.4.0, include: /usr/include/ni, lib: /usr/lib/libOpenNI.so;libusb::libusb)
[0.922s] -- Found eigen3_cmake_module: 0.1.1 (/opt/ros/humble/share/eigen3_cmake_module/cmake)
[0.923s] -- Ensuring Eigen3 include directory is part of orocos-kdl CMake target
[1.021s] -- Configuring done
[1.041s] -- Generating done
[1.046s] -- Build files have been written to: /home/xingmaker/landing/Fast-Perching/build/traj_opt
[1.054s] Invoked command in '/home/xingmaker/landing/Fast-Perching/build/traj_opt' returned '0': CMAKE_PREFIX_PATH=/home/xingmaker/landing/Fast-Perching/install/vis_utils:/home/xingmaker/landing/Fast-Perching/install/planning:/home/xingmaker/landing/Fast-Perching/install/traj_opt:/home/xingmaker/landing/Fast-Perching/install/pose_utils:/home/xingmaker/landing/Fast-Perching/install/odom_visualization:/home/xingmaker/vrx_ws/install:/opt/ros/humble /usr/bin/cmake /home/xingmaker/landing/Fast-Perching/src/traj_opt -DCMAKE_INSTALL_PREFIX=/home/xingmaker/landing/Fast-Perching/install/traj_opt
[1.055s] Invoking command in '/home/xingmaker/landing/Fast-Perching/build/traj_opt': CMAKE_PREFIX_PATH=/home/xingmaker/landing/Fast-Perching/install/vis_utils:/home/xingmaker/landing/Fast-Perching/install/planning:/home/xingmaker/landing/Fast-Perching/install/traj_opt:/home/xingmaker/landing/Fast-Perching/install/pose_utils:/home/xingmaker/landing/Fast-Perching/install/odom_visualization:/home/xingmaker/vrx_ws/install:/opt/ros/humble /usr/bin/cmake --build /home/xingmaker/landing/Fast-Perching/build/traj_opt -- -j20 -l20
[1.088s] [35m[1mConsolidate compiler generated dependencies of target traj_opt[0m
[1.114s] [100%] Built target traj_opt
[1.125s] Invoked command in '/home/xingmaker/landing/Fast-Perching/build/traj_opt' returned '0': CMAKE_PREFIX_PATH=/home/xingmaker/landing/Fast-Perching/install/vis_utils:/home/xingmaker/landing/Fast-Perching/install/planning:/home/xingmaker/landing/Fast-Perching/install/traj_opt:/home/xingmaker/landing/Fast-Perching/install/pose_utils:/home/xingmaker/landing/Fast-Perching/install/odom_visualization:/home/xingmaker/vrx_ws/install:/opt/ros/humble /usr/bin/cmake --build /home/xingmaker/landing/Fast-Perching/build/traj_opt -- -j20 -l20
[1.126s] Invoking command in '/home/xingmaker/landing/Fast-Perching/build/traj_opt': CMAKE_PREFIX_PATH=/home/xingmaker/landing/Fast-Perching/install/vis_utils:/home/xingmaker/landing/Fast-Perching/install/planning:/home/xingmaker/landing/Fast-Perching/install/traj_opt:/home/xingmaker/landing/Fast-Perching/install/pose_utils:/home/xingmaker/landing/Fast-Perching/install/odom_visualization:/home/xingmaker/vrx_ws/install:/opt/ros/humble /usr/bin/cmake --install /home/xingmaker/landing/Fast-Perching/build/traj_opt
[1.132s] -- Install configuration: "Release"
[1.132s] -- Up-to-date: /home/xingmaker/landing/Fast-Perching/install/traj_opt/include
[1.133s] -- Up-to-date: /home/xingmaker/landing/Fast-Perching/install/traj_opt/include/traj_opt
[1.133s] -- Up-to-date: /home/xingmaker/landing/Fast-Perching/install/traj_opt/include/traj_opt/root_finder.hpp
[1.133s] -- Up-to-date: /home/xingmaker/landing/Fast-Perching/install/traj_opt/include/traj_opt/poly_traj_utils.hpp
[1.133s] -- Up-to-date: /home/xingmaker/landing/Fast-Perching/install/traj_opt/include/traj_opt/minco.hpp
[1.133s] -- Up-to-date: /home/xingmaker/landing/Fast-Perching/install/traj_opt/include/traj_opt/traj_opt.h
[1.133s] -- Up-to-date: /home/xingmaker/landing/Fast-Perching/install/traj_opt/include/traj_opt/lbfgs_raw.hpp
[1.133s] -- Up-to-date: /home/xingmaker/landing/Fast-Perching/install/traj_opt/lib/libtraj_opt.so
[1.133s] -- Up-to-date: /home/xingmaker/landing/Fast-Perching/install/traj_opt/share/traj_opt/environment/library_path.sh
[1.133s] -- Installing: /home/xingmaker/landing/Fast-Perching/install/traj_opt/share/traj_opt/environment/library_path.dsv
[1.133s] -- Up-to-date: /home/xingmaker/landing/Fast-Perching/install/traj_opt/share/ament_index/resource_index/package_run_dependencies/traj_opt
[1.134s] -- Installing: /home/xingmaker/landing/Fast-Perching/install/traj_opt/share/ament_index/resource_index/parent_prefix_path/traj_opt
[1.134s] -- Up-to-date: /home/xingmaker/landing/Fast-Perching/install/traj_opt/share/traj_opt/environment/ament_prefix_path.sh
[1.134s] -- Installing: /home/xingmaker/landing/Fast-Perching/install/traj_opt/share/traj_opt/environment/ament_prefix_path.dsv
[1.134s] -- Up-to-date: /home/xingmaker/landing/Fast-Perching/install/traj_opt/share/traj_opt/environment/path.sh
[1.134s] -- Installing: /home/xingmaker/landing/Fast-Perching/install/traj_opt/share/traj_opt/environment/path.dsv
[1.134s] -- Up-to-date: /home/xingmaker/landing/Fast-Perching/install/traj_opt/share/traj_opt/local_setup.bash
[1.134s] -- Up-to-date: /home/xingmaker/landing/Fast-Perching/install/traj_opt/share/traj_opt/local_setup.sh
[1.134s] -- Up-to-date: /home/xingmaker/landing/Fast-Perching/install/traj_opt/share/traj_opt/local_setup.zsh
[1.134s] -- Installing: /home/xingmaker/landing/Fast-Perching/install/traj_opt/share/traj_opt/local_setup.dsv
[1.134s] -- Installing: /home/xingmaker/landing/Fast-Perching/install/traj_opt/share/traj_opt/package.dsv
[1.134s] -- Up-to-date: /home/xingmaker/landing/Fast-Perching/install/traj_opt/share/ament_index/resource_index/packages/traj_opt
[1.134s] -- Up-to-date: /home/xingmaker/landing/Fast-Perching/install/traj_opt/share/traj_opt/cmake/ament_cmake_export_include_directories-extras.cmake
[1.134s] -- Up-to-date: /home/xingmaker/landing/Fast-Perching/install/traj_opt/share/traj_opt/cmake/ament_cmake_export_libraries-extras.cmake
[1.134s] -- Up-to-date: /home/xingmaker/landing/Fast-Perching/install/traj_opt/share/traj_opt/cmake/ament_cmake_export_dependencies-extras.cmake
[1.135s] -- Up-to-date: /home/xingmaker/landing/Fast-Perching/install/traj_opt/share/traj_opt/cmake/traj_optConfig.cmake
[1.135s] -- Up-to-date: /home/xingmaker/landing/Fast-Perching/install/traj_opt/share/traj_opt/cmake/traj_optConfig-version.cmake
[1.135s] -- Up-to-date: /home/xingmaker/landing/Fast-Perching/install/traj_opt/share/traj_opt/package.xml
[1.136s] Invoked command in '/home/xingmaker/landing/Fast-Perching/build/traj_opt' returned '0': CMAKE_PREFIX_PATH=/home/xingmaker/landing/Fast-Perching/install/vis_utils:/home/xingmaker/landing/Fast-Perching/install/planning:/home/xingmaker/landing/Fast-Perching/install/traj_opt:/home/xingmaker/landing/Fast-Perching/install/pose_utils:/home/xingmaker/landing/Fast-Perching/install/odom_visualization:/home/xingmaker/vrx_ws/install:/opt/ros/humble /usr/bin/cmake --install /home/xingmaker/landing/Fast-Perching/build/traj_opt
