[0.050s] DEBUG:colcon:Command line arguments: ['/usr/bin/colcon', 'build']
[0.050s] DEBUG:colcon:Parsed command line arguments: Namespace(log_base=None, log_level=None, verb_name='build', build_base='build', install_base='install', merge_install=False, symlink_install=False, test_result_base=None, continue_on_error=False, executor='parallel', parallel_workers=20, event_handlers=None, ignore_user_meta=False, metas=['./colcon.meta'], base_paths=['.'], packages_ignore=None, packages_ignore_regex=None, paths=None, packages_up_to=None, packages_up_to_regex=None, packages_above=None, packages_above_and_dependencies=None, packages_above_depth=None, packages_select_by_dep=None, packages_skip_by_dep=None, packages_skip_up_to=None, packages_select_build_failed=False, packages_skip_build_finished=False, packages_select_test_failures=False, packages_skip_test_passed=False, packages_select=None, packages_skip=None, packages_select_regex=None, packages_skip_regex=None, packages_start=None, packages_end=None, allow_overriding=[], cmake_args=None, cmake_target=None, cmake_target_skip_unavailable=False, cmake_clean_cache=False, cmake_clean_first=False, cmake_force_configure=False, ament_cmake_args=None, catkin_cmake_args=None, catkin_skip_building_tests=False, verb_parser=<colcon_defaults.argument_parser.defaults.DefaultArgumentsDecorator object at 0x73a722b0db10>, verb_extension=<colcon_core.verb.build.BuildVerb object at 0x73a722ce30d0>, main=<bound method BuildVerb.main of <colcon_core.verb.build.BuildVerb object at 0x73a722ce30d0>>)
[0.142s] Level 1:colcon.colcon_core.package_discovery:discover_packages(colcon_meta) check parameters
[0.142s] Level 1:colcon.colcon_core.package_discovery:discover_packages(recursive) check parameters
[0.142s] Level 1:colcon.colcon_core.package_discovery:discover_packages(ignore) check parameters
[0.142s] Level 1:colcon.colcon_core.package_discovery:discover_packages(path) check parameters
[0.142s] Level 1:colcon.colcon_core.package_discovery:discover_packages(colcon_meta) discover
[0.142s] Level 1:colcon.colcon_core.package_discovery:discover_packages(recursive) discover
[0.142s] INFO:colcon.colcon_core.package_discovery:Crawling recursively for packages in '/home/xingmaker/landing/Fast-Perching'
[0.142s] Level 1:colcon.colcon_core.package_identification:_identify(.) by extensions ['ignore', 'ignore_ament_install']
[0.142s] Level 1:colcon.colcon_core.package_identification:_identify(.) by extension 'ignore'
[0.142s] Level 1:colcon.colcon_core.package_identification:_identify(.) by extension 'ignore_ament_install'
[0.142s] Level 1:colcon.colcon_core.package_identification:_identify(.) by extensions ['colcon_pkg']
[0.142s] Level 1:colcon.colcon_core.package_identification:_identify(.) by extension 'colcon_pkg'
[0.142s] Level 1:colcon.colcon_core.package_identification:_identify(.) by extensions ['colcon_meta']
[0.142s] Level 1:colcon.colcon_core.package_identification:_identify(.) by extension 'colcon_meta'
[0.142s] Level 1:colcon.colcon_core.package_identification:_identify(.) by extensions ['ros']
[0.142s] Level 1:colcon.colcon_core.package_identification:_identify(.) by extension 'ros'
[0.148s] Level 1:colcon.colcon_core.package_identification:_identify(.) by extensions ['cmake', 'python']
[0.148s] Level 1:colcon.colcon_core.package_identification:_identify(.) by extension 'cmake'
[0.148s] Level 1:colcon.colcon_core.package_identification:_identify(.) by extension 'python'
[0.148s] Level 1:colcon.colcon_core.package_identification:_identify(.) by extensions ['python_setup_py']
[0.148s] Level 1:colcon.colcon_core.package_identification:_identify(.) by extension 'python_setup_py'
[0.148s] Level 1:colcon.colcon_core.package_identification:_identify(build) by extensions ['ignore', 'ignore_ament_install']
[0.148s] Level 1:colcon.colcon_core.package_identification:_identify(build) by extension 'ignore'
[0.148s] Level 1:colcon.colcon_core.package_identification:_identify(build) ignored
[0.148s] Level 1:colcon.colcon_core.package_identification:_identify(install) by extensions ['ignore', 'ignore_ament_install']
[0.148s] Level 1:colcon.colcon_core.package_identification:_identify(install) by extension 'ignore'
[0.148s] Level 1:colcon.colcon_core.package_identification:_identify(install) ignored
[0.148s] Level 1:colcon.colcon_core.package_identification:_identify(log) by extensions ['ignore', 'ignore_ament_install']
[0.148s] Level 1:colcon.colcon_core.package_identification:_identify(log) by extension 'ignore'
[0.148s] Level 1:colcon.colcon_core.package_identification:_identify(log) ignored
[0.148s] Level 1:colcon.colcon_core.package_identification:_identify(sh_utils) by extensions ['ignore', 'ignore_ament_install']
[0.149s] Level 1:colcon.colcon_core.package_identification:_identify(sh_utils) by extension 'ignore'
[0.149s] Level 1:colcon.colcon_core.package_identification:_identify(sh_utils) by extension 'ignore_ament_install'
[0.149s] Level 1:colcon.colcon_core.package_identification:_identify(sh_utils) by extensions ['colcon_pkg']
[0.149s] Level 1:colcon.colcon_core.package_identification:_identify(sh_utils) by extension 'colcon_pkg'
[0.149s] Level 1:colcon.colcon_core.package_identification:_identify(sh_utils) by extensions ['colcon_meta']
[0.149s] Level 1:colcon.colcon_core.package_identification:_identify(sh_utils) by extension 'colcon_meta'
[0.149s] Level 1:colcon.colcon_core.package_identification:_identify(sh_utils) by extensions ['ros']
[0.149s] Level 1:colcon.colcon_core.package_identification:_identify(sh_utils) by extension 'ros'
[0.149s] Level 1:colcon.colcon_core.package_identification:_identify(sh_utils) by extensions ['cmake', 'python']
[0.149s] Level 1:colcon.colcon_core.package_identification:_identify(sh_utils) by extension 'cmake'
[0.149s] Level 1:colcon.colcon_core.package_identification:_identify(sh_utils) by extension 'python'
[0.149s] Level 1:colcon.colcon_core.package_identification:_identify(sh_utils) by extensions ['python_setup_py']
[0.149s] Level 1:colcon.colcon_core.package_identification:_identify(sh_utils) by extension 'python_setup_py'
[0.149s] Level 1:colcon.colcon_core.package_identification:_identify(src) by extensions ['ignore', 'ignore_ament_install']
[0.149s] Level 1:colcon.colcon_core.package_identification:_identify(src) by extension 'ignore'
[0.149s] Level 1:colcon.colcon_core.package_identification:_identify(src) by extension 'ignore_ament_install'
[0.149s] Level 1:colcon.colcon_core.package_identification:_identify(src) by extensions ['colcon_pkg']
[0.149s] Level 1:colcon.colcon_core.package_identification:_identify(src) by extension 'colcon_pkg'
[0.149s] Level 1:colcon.colcon_core.package_identification:_identify(src) by extensions ['colcon_meta']
[0.149s] Level 1:colcon.colcon_core.package_identification:_identify(src) by extension 'colcon_meta'
[0.149s] Level 1:colcon.colcon_core.package_identification:_identify(src) by extensions ['ros']
[0.149s] Level 1:colcon.colcon_core.package_identification:_identify(src) by extension 'ros'
[0.149s] Level 1:colcon.colcon_core.package_identification:_identify(src) by extensions ['cmake', 'python']
[0.149s] Level 1:colcon.colcon_core.package_identification:_identify(src) by extension 'cmake'
[0.149s] Level 1:colcon.colcon_core.package_identification:_identify(src) by extension 'python'
[0.149s] Level 1:colcon.colcon_core.package_identification:_identify(src) by extensions ['python_setup_py']
[0.149s] Level 1:colcon.colcon_core.package_identification:_identify(src) by extension 'python_setup_py'
[0.149s] Level 1:colcon.colcon_core.package_identification:_identify(src/odom_vis) by extensions ['ignore', 'ignore_ament_install']
[0.149s] Level 1:colcon.colcon_core.package_identification:_identify(src/odom_vis) by extension 'ignore'
[0.149s] Level 1:colcon.colcon_core.package_identification:_identify(src/odom_vis) by extension 'ignore_ament_install'
[0.149s] Level 1:colcon.colcon_core.package_identification:_identify(src/odom_vis) by extensions ['colcon_pkg']
[0.149s] Level 1:colcon.colcon_core.package_identification:_identify(src/odom_vis) by extension 'colcon_pkg'
[0.149s] Level 1:colcon.colcon_core.package_identification:_identify(src/odom_vis) by extensions ['colcon_meta']
[0.149s] Level 1:colcon.colcon_core.package_identification:_identify(src/odom_vis) by extension 'colcon_meta'
[0.149s] Level 1:colcon.colcon_core.package_identification:_identify(src/odom_vis) by extensions ['ros']
[0.149s] Level 1:colcon.colcon_core.package_identification:_identify(src/odom_vis) by extension 'ros'
[0.149s] Level 1:colcon.colcon_core.package_identification:_identify(src/odom_vis) by extensions ['cmake', 'python']
[0.149s] Level 1:colcon.colcon_core.package_identification:_identify(src/odom_vis) by extension 'cmake'
[0.149s] Level 1:colcon.colcon_core.package_identification:_identify(src/odom_vis) by extension 'python'
[0.149s] Level 1:colcon.colcon_core.package_identification:_identify(src/odom_vis) by extensions ['python_setup_py']
[0.149s] Level 1:colcon.colcon_core.package_identification:_identify(src/odom_vis) by extension 'python_setup_py'
[0.149s] Level 1:colcon.colcon_core.package_identification:_identify(src/odom_vis/odom_visualization) by extensions ['ignore', 'ignore_ament_install']
[0.149s] Level 1:colcon.colcon_core.package_identification:_identify(src/odom_vis/odom_visualization) by extension 'ignore'
[0.149s] Level 1:colcon.colcon_core.package_identification:_identify(src/odom_vis/odom_visualization) by extension 'ignore_ament_install'
[0.149s] Level 1:colcon.colcon_core.package_identification:_identify(src/odom_vis/odom_visualization) by extensions ['colcon_pkg']
[0.149s] Level 1:colcon.colcon_core.package_identification:_identify(src/odom_vis/odom_visualization) by extension 'colcon_pkg'
[0.149s] Level 1:colcon.colcon_core.package_identification:_identify(src/odom_vis/odom_visualization) by extensions ['colcon_meta']
[0.149s] Level 1:colcon.colcon_core.package_identification:_identify(src/odom_vis/odom_visualization) by extension 'colcon_meta'
[0.149s] Level 1:colcon.colcon_core.package_identification:_identify(src/odom_vis/odom_visualization) by extensions ['ros']
[0.149s] Level 1:colcon.colcon_core.package_identification:_identify(src/odom_vis/odom_visualization) by extension 'ros'
[0.155s] DEBUG:colcon.colcon_core.package_identification:Package 'src/odom_vis/odom_visualization' with type 'ros.ament_cmake' and name 'odom_visualization'
[0.155s] Level 1:colcon.colcon_core.package_identification:_identify(src/odom_vis/pose_utils) by extensions ['ignore', 'ignore_ament_install']
[0.155s] Level 1:colcon.colcon_core.package_identification:_identify(src/odom_vis/pose_utils) by extension 'ignore'
[0.155s] Level 1:colcon.colcon_core.package_identification:_identify(src/odom_vis/pose_utils) by extension 'ignore_ament_install'
[0.155s] Level 1:colcon.colcon_core.package_identification:_identify(src/odom_vis/pose_utils) by extensions ['colcon_pkg']
[0.155s] Level 1:colcon.colcon_core.package_identification:_identify(src/odom_vis/pose_utils) by extension 'colcon_pkg'
[0.155s] Level 1:colcon.colcon_core.package_identification:_identify(src/odom_vis/pose_utils) by extensions ['colcon_meta']
[0.155s] Level 1:colcon.colcon_core.package_identification:_identify(src/odom_vis/pose_utils) by extension 'colcon_meta'
[0.155s] Level 1:colcon.colcon_core.package_identification:_identify(src/odom_vis/pose_utils) by extensions ['ros']
[0.155s] Level 1:colcon.colcon_core.package_identification:_identify(src/odom_vis/pose_utils) by extension 'ros'
[0.156s] DEBUG:colcon.colcon_core.package_identification:Package 'src/odom_vis/pose_utils' with type 'ros.ament_cmake' and name 'pose_utils'
[0.156s] Level 1:colcon.colcon_core.package_identification:_identify(src/planning) by extensions ['ignore', 'ignore_ament_install']
[0.156s] Level 1:colcon.colcon_core.package_identification:_identify(src/planning) by extension 'ignore'
[0.156s] Level 1:colcon.colcon_core.package_identification:_identify(src/planning) by extension 'ignore_ament_install'
[0.156s] Level 1:colcon.colcon_core.package_identification:_identify(src/planning) by extensions ['colcon_pkg']
[0.156s] Level 1:colcon.colcon_core.package_identification:_identify(src/planning) by extension 'colcon_pkg'
[0.156s] Level 1:colcon.colcon_core.package_identification:_identify(src/planning) by extensions ['colcon_meta']
[0.156s] Level 1:colcon.colcon_core.package_identification:_identify(src/planning) by extension 'colcon_meta'
[0.156s] Level 1:colcon.colcon_core.package_identification:_identify(src/planning) by extensions ['ros']
[0.156s] Level 1:colcon.colcon_core.package_identification:_identify(src/planning) by extension 'ros'
[0.156s] DEBUG:colcon.colcon_core.package_identification:Package 'src/planning' with type 'ros.ament_cmake' and name 'planning'
[0.156s] Level 1:colcon.colcon_core.package_identification:_identify(src/traj_opt) by extensions ['ignore', 'ignore_ament_install']
[0.156s] Level 1:colcon.colcon_core.package_identification:_identify(src/traj_opt) by extension 'ignore'
[0.156s] Level 1:colcon.colcon_core.package_identification:_identify(src/traj_opt) by extension 'ignore_ament_install'
[0.156s] Level 1:colcon.colcon_core.package_identification:_identify(src/traj_opt) by extensions ['colcon_pkg']
[0.156s] Level 1:colcon.colcon_core.package_identification:_identify(src/traj_opt) by extension 'colcon_pkg'
[0.156s] Level 1:colcon.colcon_core.package_identification:_identify(src/traj_opt) by extensions ['colcon_meta']
[0.156s] Level 1:colcon.colcon_core.package_identification:_identify(src/traj_opt) by extension 'colcon_meta'
[0.156s] Level 1:colcon.colcon_core.package_identification:_identify(src/traj_opt) by extensions ['ros']
[0.156s] Level 1:colcon.colcon_core.package_identification:_identify(src/traj_opt) by extension 'ros'
[0.157s] DEBUG:colcon.colcon_core.package_identification:Package 'src/traj_opt' with type 'ros.ament_cmake' and name 'traj_opt'
[0.157s] Level 1:colcon.colcon_core.package_identification:_identify(src/vis_utils) by extensions ['ignore', 'ignore_ament_install']
[0.157s] Level 1:colcon.colcon_core.package_identification:_identify(src/vis_utils) by extension 'ignore'
[0.157s] Level 1:colcon.colcon_core.package_identification:_identify(src/vis_utils) by extension 'ignore_ament_install'
[0.157s] Level 1:colcon.colcon_core.package_identification:_identify(src/vis_utils) by extensions ['colcon_pkg']
[0.157s] Level 1:colcon.colcon_core.package_identification:_identify(src/vis_utils) by extension 'colcon_pkg'
[0.157s] Level 1:colcon.colcon_core.package_identification:_identify(src/vis_utils) by extensions ['colcon_meta']
[0.157s] Level 1:colcon.colcon_core.package_identification:_identify(src/vis_utils) by extension 'colcon_meta'
[0.157s] Level 1:colcon.colcon_core.package_identification:_identify(src/vis_utils) by extensions ['ros']
[0.157s] Level 1:colcon.colcon_core.package_identification:_identify(src/vis_utils) by extension 'ros'
[0.158s] DEBUG:colcon.colcon_core.package_identification:Package 'src/vis_utils' with type 'ros.ament_cmake' and name 'vis_utils'
[0.158s] Level 1:colcon.colcon_core.package_discovery:discover_packages(recursive) using defaults
[0.158s] Level 1:colcon.colcon_core.package_discovery:discover_packages(ignore) discover
[0.158s] Level 1:colcon.colcon_core.package_discovery:discover_packages(ignore) using defaults
[0.158s] Level 1:colcon.colcon_core.package_discovery:discover_packages(path) discover
[0.158s] Level 1:colcon.colcon_core.package_discovery:discover_packages(path) using defaults
[0.168s] Level 1:colcon.colcon_core.package_discovery:discover_packages(prefix_path) check parameters
[0.168s] Level 1:colcon.colcon_core.package_discovery:discover_packages(prefix_path) discover
[0.169s] DEBUG:colcon.colcon_installed_package_information.package_discovery:Found 5 installed packages in /home/xingmaker/landing/Fast-Perching/install
[0.169s] DEBUG:colcon.colcon_installed_package_information.package_discovery:Found 5 installed packages in /home/xingmaker/vrx_ws/install
[0.170s] DEBUG:colcon.colcon_installed_package_information.package_discovery:Found 287 installed packages in /opt/ros/humble
[0.170s] Level 1:colcon.colcon_core.package_discovery:discover_packages(prefix_path) using defaults
[0.187s] Level 5:colcon.colcon_core.verb:set package 'odom_visualization' build argument 'cmake_args' from command line to 'None'
[0.187s] Level 5:colcon.colcon_core.verb:set package 'odom_visualization' build argument 'cmake_target' from command line to 'None'
[0.187s] Level 5:colcon.colcon_core.verb:set package 'odom_visualization' build argument 'cmake_target_skip_unavailable' from command line to 'False'
[0.187s] Level 5:colcon.colcon_core.verb:set package 'odom_visualization' build argument 'cmake_clean_cache' from command line to 'False'
[0.187s] Level 5:colcon.colcon_core.verb:set package 'odom_visualization' build argument 'cmake_clean_first' from command line to 'False'
[0.187s] Level 5:colcon.colcon_core.verb:set package 'odom_visualization' build argument 'cmake_force_configure' from command line to 'False'
[0.187s] Level 5:colcon.colcon_core.verb:set package 'odom_visualization' build argument 'ament_cmake_args' from command line to 'None'
[0.187s] Level 5:colcon.colcon_core.verb:set package 'odom_visualization' build argument 'catkin_cmake_args' from command line to 'None'
[0.187s] Level 5:colcon.colcon_core.verb:set package 'odom_visualization' build argument 'catkin_skip_building_tests' from command line to 'False'
[0.187s] DEBUG:colcon.colcon_core.verb:Building package 'odom_visualization' with the following arguments: {'ament_cmake_args': None, 'build_base': '/home/xingmaker/landing/Fast-Perching/build/odom_visualization', 'catkin_cmake_args': None, 'catkin_skip_building_tests': False, 'cmake_args': None, 'cmake_clean_cache': False, 'cmake_clean_first': False, 'cmake_force_configure': False, 'cmake_target': None, 'cmake_target_skip_unavailable': False, 'install_base': '/home/xingmaker/landing/Fast-Perching/install/odom_visualization', 'merge_install': False, 'path': '/home/xingmaker/landing/Fast-Perching/src/odom_vis/odom_visualization', 'symlink_install': False, 'test_result_base': None}
[0.187s] Level 5:colcon.colcon_core.verb:set package 'pose_utils' build argument 'cmake_args' from command line to 'None'
[0.187s] Level 5:colcon.colcon_core.verb:set package 'pose_utils' build argument 'cmake_target' from command line to 'None'
[0.187s] Level 5:colcon.colcon_core.verb:set package 'pose_utils' build argument 'cmake_target_skip_unavailable' from command line to 'False'
[0.187s] Level 5:colcon.colcon_core.verb:set package 'pose_utils' build argument 'cmake_clean_cache' from command line to 'False'
[0.187s] Level 5:colcon.colcon_core.verb:set package 'pose_utils' build argument 'cmake_clean_first' from command line to 'False'
[0.187s] Level 5:colcon.colcon_core.verb:set package 'pose_utils' build argument 'cmake_force_configure' from command line to 'False'
[0.187s] Level 5:colcon.colcon_core.verb:set package 'pose_utils' build argument 'ament_cmake_args' from command line to 'None'
[0.187s] Level 5:colcon.colcon_core.verb:set package 'pose_utils' build argument 'catkin_cmake_args' from command line to 'None'
[0.187s] Level 5:colcon.colcon_core.verb:set package 'pose_utils' build argument 'catkin_skip_building_tests' from command line to 'False'
[0.187s] DEBUG:colcon.colcon_core.verb:Building package 'pose_utils' with the following arguments: {'ament_cmake_args': None, 'build_base': '/home/xingmaker/landing/Fast-Perching/build/pose_utils', 'catkin_cmake_args': None, 'catkin_skip_building_tests': False, 'cmake_args': None, 'cmake_clean_cache': False, 'cmake_clean_first': False, 'cmake_force_configure': False, 'cmake_target': None, 'cmake_target_skip_unavailable': False, 'install_base': '/home/xingmaker/landing/Fast-Perching/install/pose_utils', 'merge_install': False, 'path': '/home/xingmaker/landing/Fast-Perching/src/odom_vis/pose_utils', 'symlink_install': False, 'test_result_base': None}
[0.187s] Level 5:colcon.colcon_core.verb:set package 'vis_utils' build argument 'cmake_args' from command line to 'None'
[0.187s] Level 5:colcon.colcon_core.verb:set package 'vis_utils' build argument 'cmake_target' from command line to 'None'
[0.187s] Level 5:colcon.colcon_core.verb:set package 'vis_utils' build argument 'cmake_target_skip_unavailable' from command line to 'False'
[0.187s] Level 5:colcon.colcon_core.verb:set package 'vis_utils' build argument 'cmake_clean_cache' from command line to 'False'
[0.187s] Level 5:colcon.colcon_core.verb:set package 'vis_utils' build argument 'cmake_clean_first' from command line to 'False'
[0.187s] Level 5:colcon.colcon_core.verb:set package 'vis_utils' build argument 'cmake_force_configure' from command line to 'False'
[0.187s] Level 5:colcon.colcon_core.verb:set package 'vis_utils' build argument 'ament_cmake_args' from command line to 'None'
[0.187s] Level 5:colcon.colcon_core.verb:set package 'vis_utils' build argument 'catkin_cmake_args' from command line to 'None'
[0.187s] Level 5:colcon.colcon_core.verb:set package 'vis_utils' build argument 'catkin_skip_building_tests' from command line to 'False'
[0.187s] DEBUG:colcon.colcon_core.verb:Building package 'vis_utils' with the following arguments: {'ament_cmake_args': None, 'build_base': '/home/xingmaker/landing/Fast-Perching/build/vis_utils', 'catkin_cmake_args': None, 'catkin_skip_building_tests': False, 'cmake_args': None, 'cmake_clean_cache': False, 'cmake_clean_first': False, 'cmake_force_configure': False, 'cmake_target': None, 'cmake_target_skip_unavailable': False, 'install_base': '/home/xingmaker/landing/Fast-Perching/install/vis_utils', 'merge_install': False, 'path': '/home/xingmaker/landing/Fast-Perching/src/vis_utils', 'symlink_install': False, 'test_result_base': None}
[0.188s] Level 5:colcon.colcon_core.verb:set package 'traj_opt' build argument 'cmake_args' from command line to 'None'
[0.188s] Level 5:colcon.colcon_core.verb:set package 'traj_opt' build argument 'cmake_target' from command line to 'None'
[0.188s] Level 5:colcon.colcon_core.verb:set package 'traj_opt' build argument 'cmake_target_skip_unavailable' from command line to 'False'
[0.188s] Level 5:colcon.colcon_core.verb:set package 'traj_opt' build argument 'cmake_clean_cache' from command line to 'False'
[0.188s] Level 5:colcon.colcon_core.verb:set package 'traj_opt' build argument 'cmake_clean_first' from command line to 'False'
[0.188s] Level 5:colcon.colcon_core.verb:set package 'traj_opt' build argument 'cmake_force_configure' from command line to 'False'
[0.188s] Level 5:colcon.colcon_core.verb:set package 'traj_opt' build argument 'ament_cmake_args' from command line to 'None'
[0.188s] Level 5:colcon.colcon_core.verb:set package 'traj_opt' build argument 'catkin_cmake_args' from command line to 'None'
[0.188s] Level 5:colcon.colcon_core.verb:set package 'traj_opt' build argument 'catkin_skip_building_tests' from command line to 'False'
[0.188s] DEBUG:colcon.colcon_core.verb:Building package 'traj_opt' with the following arguments: {'ament_cmake_args': None, 'build_base': '/home/xingmaker/landing/Fast-Perching/build/traj_opt', 'catkin_cmake_args': None, 'catkin_skip_building_tests': False, 'cmake_args': None, 'cmake_clean_cache': False, 'cmake_clean_first': False, 'cmake_force_configure': False, 'cmake_target': None, 'cmake_target_skip_unavailable': False, 'install_base': '/home/xingmaker/landing/Fast-Perching/install/traj_opt', 'merge_install': False, 'path': '/home/xingmaker/landing/Fast-Perching/src/traj_opt', 'symlink_install': False, 'test_result_base': None}
[0.188s] Level 5:colcon.colcon_core.verb:set package 'planning' build argument 'cmake_args' from command line to 'None'
[0.188s] Level 5:colcon.colcon_core.verb:set package 'planning' build argument 'cmake_target' from command line to 'None'
[0.188s] Level 5:colcon.colcon_core.verb:set package 'planning' build argument 'cmake_target_skip_unavailable' from command line to 'False'
[0.188s] Level 5:colcon.colcon_core.verb:set package 'planning' build argument 'cmake_clean_cache' from command line to 'False'
[0.188s] Level 5:colcon.colcon_core.verb:set package 'planning' build argument 'cmake_clean_first' from command line to 'False'
[0.188s] Level 5:colcon.colcon_core.verb:set package 'planning' build argument 'cmake_force_configure' from command line to 'False'
[0.188s] Level 5:colcon.colcon_core.verb:set package 'planning' build argument 'ament_cmake_args' from command line to 'None'
[0.188s] Level 5:colcon.colcon_core.verb:set package 'planning' build argument 'catkin_cmake_args' from command line to 'None'
[0.188s] Level 5:colcon.colcon_core.verb:set package 'planning' build argument 'catkin_skip_building_tests' from command line to 'False'
[0.188s] DEBUG:colcon.colcon_core.verb:Building package 'planning' with the following arguments: {'ament_cmake_args': None, 'build_base': '/home/xingmaker/landing/Fast-Perching/build/planning', 'catkin_cmake_args': None, 'catkin_skip_building_tests': False, 'cmake_args': None, 'cmake_clean_cache': False, 'cmake_clean_first': False, 'cmake_force_configure': False, 'cmake_target': None, 'cmake_target_skip_unavailable': False, 'install_base': '/home/xingmaker/landing/Fast-Perching/install/planning', 'merge_install': False, 'path': '/home/xingmaker/landing/Fast-Perching/src/planning', 'symlink_install': False, 'test_result_base': None}
[0.188s] INFO:colcon.colcon_core.executor:Executing jobs using 'parallel' executor
[0.188s] DEBUG:colcon.colcon_parallel_executor.executor.parallel:run_until_complete
[0.189s] INFO:colcon.colcon_ros.task.ament_cmake.build:Building ROS package in '/home/xingmaker/landing/Fast-Perching/src/vis_utils' with build type 'ament_cmake'
[0.189s] INFO:colcon.colcon_cmake.task.cmake.build:Building CMake package in '/home/xingmaker/landing/Fast-Perching/src/vis_utils'
[0.190s] INFO:colcon.colcon_core.plugin_system:Skipping extension 'colcon_core.shell.bat': Not used on non-Windows systems
[0.190s] INFO:colcon.colcon_core.shell:Skip shell extension 'powershell' for command environment: Not usable outside of PowerShell
[0.190s] DEBUG:colcon.colcon_core.shell:Skip shell extension 'dsv' for command environment
[0.191s] INFO:colcon.colcon_ros.task.ament_cmake.build:Building ROS package in '/home/xingmaker/landing/Fast-Perching/src/odom_vis/odom_visualization' with build type 'ament_cmake'
[0.192s] INFO:colcon.colcon_cmake.task.cmake.build:Building CMake package in '/home/xingmaker/landing/Fast-Perching/src/odom_vis/odom_visualization'
[0.192s] INFO:colcon.colcon_core.shell:Skip shell extension 'powershell' for command environment: Not usable outside of PowerShell
[0.192s] DEBUG:colcon.colcon_core.shell:Skip shell extension 'dsv' for command environment
[0.193s] INFO:colcon.colcon_ros.task.ament_cmake.build:Building ROS package in '/home/xingmaker/landing/Fast-Perching/src/odom_vis/pose_utils' with build type 'ament_cmake'
[0.193s] INFO:colcon.colcon_cmake.task.cmake.build:Building CMake package in '/home/xingmaker/landing/Fast-Perching/src/odom_vis/pose_utils'
[0.193s] INFO:colcon.colcon_core.shell:Skip shell extension 'powershell' for command environment: Not usable outside of PowerShell
[0.193s] DEBUG:colcon.colcon_core.shell:Skip shell extension 'dsv' for command environment
[0.197s] DEBUG:colcon.colcon_core.event_handler.log_command:Invoking command in '/home/xingmaker/landing/Fast-Perching/build/vis_utils': CMAKE_PREFIX_PATH=${CMAKE_PREFIX_PATH}:/opt/ros/humble /usr/bin/cmake /home/xingmaker/landing/Fast-Perching/src/vis_utils -DCMAKE_INSTALL_PREFIX=/home/xingmaker/landing/Fast-Perching/install/vis_utils
[0.198s] DEBUG:colcon.colcon_core.event_handler.log_command:Invoking command in '/home/xingmaker/landing/Fast-Perching/build/odom_visualization': CMAKE_PREFIX_PATH=${CMAKE_PREFIX_PATH}:/opt/ros/humble /usr/bin/cmake /home/xingmaker/landing/Fast-Perching/src/odom_vis/odom_visualization -DCMAKE_INSTALL_PREFIX=/home/xingmaker/landing/Fast-Perching/install/odom_visualization
[0.199s] DEBUG:colcon.colcon_core.event_handler.log_command:Invoking command in '/home/xingmaker/landing/Fast-Perching/build/pose_utils': CMAKE_PREFIX_PATH=${CMAKE_PREFIX_PATH}:/opt/ros/humble /usr/bin/cmake /home/xingmaker/landing/Fast-Perching/src/odom_vis/pose_utils -DCMAKE_INSTALL_PREFIX=/home/xingmaker/landing/Fast-Perching/install/pose_utils
[0.455s] DEBUG:colcon.colcon_core.event_handler.log_command:Invoked command in '/home/xingmaker/landing/Fast-Perching/build/pose_utils' returned '0': CMAKE_PREFIX_PATH=${CMAKE_PREFIX_PATH}:/opt/ros/humble /usr/bin/cmake /home/xingmaker/landing/Fast-Perching/src/odom_vis/pose_utils -DCMAKE_INSTALL_PREFIX=/home/xingmaker/landing/Fast-Perching/install/pose_utils
[0.457s] DEBUG:colcon.colcon_core.event_handler.log_command:Invoking command in '/home/xingmaker/landing/Fast-Perching/build/pose_utils': CMAKE_PREFIX_PATH=${CMAKE_PREFIX_PATH}:/opt/ros/humble /usr/bin/cmake --build /home/xingmaker/landing/Fast-Perching/build/pose_utils -- -j20 -l20
[0.500s] DEBUG:colcon.colcon_core.event_handler.log_command:Invoked command in '/home/xingmaker/landing/Fast-Perching/build/pose_utils' returned '0': CMAKE_PREFIX_PATH=${CMAKE_PREFIX_PATH}:/opt/ros/humble /usr/bin/cmake --build /home/xingmaker/landing/Fast-Perching/build/pose_utils -- -j20 -l20
[0.506s] DEBUG:colcon.colcon_core.event_handler.log_command:Invoking command in '/home/xingmaker/landing/Fast-Perching/build/pose_utils': CMAKE_PREFIX_PATH=${CMAKE_PREFIX_PATH}:/opt/ros/humble /usr/bin/cmake --install /home/xingmaker/landing/Fast-Perching/build/pose_utils
[0.514s] Level 1:colcon.colcon_core.environment:create_environment_scripts_only(pose_utils)
[0.514s] DEBUG:colcon.colcon_core.event_handler.log_command:Invoked command in '/home/xingmaker/landing/Fast-Perching/build/pose_utils' returned '0': CMAKE_PREFIX_PATH=${CMAKE_PREFIX_PATH}:/opt/ros/humble /usr/bin/cmake --install /home/xingmaker/landing/Fast-Perching/build/pose_utils
[0.516s] Level 1:colcon.colcon_core.environment:checking '/home/xingmaker/landing/Fast-Perching/install/pose_utils' for CMake module files
[0.516s] Level 1:colcon.colcon_core.environment:checking '/home/xingmaker/landing/Fast-Perching/install/pose_utils' for CMake config files
[0.516s] Level 1:colcon.colcon_core.shell:create_environment_hook('pose_utils', 'cmake_prefix_path')
[0.517s] INFO:colcon.colcon_core.shell:Creating environment hook '/home/xingmaker/landing/Fast-Perching/install/pose_utils/share/pose_utils/hook/cmake_prefix_path.ps1'
[0.517s] INFO:colcon.colcon_core.shell:Creating environment descriptor '/home/xingmaker/landing/Fast-Perching/install/pose_utils/share/pose_utils/hook/cmake_prefix_path.dsv'
[0.517s] INFO:colcon.colcon_core.shell:Creating environment hook '/home/xingmaker/landing/Fast-Perching/install/pose_utils/share/pose_utils/hook/cmake_prefix_path.sh'
[0.517s] Level 1:colcon.colcon_core.environment:checking '/home/xingmaker/landing/Fast-Perching/install/pose_utils/lib'
[0.517s] Level 1:colcon.colcon_core.shell:create_environment_hook('pose_utils', 'ld_library_path_lib')
[0.518s] INFO:colcon.colcon_core.shell:Creating environment hook '/home/xingmaker/landing/Fast-Perching/install/pose_utils/share/pose_utils/hook/ld_library_path_lib.ps1'
[0.518s] INFO:colcon.colcon_core.shell:Creating environment descriptor '/home/xingmaker/landing/Fast-Perching/install/pose_utils/share/pose_utils/hook/ld_library_path_lib.dsv'
[0.518s] INFO:colcon.colcon_core.shell:Creating environment hook '/home/xingmaker/landing/Fast-Perching/install/pose_utils/share/pose_utils/hook/ld_library_path_lib.sh'
[0.518s] Level 1:colcon.colcon_core.environment:checking '/home/xingmaker/landing/Fast-Perching/install/pose_utils/bin'
[0.518s] Level 1:colcon.colcon_core.environment:checking '/home/xingmaker/landing/Fast-Perching/install/pose_utils/lib/pkgconfig/pose_utils.pc'
[0.518s] Level 1:colcon.colcon_core.environment:checking '/home/xingmaker/landing/Fast-Perching/install/pose_utils/lib/python3.10/site-packages'
[0.518s] Level 1:colcon.colcon_core.environment:checking '/home/xingmaker/landing/Fast-Perching/install/pose_utils/bin'
[0.519s] INFO:colcon.colcon_core.shell:Creating package script '/home/xingmaker/landing/Fast-Perching/install/pose_utils/share/pose_utils/package.ps1'
[0.519s] INFO:colcon.colcon_core.shell:Creating package descriptor '/home/xingmaker/landing/Fast-Perching/install/pose_utils/share/pose_utils/package.dsv'
[0.519s] INFO:colcon.colcon_core.shell:Creating package script '/home/xingmaker/landing/Fast-Perching/install/pose_utils/share/pose_utils/package.sh'
[0.519s] INFO:colcon.colcon_core.shell:Creating package script '/home/xingmaker/landing/Fast-Perching/install/pose_utils/share/pose_utils/package.bash'
[0.520s] INFO:colcon.colcon_core.shell:Creating package script '/home/xingmaker/landing/Fast-Perching/install/pose_utils/share/pose_utils/package.zsh'
[0.520s] Level 1:colcon.colcon_core.environment:create_file_with_runtime_dependencies(/home/xingmaker/landing/Fast-Perching/install/pose_utils/share/colcon-core/packages/pose_utils)
[0.520s] Level 1:colcon.colcon_core.environment:create_environment_scripts_only(pose_utils)
[0.520s] Level 1:colcon.colcon_core.environment:checking '/home/xingmaker/landing/Fast-Perching/install/pose_utils' for CMake module files
[0.521s] Level 1:colcon.colcon_core.environment:checking '/home/xingmaker/landing/Fast-Perching/install/pose_utils' for CMake config files
[0.521s] Level 1:colcon.colcon_core.shell:create_environment_hook('pose_utils', 'cmake_prefix_path')
[0.521s] INFO:colcon.colcon_core.shell:Creating environment hook '/home/xingmaker/landing/Fast-Perching/install/pose_utils/share/pose_utils/hook/cmake_prefix_path.ps1'
[0.521s] INFO:colcon.colcon_core.shell:Creating environment descriptor '/home/xingmaker/landing/Fast-Perching/install/pose_utils/share/pose_utils/hook/cmake_prefix_path.dsv'
[0.521s] INFO:colcon.colcon_core.shell:Creating environment hook '/home/xingmaker/landing/Fast-Perching/install/pose_utils/share/pose_utils/hook/cmake_prefix_path.sh'
[0.521s] Level 1:colcon.colcon_core.environment:checking '/home/xingmaker/landing/Fast-Perching/install/pose_utils/lib'
[0.521s] Level 1:colcon.colcon_core.shell:create_environment_hook('pose_utils', 'ld_library_path_lib')
[0.521s] INFO:colcon.colcon_core.shell:Creating environment hook '/home/xingmaker/landing/Fast-Perching/install/pose_utils/share/pose_utils/hook/ld_library_path_lib.ps1'
[0.522s] INFO:colcon.colcon_core.shell:Creating environment descriptor '/home/xingmaker/landing/Fast-Perching/install/pose_utils/share/pose_utils/hook/ld_library_path_lib.dsv'
[0.522s] INFO:colcon.colcon_core.shell:Creating environment hook '/home/xingmaker/landing/Fast-Perching/install/pose_utils/share/pose_utils/hook/ld_library_path_lib.sh'
[0.522s] Level 1:colcon.colcon_core.environment:checking '/home/xingmaker/landing/Fast-Perching/install/pose_utils/bin'
[0.522s] Level 1:colcon.colcon_core.environment:checking '/home/xingmaker/landing/Fast-Perching/install/pose_utils/lib/pkgconfig/pose_utils.pc'
[0.522s] Level 1:colcon.colcon_core.environment:checking '/home/xingmaker/landing/Fast-Perching/install/pose_utils/lib/python3.10/site-packages'
[0.523s] Level 1:colcon.colcon_core.environment:checking '/home/xingmaker/landing/Fast-Perching/install/pose_utils/bin'
[0.523s] INFO:colcon.colcon_core.shell:Creating package script '/home/xingmaker/landing/Fast-Perching/install/pose_utils/share/pose_utils/package.ps1'
[0.523s] INFO:colcon.colcon_core.shell:Creating package descriptor '/home/xingmaker/landing/Fast-Perching/install/pose_utils/share/pose_utils/package.dsv'
[0.523s] INFO:colcon.colcon_core.shell:Creating package script '/home/xingmaker/landing/Fast-Perching/install/pose_utils/share/pose_utils/package.sh'
[0.523s] INFO:colcon.colcon_core.shell:Creating package script '/home/xingmaker/landing/Fast-Perching/install/pose_utils/share/pose_utils/package.bash'
[0.524s] INFO:colcon.colcon_core.shell:Creating package script '/home/xingmaker/landing/Fast-Perching/install/pose_utils/share/pose_utils/package.zsh'
[0.524s] Level 1:colcon.colcon_core.environment:create_file_with_runtime_dependencies(/home/xingmaker/landing/Fast-Perching/install/pose_utils/share/colcon-core/packages/pose_utils)
[0.539s] DEBUG:colcon.colcon_core.event_handler.log_command:Invoked command in '/home/xingmaker/landing/Fast-Perching/build/odom_visualization' returned '0': CMAKE_PREFIX_PATH=${CMAKE_PREFIX_PATH}:/opt/ros/humble /usr/bin/cmake /home/xingmaker/landing/Fast-Perching/src/odom_vis/odom_visualization -DCMAKE_INSTALL_PREFIX=/home/xingmaker/landing/Fast-Perching/install/odom_visualization
[0.540s] DEBUG:colcon.colcon_core.event_handler.log_command:Invoking command in '/home/xingmaker/landing/Fast-Perching/build/odom_visualization': CMAKE_PREFIX_PATH=${CMAKE_PREFIX_PATH}:/opt/ros/humble /usr/bin/cmake --build /home/xingmaker/landing/Fast-Perching/build/odom_visualization -- -j20 -l20
[0.589s] DEBUG:colcon.colcon_core.event_handler.log_command:Invoked command in '/home/xingmaker/landing/Fast-Perching/build/odom_visualization' returned '0': CMAKE_PREFIX_PATH=${CMAKE_PREFIX_PATH}:/opt/ros/humble /usr/bin/cmake --build /home/xingmaker/landing/Fast-Perching/build/odom_visualization -- -j20 -l20
[0.590s] DEBUG:colcon.colcon_core.event_handler.log_command:Invoking command in '/home/xingmaker/landing/Fast-Perching/build/odom_visualization': CMAKE_PREFIX_PATH=${CMAKE_PREFIX_PATH}:/opt/ros/humble /usr/bin/cmake --install /home/xingmaker/landing/Fast-Perching/build/odom_visualization
[0.595s] Level 1:colcon.colcon_core.environment:create_environment_scripts_only(odom_visualization)
[0.595s] Level 1:colcon.colcon_core.environment:checking '/home/xingmaker/landing/Fast-Perching/install/odom_visualization' for CMake module files
[0.596s] DEBUG:colcon.colcon_core.event_handler.log_command:Invoked command in '/home/xingmaker/landing/Fast-Perching/build/odom_visualization' returned '0': CMAKE_PREFIX_PATH=${CMAKE_PREFIX_PATH}:/opt/ros/humble /usr/bin/cmake --install /home/xingmaker/landing/Fast-Perching/build/odom_visualization
[0.596s] Level 1:colcon.colcon_core.environment:checking '/home/xingmaker/landing/Fast-Perching/install/odom_visualization' for CMake config files
[0.596s] Level 1:colcon.colcon_core.shell:create_environment_hook('odom_visualization', 'cmake_prefix_path')
[0.596s] INFO:colcon.colcon_core.shell:Creating environment hook '/home/xingmaker/landing/Fast-Perching/install/odom_visualization/share/odom_visualization/hook/cmake_prefix_path.ps1'
[0.596s] INFO:colcon.colcon_core.shell:Creating environment descriptor '/home/xingmaker/landing/Fast-Perching/install/odom_visualization/share/odom_visualization/hook/cmake_prefix_path.dsv'
[0.597s] INFO:colcon.colcon_core.shell:Creating environment hook '/home/xingmaker/landing/Fast-Perching/install/odom_visualization/share/odom_visualization/hook/cmake_prefix_path.sh'
[0.597s] Level 1:colcon.colcon_core.environment:checking '/home/xingmaker/landing/Fast-Perching/install/odom_visualization/lib'
[0.597s] Level 1:colcon.colcon_core.environment:checking '/home/xingmaker/landing/Fast-Perching/install/odom_visualization/bin'
[0.597s] Level 1:colcon.colcon_core.environment:checking '/home/xingmaker/landing/Fast-Perching/install/odom_visualization/lib/pkgconfig/odom_visualization.pc'
[0.597s] Level 1:colcon.colcon_core.environment:checking '/home/xingmaker/landing/Fast-Perching/install/odom_visualization/lib/python3.10/site-packages'
[0.597s] Level 1:colcon.colcon_core.environment:checking '/home/xingmaker/landing/Fast-Perching/install/odom_visualization/bin'
[0.597s] INFO:colcon.colcon_core.shell:Creating package script '/home/xingmaker/landing/Fast-Perching/install/odom_visualization/share/odom_visualization/package.ps1'
[0.598s] INFO:colcon.colcon_core.shell:Creating package descriptor '/home/xingmaker/landing/Fast-Perching/install/odom_visualization/share/odom_visualization/package.dsv'
[0.598s] INFO:colcon.colcon_core.shell:Creating package script '/home/xingmaker/landing/Fast-Perching/install/odom_visualization/share/odom_visualization/package.sh'
[0.598s] INFO:colcon.colcon_core.shell:Creating package script '/home/xingmaker/landing/Fast-Perching/install/odom_visualization/share/odom_visualization/package.bash'
[0.598s] INFO:colcon.colcon_core.shell:Creating package script '/home/xingmaker/landing/Fast-Perching/install/odom_visualization/share/odom_visualization/package.zsh'
[0.598s] Level 1:colcon.colcon_core.environment:create_file_with_runtime_dependencies(/home/xingmaker/landing/Fast-Perching/install/odom_visualization/share/colcon-core/packages/odom_visualization)
[0.598s] Level 1:colcon.colcon_core.environment:create_environment_scripts_only(odom_visualization)
[0.598s] Level 1:colcon.colcon_core.environment:checking '/home/xingmaker/landing/Fast-Perching/install/odom_visualization' for CMake module files
[0.599s] Level 1:colcon.colcon_core.environment:checking '/home/xingmaker/landing/Fast-Perching/install/odom_visualization' for CMake config files
[0.599s] Level 1:colcon.colcon_core.shell:create_environment_hook('odom_visualization', 'cmake_prefix_path')
[0.599s] INFO:colcon.colcon_core.shell:Creating environment hook '/home/xingmaker/landing/Fast-Perching/install/odom_visualization/share/odom_visualization/hook/cmake_prefix_path.ps1'
[0.599s] INFO:colcon.colcon_core.shell:Creating environment descriptor '/home/xingmaker/landing/Fast-Perching/install/odom_visualization/share/odom_visualization/hook/cmake_prefix_path.dsv'
[0.599s] INFO:colcon.colcon_core.shell:Creating environment hook '/home/xingmaker/landing/Fast-Perching/install/odom_visualization/share/odom_visualization/hook/cmake_prefix_path.sh'
[0.599s] Level 1:colcon.colcon_core.environment:checking '/home/xingmaker/landing/Fast-Perching/install/odom_visualization/lib'
[0.599s] Level 1:colcon.colcon_core.environment:checking '/home/xingmaker/landing/Fast-Perching/install/odom_visualization/bin'
[0.599s] Level 1:colcon.colcon_core.environment:checking '/home/xingmaker/landing/Fast-Perching/install/odom_visualization/lib/pkgconfig/odom_visualization.pc'
[0.600s] Level 1:colcon.colcon_core.environment:checking '/home/xingmaker/landing/Fast-Perching/install/odom_visualization/lib/python3.10/site-packages'
[0.600s] Level 1:colcon.colcon_core.environment:checking '/home/xingmaker/landing/Fast-Perching/install/odom_visualization/bin'
[0.600s] INFO:colcon.colcon_core.shell:Creating package script '/home/xingmaker/landing/Fast-Perching/install/odom_visualization/share/odom_visualization/package.ps1'
[0.600s] INFO:colcon.colcon_core.shell:Creating package descriptor '/home/xingmaker/landing/Fast-Perching/install/odom_visualization/share/odom_visualization/package.dsv'
[0.600s] INFO:colcon.colcon_core.shell:Creating package script '/home/xingmaker/landing/Fast-Perching/install/odom_visualization/share/odom_visualization/package.sh'
[0.600s] INFO:colcon.colcon_core.shell:Creating package script '/home/xingmaker/landing/Fast-Perching/install/odom_visualization/share/odom_visualization/package.bash'
[0.601s] INFO:colcon.colcon_core.shell:Creating package script '/home/xingmaker/landing/Fast-Perching/install/odom_visualization/share/odom_visualization/package.zsh'
[0.601s] Level 1:colcon.colcon_core.environment:create_file_with_runtime_dependencies(/home/xingmaker/landing/Fast-Perching/install/odom_visualization/share/colcon-core/packages/odom_visualization)
[1.103s] DEBUG:colcon.colcon_core.event_handler.log_command:Invoked command in '/home/xingmaker/landing/Fast-Perching/build/vis_utils' returned '0': CMAKE_PREFIX_PATH=${CMAKE_PREFIX_PATH}:/opt/ros/humble /usr/bin/cmake /home/xingmaker/landing/Fast-Perching/src/vis_utils -DCMAKE_INSTALL_PREFIX=/home/xingmaker/landing/Fast-Perching/install/vis_utils
[1.105s] DEBUG:colcon.colcon_core.event_handler.log_command:Invoking command in '/home/xingmaker/landing/Fast-Perching/build/vis_utils': CMAKE_PREFIX_PATH=${CMAKE_PREFIX_PATH}:/opt/ros/humble /usr/bin/cmake --build /home/xingmaker/landing/Fast-Perching/build/vis_utils -- -j20 -l20
[1.134s] DEBUG:colcon.colcon_core.event_handler.log_command:Invoked command in '/home/xingmaker/landing/Fast-Perching/build/vis_utils' returned '0': CMAKE_PREFIX_PATH=${CMAKE_PREFIX_PATH}:/opt/ros/humble /usr/bin/cmake --build /home/xingmaker/landing/Fast-Perching/build/vis_utils -- -j20 -l20
[1.137s] DEBUG:colcon.colcon_core.event_handler.log_command:Invoking command in '/home/xingmaker/landing/Fast-Perching/build/vis_utils': CMAKE_PREFIX_PATH=${CMAKE_PREFIX_PATH}:/opt/ros/humble /usr/bin/cmake --install /home/xingmaker/landing/Fast-Perching/build/vis_utils
[1.144s] Level 1:colcon.colcon_core.environment:create_environment_scripts_only(vis_utils)
[1.145s] Level 1:colcon.colcon_core.environment:checking '/home/xingmaker/landing/Fast-Perching/install/vis_utils' for CMake module files
[1.145s] DEBUG:colcon.colcon_core.event_handler.log_command:Invoked command in '/home/xingmaker/landing/Fast-Perching/build/vis_utils' returned '0': CMAKE_PREFIX_PATH=${CMAKE_PREFIX_PATH}:/opt/ros/humble /usr/bin/cmake --install /home/xingmaker/landing/Fast-Perching/build/vis_utils
[1.146s] Level 1:colcon.colcon_core.environment:checking '/home/xingmaker/landing/Fast-Perching/install/vis_utils' for CMake config files
[1.146s] Level 1:colcon.colcon_core.shell:create_environment_hook('vis_utils', 'cmake_prefix_path')
[1.146s] INFO:colcon.colcon_core.shell:Creating environment hook '/home/xingmaker/landing/Fast-Perching/install/vis_utils/share/vis_utils/hook/cmake_prefix_path.ps1'
[1.147s] INFO:colcon.colcon_core.shell:Creating environment descriptor '/home/xingmaker/landing/Fast-Perching/install/vis_utils/share/vis_utils/hook/cmake_prefix_path.dsv'
[1.147s] INFO:colcon.colcon_core.shell:Creating environment hook '/home/xingmaker/landing/Fast-Perching/install/vis_utils/share/vis_utils/hook/cmake_prefix_path.sh'
[1.148s] Level 1:colcon.colcon_core.environment:checking '/home/xingmaker/landing/Fast-Perching/install/vis_utils/bin'
[1.148s] Level 1:colcon.colcon_core.environment:checking '/home/xingmaker/landing/Fast-Perching/install/vis_utils/lib/pkgconfig/vis_utils.pc'
[1.148s] Level 1:colcon.colcon_core.environment:checking '/home/xingmaker/landing/Fast-Perching/install/vis_utils/lib/python3.10/site-packages'
[1.148s] Level 1:colcon.colcon_core.environment:checking '/home/xingmaker/landing/Fast-Perching/install/vis_utils/bin'
[1.148s] INFO:colcon.colcon_core.shell:Creating package script '/home/xingmaker/landing/Fast-Perching/install/vis_utils/share/vis_utils/package.ps1'
[1.149s] INFO:colcon.colcon_core.shell:Creating package descriptor '/home/xingmaker/landing/Fast-Perching/install/vis_utils/share/vis_utils/package.dsv'
[1.149s] INFO:colcon.colcon_core.shell:Creating package script '/home/xingmaker/landing/Fast-Perching/install/vis_utils/share/vis_utils/package.sh'
[1.149s] INFO:colcon.colcon_core.shell:Creating package script '/home/xingmaker/landing/Fast-Perching/install/vis_utils/share/vis_utils/package.bash'
[1.149s] INFO:colcon.colcon_core.shell:Creating package script '/home/xingmaker/landing/Fast-Perching/install/vis_utils/share/vis_utils/package.zsh'
[1.150s] Level 1:colcon.colcon_core.environment:create_file_with_runtime_dependencies(/home/xingmaker/landing/Fast-Perching/install/vis_utils/share/colcon-core/packages/vis_utils)
[1.150s] Level 1:colcon.colcon_core.environment:create_environment_scripts_only(vis_utils)
[1.150s] Level 1:colcon.colcon_core.environment:checking '/home/xingmaker/landing/Fast-Perching/install/vis_utils' for CMake module files
[1.150s] Level 1:colcon.colcon_core.environment:checking '/home/xingmaker/landing/Fast-Perching/install/vis_utils' for CMake config files
[1.151s] Level 1:colcon.colcon_core.shell:create_environment_hook('vis_utils', 'cmake_prefix_path')
[1.151s] INFO:colcon.colcon_core.shell:Creating environment hook '/home/xingmaker/landing/Fast-Perching/install/vis_utils/share/vis_utils/hook/cmake_prefix_path.ps1'
[1.151s] INFO:colcon.colcon_core.shell:Creating environment descriptor '/home/xingmaker/landing/Fast-Perching/install/vis_utils/share/vis_utils/hook/cmake_prefix_path.dsv'
[1.151s] INFO:colcon.colcon_core.shell:Creating environment hook '/home/xingmaker/landing/Fast-Perching/install/vis_utils/share/vis_utils/hook/cmake_prefix_path.sh'
[1.152s] Level 1:colcon.colcon_core.environment:checking '/home/xingmaker/landing/Fast-Perching/install/vis_utils/bin'
[1.152s] Level 1:colcon.colcon_core.environment:checking '/home/xingmaker/landing/Fast-Perching/install/vis_utils/lib/pkgconfig/vis_utils.pc'
[1.152s] Level 1:colcon.colcon_core.environment:checking '/home/xingmaker/landing/Fast-Perching/install/vis_utils/lib/python3.10/site-packages'
[1.152s] Level 1:colcon.colcon_core.environment:checking '/home/xingmaker/landing/Fast-Perching/install/vis_utils/bin'
[1.152s] INFO:colcon.colcon_core.shell:Creating package script '/home/xingmaker/landing/Fast-Perching/install/vis_utils/share/vis_utils/package.ps1'
[1.153s] INFO:colcon.colcon_core.shell:Creating package descriptor '/home/xingmaker/landing/Fast-Perching/install/vis_utils/share/vis_utils/package.dsv'
[1.153s] INFO:colcon.colcon_core.shell:Creating package script '/home/xingmaker/landing/Fast-Perching/install/vis_utils/share/vis_utils/package.sh'
[1.154s] INFO:colcon.colcon_core.shell:Creating package script '/home/xingmaker/landing/Fast-Perching/install/vis_utils/share/vis_utils/package.bash'
[1.154s] INFO:colcon.colcon_core.shell:Creating package script '/home/xingmaker/landing/Fast-Perching/install/vis_utils/share/vis_utils/package.zsh'
[1.154s] Level 1:colcon.colcon_core.environment:create_file_with_runtime_dependencies(/home/xingmaker/landing/Fast-Perching/install/vis_utils/share/colcon-core/packages/vis_utils)
[1.155s] INFO:colcon.colcon_ros.task.ament_cmake.build:Building ROS package in '/home/xingmaker/landing/Fast-Perching/src/traj_opt' with build type 'ament_cmake'
[1.155s] INFO:colcon.colcon_cmake.task.cmake.build:Building CMake package in '/home/xingmaker/landing/Fast-Perching/src/traj_opt'
[1.155s] INFO:colcon.colcon_core.shell:Skip shell extension 'powershell' for command environment: Not usable outside of PowerShell
[1.155s] DEBUG:colcon.colcon_core.shell:Skip shell extension 'dsv' for command environment
[1.169s] DEBUG:colcon.colcon_core.event_handler.log_command:Invoking command in '/home/xingmaker/landing/Fast-Perching/build/traj_opt': CMAKE_PREFIX_PATH=/home/xingmaker/landing/Fast-Perching/install/vis_utils:/home/xingmaker/landing/Fast-Perching/install/planning:/home/xingmaker/landing/Fast-Perching/install/traj_opt:/home/xingmaker/landing/Fast-Perching/install/pose_utils:/home/xingmaker/landing/Fast-Perching/install/odom_visualization:/home/xingmaker/vrx_ws/install:/opt/ros/humble /usr/bin/cmake /home/xingmaker/landing/Fast-Perching/src/traj_opt -DCMAKE_INSTALL_PREFIX=/home/xingmaker/landing/Fast-Perching/install/traj_opt
[2.211s] DEBUG:colcon.colcon_core.event_handler.log_command:Invoked command in '/home/xingmaker/landing/Fast-Perching/build/traj_opt' returned '0': CMAKE_PREFIX_PATH=/home/xingmaker/landing/Fast-Perching/install/vis_utils:/home/xingmaker/landing/Fast-Perching/install/planning:/home/xingmaker/landing/Fast-Perching/install/traj_opt:/home/xingmaker/landing/Fast-Perching/install/pose_utils:/home/xingmaker/landing/Fast-Perching/install/odom_visualization:/home/xingmaker/vrx_ws/install:/opt/ros/humble /usr/bin/cmake /home/xingmaker/landing/Fast-Perching/src/traj_opt -DCMAKE_INSTALL_PREFIX=/home/xingmaker/landing/Fast-Perching/install/traj_opt
[2.211s] DEBUG:colcon.colcon_core.event_handler.log_command:Invoking command in '/home/xingmaker/landing/Fast-Perching/build/traj_opt': CMAKE_PREFIX_PATH=/home/xingmaker/landing/Fast-Perching/install/vis_utils:/home/xingmaker/landing/Fast-Perching/install/planning:/home/xingmaker/landing/Fast-Perching/install/traj_opt:/home/xingmaker/landing/Fast-Perching/install/pose_utils:/home/xingmaker/landing/Fast-Perching/install/odom_visualization:/home/xingmaker/vrx_ws/install:/opt/ros/humble /usr/bin/cmake --build /home/xingmaker/landing/Fast-Perching/build/traj_opt -- -j20 -l20
[2.281s] DEBUG:colcon.colcon_core.event_handler.log_command:Invoked command in '/home/xingmaker/landing/Fast-Perching/build/traj_opt' returned '0': CMAKE_PREFIX_PATH=/home/xingmaker/landing/Fast-Perching/install/vis_utils:/home/xingmaker/landing/Fast-Perching/install/planning:/home/xingmaker/landing/Fast-Perching/install/traj_opt:/home/xingmaker/landing/Fast-Perching/install/pose_utils:/home/xingmaker/landing/Fast-Perching/install/odom_visualization:/home/xingmaker/vrx_ws/install:/opt/ros/humble /usr/bin/cmake --build /home/xingmaker/landing/Fast-Perching/build/traj_opt -- -j20 -l20
[2.282s] DEBUG:colcon.colcon_core.event_handler.log_command:Invoking command in '/home/xingmaker/landing/Fast-Perching/build/traj_opt': CMAKE_PREFIX_PATH=/home/xingmaker/landing/Fast-Perching/install/vis_utils:/home/xingmaker/landing/Fast-Perching/install/planning:/home/xingmaker/landing/Fast-Perching/install/traj_opt:/home/xingmaker/landing/Fast-Perching/install/pose_utils:/home/xingmaker/landing/Fast-Perching/install/odom_visualization:/home/xingmaker/vrx_ws/install:/opt/ros/humble /usr/bin/cmake --install /home/xingmaker/landing/Fast-Perching/build/traj_opt
[2.292s] Level 1:colcon.colcon_core.environment:create_environment_scripts_only(traj_opt)
[2.292s] DEBUG:colcon.colcon_core.event_handler.log_command:Invoked command in '/home/xingmaker/landing/Fast-Perching/build/traj_opt' returned '0': CMAKE_PREFIX_PATH=/home/xingmaker/landing/Fast-Perching/install/vis_utils:/home/xingmaker/landing/Fast-Perching/install/planning:/home/xingmaker/landing/Fast-Perching/install/traj_opt:/home/xingmaker/landing/Fast-Perching/install/pose_utils:/home/xingmaker/landing/Fast-Perching/install/odom_visualization:/home/xingmaker/vrx_ws/install:/opt/ros/humble /usr/bin/cmake --install /home/xingmaker/landing/Fast-Perching/build/traj_opt
[2.293s] Level 1:colcon.colcon_core.environment:checking '/home/xingmaker/landing/Fast-Perching/install/traj_opt' for CMake module files
[2.294s] Level 1:colcon.colcon_core.environment:checking '/home/xingmaker/landing/Fast-Perching/install/traj_opt' for CMake config files
[2.294s] Level 1:colcon.colcon_core.shell:create_environment_hook('traj_opt', 'cmake_prefix_path')
[2.295s] INFO:colcon.colcon_core.shell:Creating environment hook '/home/xingmaker/landing/Fast-Perching/install/traj_opt/share/traj_opt/hook/cmake_prefix_path.ps1'
[2.295s] INFO:colcon.colcon_core.shell:Creating environment descriptor '/home/xingmaker/landing/Fast-Perching/install/traj_opt/share/traj_opt/hook/cmake_prefix_path.dsv'
[2.295s] INFO:colcon.colcon_core.shell:Creating environment hook '/home/xingmaker/landing/Fast-Perching/install/traj_opt/share/traj_opt/hook/cmake_prefix_path.sh'
[2.296s] Level 1:colcon.colcon_core.environment:checking '/home/xingmaker/landing/Fast-Perching/install/traj_opt/lib'
[2.296s] Level 1:colcon.colcon_core.shell:create_environment_hook('traj_opt', 'ld_library_path_lib')
[2.296s] INFO:colcon.colcon_core.shell:Creating environment hook '/home/xingmaker/landing/Fast-Perching/install/traj_opt/share/traj_opt/hook/ld_library_path_lib.ps1'
[2.297s] INFO:colcon.colcon_core.shell:Creating environment descriptor '/home/xingmaker/landing/Fast-Perching/install/traj_opt/share/traj_opt/hook/ld_library_path_lib.dsv'
[2.297s] INFO:colcon.colcon_core.shell:Creating environment hook '/home/xingmaker/landing/Fast-Perching/install/traj_opt/share/traj_opt/hook/ld_library_path_lib.sh'
[2.297s] Level 1:colcon.colcon_core.environment:checking '/home/xingmaker/landing/Fast-Perching/install/traj_opt/bin'
[2.297s] Level 1:colcon.colcon_core.environment:checking '/home/xingmaker/landing/Fast-Perching/install/traj_opt/lib/pkgconfig/traj_opt.pc'
[2.298s] Level 1:colcon.colcon_core.environment:checking '/home/xingmaker/landing/Fast-Perching/install/traj_opt/lib/python3.10/site-packages'
[2.298s] Level 1:colcon.colcon_core.environment:checking '/home/xingmaker/landing/Fast-Perching/install/traj_opt/bin'
[2.298s] INFO:colcon.colcon_core.shell:Creating package script '/home/xingmaker/landing/Fast-Perching/install/traj_opt/share/traj_opt/package.ps1'
[2.299s] INFO:colcon.colcon_core.shell:Creating package descriptor '/home/xingmaker/landing/Fast-Perching/install/traj_opt/share/traj_opt/package.dsv'
[2.299s] INFO:colcon.colcon_core.shell:Creating package script '/home/xingmaker/landing/Fast-Perching/install/traj_opt/share/traj_opt/package.sh'
[2.300s] INFO:colcon.colcon_core.shell:Creating package script '/home/xingmaker/landing/Fast-Perching/install/traj_opt/share/traj_opt/package.bash'
[2.300s] INFO:colcon.colcon_core.shell:Creating package script '/home/xingmaker/landing/Fast-Perching/install/traj_opt/share/traj_opt/package.zsh'
[2.300s] Level 1:colcon.colcon_core.environment:create_file_with_runtime_dependencies(/home/xingmaker/landing/Fast-Perching/install/traj_opt/share/colcon-core/packages/traj_opt)
[2.300s] Level 1:colcon.colcon_core.environment:create_environment_scripts_only(traj_opt)
[2.301s] Level 1:colcon.colcon_core.environment:checking '/home/xingmaker/landing/Fast-Perching/install/traj_opt' for CMake module files
[2.301s] Level 1:colcon.colcon_core.environment:checking '/home/xingmaker/landing/Fast-Perching/install/traj_opt' for CMake config files
[2.301s] Level 1:colcon.colcon_core.shell:create_environment_hook('traj_opt', 'cmake_prefix_path')
[2.301s] INFO:colcon.colcon_core.shell:Creating environment hook '/home/xingmaker/landing/Fast-Perching/install/traj_opt/share/traj_opt/hook/cmake_prefix_path.ps1'
[2.301s] INFO:colcon.colcon_core.shell:Creating environment descriptor '/home/xingmaker/landing/Fast-Perching/install/traj_opt/share/traj_opt/hook/cmake_prefix_path.dsv'
[2.301s] INFO:colcon.colcon_core.shell:Creating environment hook '/home/xingmaker/landing/Fast-Perching/install/traj_opt/share/traj_opt/hook/cmake_prefix_path.sh'
[2.302s] Level 1:colcon.colcon_core.environment:checking '/home/xingmaker/landing/Fast-Perching/install/traj_opt/lib'
[2.302s] Level 1:colcon.colcon_core.shell:create_environment_hook('traj_opt', 'ld_library_path_lib')
[2.302s] INFO:colcon.colcon_core.shell:Creating environment hook '/home/xingmaker/landing/Fast-Perching/install/traj_opt/share/traj_opt/hook/ld_library_path_lib.ps1'
[2.302s] INFO:colcon.colcon_core.shell:Creating environment descriptor '/home/xingmaker/landing/Fast-Perching/install/traj_opt/share/traj_opt/hook/ld_library_path_lib.dsv'
[2.302s] INFO:colcon.colcon_core.shell:Creating environment hook '/home/xingmaker/landing/Fast-Perching/install/traj_opt/share/traj_opt/hook/ld_library_path_lib.sh'
[2.302s] Level 1:colcon.colcon_core.environment:checking '/home/xingmaker/landing/Fast-Perching/install/traj_opt/bin'
[2.302s] Level 1:colcon.colcon_core.environment:checking '/home/xingmaker/landing/Fast-Perching/install/traj_opt/lib/pkgconfig/traj_opt.pc'
[2.303s] Level 1:colcon.colcon_core.environment:checking '/home/xingmaker/landing/Fast-Perching/install/traj_opt/lib/python3.10/site-packages'
[2.303s] Level 1:colcon.colcon_core.environment:checking '/home/xingmaker/landing/Fast-Perching/install/traj_opt/bin'
[2.303s] INFO:colcon.colcon_core.shell:Creating package script '/home/xingmaker/landing/Fast-Perching/install/traj_opt/share/traj_opt/package.ps1'
[2.303s] INFO:colcon.colcon_core.shell:Creating package descriptor '/home/xingmaker/landing/Fast-Perching/install/traj_opt/share/traj_opt/package.dsv'
[2.303s] INFO:colcon.colcon_core.shell:Creating package script '/home/xingmaker/landing/Fast-Perching/install/traj_opt/share/traj_opt/package.sh'
[2.303s] INFO:colcon.colcon_core.shell:Creating package script '/home/xingmaker/landing/Fast-Perching/install/traj_opt/share/traj_opt/package.bash'
[2.304s] INFO:colcon.colcon_core.shell:Creating package script '/home/xingmaker/landing/Fast-Perching/install/traj_opt/share/traj_opt/package.zsh'
[2.304s] Level 1:colcon.colcon_core.environment:create_file_with_runtime_dependencies(/home/xingmaker/landing/Fast-Perching/install/traj_opt/share/colcon-core/packages/traj_opt)
[2.304s] INFO:colcon.colcon_ros.task.ament_cmake.build:Building ROS package in '/home/xingmaker/landing/Fast-Perching/src/planning' with build type 'ament_cmake'
[2.304s] INFO:colcon.colcon_cmake.task.cmake.build:Building CMake package in '/home/xingmaker/landing/Fast-Perching/src/planning'
[2.304s] INFO:colcon.colcon_core.shell:Skip shell extension 'powershell' for command environment: Not usable outside of PowerShell
[2.304s] DEBUG:colcon.colcon_core.shell:Skip shell extension 'dsv' for command environment
[2.312s] DEBUG:colcon.colcon_core.event_handler.log_command:Invoking command in '/home/xingmaker/landing/Fast-Perching/build/planning': CMAKE_PREFIX_PATH=/home/xingmaker/landing/Fast-Perching/install/traj_opt:/home/xingmaker/landing/Fast-Perching/install/vis_utils:/home/xingmaker/landing/Fast-Perching/install/planning:/home/xingmaker/landing/Fast-Perching/install/pose_utils:/home/xingmaker/landing/Fast-Perching/install/odom_visualization:/home/xingmaker/vrx_ws/install:/opt/ros/humble LD_LIBRARY_PATH=/home/xingmaker/landing/Fast-Perching/install/traj_opt/lib:/home/xingmaker/landing/Fast-Perching/install/planning/lib:/home/xingmaker/landing/Fast-Perching/install/pose_utils/lib:/home/xingmaker/vrx_ws/install/lib:/opt/ros/humble/opt/rviz_ogre_vendor/lib:/opt/ros/humble/lib/x86_64-linux-gnu:/opt/ros/humble/lib /usr/bin/cmake /home/xingmaker/landing/Fast-Perching/src/planning -DCMAKE_INSTALL_PREFIX=/home/xingmaker/landing/Fast-Perching/install/planning
[3.390s] DEBUG:colcon.colcon_core.event_handler.log_command:Invoked command in '/home/xingmaker/landing/Fast-Perching/build/planning' returned '0': CMAKE_PREFIX_PATH=/home/xingmaker/landing/Fast-Perching/install/traj_opt:/home/xingmaker/landing/Fast-Perching/install/vis_utils:/home/xingmaker/landing/Fast-Perching/install/planning:/home/xingmaker/landing/Fast-Perching/install/pose_utils:/home/xingmaker/landing/Fast-Perching/install/odom_visualization:/home/xingmaker/vrx_ws/install:/opt/ros/humble LD_LIBRARY_PATH=/home/xingmaker/landing/Fast-Perching/install/traj_opt/lib:/home/xingmaker/landing/Fast-Perching/install/planning/lib:/home/xingmaker/landing/Fast-Perching/install/pose_utils/lib:/home/xingmaker/vrx_ws/install/lib:/opt/ros/humble/opt/rviz_ogre_vendor/lib:/opt/ros/humble/lib/x86_64-linux-gnu:/opt/ros/humble/lib /usr/bin/cmake /home/xingmaker/landing/Fast-Perching/src/planning -DCMAKE_INSTALL_PREFIX=/home/xingmaker/landing/Fast-Perching/install/planning
[3.391s] DEBUG:colcon.colcon_core.event_handler.log_command:Invoking command in '/home/xingmaker/landing/Fast-Perching/build/planning': CMAKE_PREFIX_PATH=/home/xingmaker/landing/Fast-Perching/install/traj_opt:/home/xingmaker/landing/Fast-Perching/install/vis_utils:/home/xingmaker/landing/Fast-Perching/install/planning:/home/xingmaker/landing/Fast-Perching/install/pose_utils:/home/xingmaker/landing/Fast-Perching/install/odom_visualization:/home/xingmaker/vrx_ws/install:/opt/ros/humble LD_LIBRARY_PATH=/home/xingmaker/landing/Fast-Perching/install/traj_opt/lib:/home/xingmaker/landing/Fast-Perching/install/planning/lib:/home/xingmaker/landing/Fast-Perching/install/pose_utils/lib:/home/xingmaker/vrx_ws/install/lib:/opt/ros/humble/opt/rviz_ogre_vendor/lib:/opt/ros/humble/lib/x86_64-linux-gnu:/opt/ros/humble/lib /usr/bin/cmake --build /home/xingmaker/landing/Fast-Perching/build/planning -- -j20 -l20
[3.464s] DEBUG:colcon.colcon_core.event_handler.log_command:Invoked command in '/home/xingmaker/landing/Fast-Perching/build/planning' returned '0': CMAKE_PREFIX_PATH=/home/xingmaker/landing/Fast-Perching/install/traj_opt:/home/xingmaker/landing/Fast-Perching/install/vis_utils:/home/xingmaker/landing/Fast-Perching/install/planning:/home/xingmaker/landing/Fast-Perching/install/pose_utils:/home/xingmaker/landing/Fast-Perching/install/odom_visualization:/home/xingmaker/vrx_ws/install:/opt/ros/humble LD_LIBRARY_PATH=/home/xingmaker/landing/Fast-Perching/install/traj_opt/lib:/home/xingmaker/landing/Fast-Perching/install/planning/lib:/home/xingmaker/landing/Fast-Perching/install/pose_utils/lib:/home/xingmaker/vrx_ws/install/lib:/opt/ros/humble/opt/rviz_ogre_vendor/lib:/opt/ros/humble/lib/x86_64-linux-gnu:/opt/ros/humble/lib /usr/bin/cmake --build /home/xingmaker/landing/Fast-Perching/build/planning -- -j20 -l20
[3.465s] DEBUG:colcon.colcon_core.event_handler.log_command:Invoking command in '/home/xingmaker/landing/Fast-Perching/build/planning': CMAKE_PREFIX_PATH=/home/xingmaker/landing/Fast-Perching/install/traj_opt:/home/xingmaker/landing/Fast-Perching/install/vis_utils:/home/xingmaker/landing/Fast-Perching/install/planning:/home/xingmaker/landing/Fast-Perching/install/pose_utils:/home/xingmaker/landing/Fast-Perching/install/odom_visualization:/home/xingmaker/vrx_ws/install:/opt/ros/humble LD_LIBRARY_PATH=/home/xingmaker/landing/Fast-Perching/install/traj_opt/lib:/home/xingmaker/landing/Fast-Perching/install/planning/lib:/home/xingmaker/landing/Fast-Perching/install/pose_utils/lib:/home/xingmaker/vrx_ws/install/lib:/opt/ros/humble/opt/rviz_ogre_vendor/lib:/opt/ros/humble/lib/x86_64-linux-gnu:/opt/ros/humble/lib /usr/bin/cmake --install /home/xingmaker/landing/Fast-Perching/build/planning
[3.472s] Level 1:colcon.colcon_core.environment:create_environment_scripts_only(planning)
[3.472s] Level 1:colcon.colcon_core.environment:checking '/home/xingmaker/landing/Fast-Perching/install/planning' for CMake module files
[3.473s] DEBUG:colcon.colcon_core.event_handler.log_command:Invoked command in '/home/xingmaker/landing/Fast-Perching/build/planning' returned '0': CMAKE_PREFIX_PATH=/home/xingmaker/landing/Fast-Perching/install/traj_opt:/home/xingmaker/landing/Fast-Perching/install/vis_utils:/home/xingmaker/landing/Fast-Perching/install/planning:/home/xingmaker/landing/Fast-Perching/install/pose_utils:/home/xingmaker/landing/Fast-Perching/install/odom_visualization:/home/xingmaker/vrx_ws/install:/opt/ros/humble LD_LIBRARY_PATH=/home/xingmaker/landing/Fast-Perching/install/traj_opt/lib:/home/xingmaker/landing/Fast-Perching/install/planning/lib:/home/xingmaker/landing/Fast-Perching/install/pose_utils/lib:/home/xingmaker/vrx_ws/install/lib:/opt/ros/humble/opt/rviz_ogre_vendor/lib:/opt/ros/humble/lib/x86_64-linux-gnu:/opt/ros/humble/lib /usr/bin/cmake --install /home/xingmaker/landing/Fast-Perching/build/planning
[3.473s] Level 1:colcon.colcon_core.environment:checking '/home/xingmaker/landing/Fast-Perching/install/planning' for CMake config files
[3.473s] Level 1:colcon.colcon_core.shell:create_environment_hook('planning', 'cmake_prefix_path')
[3.474s] INFO:colcon.colcon_core.shell:Creating environment hook '/home/xingmaker/landing/Fast-Perching/install/planning/share/planning/hook/cmake_prefix_path.ps1'
[3.474s] INFO:colcon.colcon_core.shell:Creating environment descriptor '/home/xingmaker/landing/Fast-Perching/install/planning/share/planning/hook/cmake_prefix_path.dsv'
[3.474s] INFO:colcon.colcon_core.shell:Creating environment hook '/home/xingmaker/landing/Fast-Perching/install/planning/share/planning/hook/cmake_prefix_path.sh'
[3.475s] Level 1:colcon.colcon_core.environment:checking '/home/xingmaker/landing/Fast-Perching/install/planning/lib'
[3.475s] Level 1:colcon.colcon_core.shell:create_environment_hook('planning', 'ld_library_path_lib')
[3.475s] INFO:colcon.colcon_core.shell:Creating environment hook '/home/xingmaker/landing/Fast-Perching/install/planning/share/planning/hook/ld_library_path_lib.ps1'
[3.475s] INFO:colcon.colcon_core.shell:Creating environment descriptor '/home/xingmaker/landing/Fast-Perching/install/planning/share/planning/hook/ld_library_path_lib.dsv'
[3.475s] INFO:colcon.colcon_core.shell:Creating environment hook '/home/xingmaker/landing/Fast-Perching/install/planning/share/planning/hook/ld_library_path_lib.sh'
[3.475s] Level 1:colcon.colcon_core.environment:checking '/home/xingmaker/landing/Fast-Perching/install/planning/bin'
[3.475s] Level 1:colcon.colcon_core.environment:checking '/home/xingmaker/landing/Fast-Perching/install/planning/lib/pkgconfig/planning.pc'
[3.475s] Level 1:colcon.colcon_core.environment:checking '/home/xingmaker/landing/Fast-Perching/install/planning/lib/python3.10/site-packages'
[3.475s] Level 1:colcon.colcon_core.environment:checking '/home/xingmaker/landing/Fast-Perching/install/planning/bin'
[3.476s] INFO:colcon.colcon_core.shell:Creating package script '/home/xingmaker/landing/Fast-Perching/install/planning/share/planning/package.ps1'
[3.476s] INFO:colcon.colcon_core.shell:Creating package descriptor '/home/xingmaker/landing/Fast-Perching/install/planning/share/planning/package.dsv'
[3.476s] INFO:colcon.colcon_core.shell:Creating package script '/home/xingmaker/landing/Fast-Perching/install/planning/share/planning/package.sh'
[3.476s] INFO:colcon.colcon_core.shell:Creating package script '/home/xingmaker/landing/Fast-Perching/install/planning/share/planning/package.bash'
[3.476s] INFO:colcon.colcon_core.shell:Creating package script '/home/xingmaker/landing/Fast-Perching/install/planning/share/planning/package.zsh'
[3.476s] Level 1:colcon.colcon_core.environment:create_file_with_runtime_dependencies(/home/xingmaker/landing/Fast-Perching/install/planning/share/colcon-core/packages/planning)
[3.477s] Level 1:colcon.colcon_core.environment:create_environment_scripts_only(planning)
[3.477s] Level 1:colcon.colcon_core.environment:checking '/home/xingmaker/landing/Fast-Perching/install/planning' for CMake module files
[3.477s] Level 1:colcon.colcon_core.environment:checking '/home/xingmaker/landing/Fast-Perching/install/planning' for CMake config files
[3.477s] Level 1:colcon.colcon_core.shell:create_environment_hook('planning', 'cmake_prefix_path')
[3.477s] INFO:colcon.colcon_core.shell:Creating environment hook '/home/xingmaker/landing/Fast-Perching/install/planning/share/planning/hook/cmake_prefix_path.ps1'
[3.477s] INFO:colcon.colcon_core.shell:Creating environment descriptor '/home/xingmaker/landing/Fast-Perching/install/planning/share/planning/hook/cmake_prefix_path.dsv'
[3.477s] INFO:colcon.colcon_core.shell:Creating environment hook '/home/xingmaker/landing/Fast-Perching/install/planning/share/planning/hook/cmake_prefix_path.sh'
[3.478s] Level 1:colcon.colcon_core.environment:checking '/home/xingmaker/landing/Fast-Perching/install/planning/lib'
[3.478s] Level 1:colcon.colcon_core.shell:create_environment_hook('planning', 'ld_library_path_lib')
[3.478s] INFO:colcon.colcon_core.shell:Creating environment hook '/home/xingmaker/landing/Fast-Perching/install/planning/share/planning/hook/ld_library_path_lib.ps1'
[3.478s] INFO:colcon.colcon_core.shell:Creating environment descriptor '/home/xingmaker/landing/Fast-Perching/install/planning/share/planning/hook/ld_library_path_lib.dsv'
[3.478s] INFO:colcon.colcon_core.shell:Creating environment hook '/home/xingmaker/landing/Fast-Perching/install/planning/share/planning/hook/ld_library_path_lib.sh'
[3.478s] Level 1:colcon.colcon_core.environment:checking '/home/xingmaker/landing/Fast-Perching/install/planning/bin'
[3.478s] Level 1:colcon.colcon_core.environment:checking '/home/xingmaker/landing/Fast-Perching/install/planning/lib/pkgconfig/planning.pc'
[3.478s] Level 1:colcon.colcon_core.environment:checking '/home/xingmaker/landing/Fast-Perching/install/planning/lib/python3.10/site-packages'
[3.478s] Level 1:colcon.colcon_core.environment:checking '/home/xingmaker/landing/Fast-Perching/install/planning/bin'
[3.479s] INFO:colcon.colcon_core.shell:Creating package script '/home/xingmaker/landing/Fast-Perching/install/planning/share/planning/package.ps1'
[3.479s] INFO:colcon.colcon_core.shell:Creating package descriptor '/home/xingmaker/landing/Fast-Perching/install/planning/share/planning/package.dsv'
[3.479s] INFO:colcon.colcon_core.shell:Creating package script '/home/xingmaker/landing/Fast-Perching/install/planning/share/planning/package.sh'
[3.479s] INFO:colcon.colcon_core.shell:Creating package script '/home/xingmaker/landing/Fast-Perching/install/planning/share/planning/package.bash'
[3.479s] INFO:colcon.colcon_core.shell:Creating package script '/home/xingmaker/landing/Fast-Perching/install/planning/share/planning/package.zsh'
[3.480s] Level 1:colcon.colcon_core.environment:create_file_with_runtime_dependencies(/home/xingmaker/landing/Fast-Perching/install/planning/share/colcon-core/packages/planning)
[3.480s] DEBUG:colcon.colcon_parallel_executor.executor.parallel:closing loop
[3.480s] DEBUG:colcon.colcon_parallel_executor.executor.parallel:loop closed
[3.480s] DEBUG:colcon.colcon_parallel_executor.executor.parallel:run_until_complete finished with '0'
[3.480s] DEBUG:colcon.colcon_core.event_reactor:joining thread
[3.482s] INFO:colcon.colcon_core.plugin_system:Skipping extension 'colcon_notification.desktop_notification.terminal_notifier': Not used on non-Darwin systems
[3.482s] INFO:colcon.colcon_core.plugin_system:Skipping extension 'colcon_notification.desktop_notification.win32': Not used on non-Windows systems
[3.482s] INFO:colcon.colcon_notification.desktop_notification:Sending desktop notification using 'notify2'
[3.488s] DEBUG:colcon.colcon_core.event_reactor:joined thread
[3.488s] INFO:colcon.colcon_core.shell:Creating prefix script '/home/xingmaker/landing/Fast-Perching/install/local_setup.ps1'
[3.489s] INFO:colcon.colcon_core.shell:Creating prefix util module '/home/xingmaker/landing/Fast-Perching/install/_local_setup_util_ps1.py'
[3.490s] INFO:colcon.colcon_core.shell:Creating prefix chain script '/home/xingmaker/landing/Fast-Perching/install/setup.ps1'
[3.490s] INFO:colcon.colcon_core.shell:Creating prefix script '/home/xingmaker/landing/Fast-Perching/install/local_setup.sh'
[3.490s] INFO:colcon.colcon_core.shell:Creating prefix util module '/home/xingmaker/landing/Fast-Perching/install/_local_setup_util_sh.py'
[3.491s] INFO:colcon.colcon_core.shell:Creating prefix chain script '/home/xingmaker/landing/Fast-Perching/install/setup.sh'
[3.491s] INFO:colcon.colcon_core.shell:Creating prefix script '/home/xingmaker/landing/Fast-Perching/install/local_setup.bash'
[3.491s] INFO:colcon.colcon_core.shell:Creating prefix chain script '/home/xingmaker/landing/Fast-Perching/install/setup.bash'
[3.492s] INFO:colcon.colcon_core.shell:Creating prefix script '/home/xingmaker/landing/Fast-Perching/install/local_setup.zsh'
[3.492s] INFO:colcon.colcon_core.shell:Creating prefix chain script '/home/xingmaker/landing/Fast-Perching/install/setup.zsh'
