[0.006s] Invoking command in '/home/xingmaker/landing/Fast-Perching/build/planning': CMAKE_PREFIX_PATH=/home/xingmaker/landing/Fast-Perching/install/traj_opt:/home/xingmaker/landing/Fast-Perching/install/vis_utils:/home/xingmaker/landing/Fast-Perching/install/planning:/home/xingmaker/landing/Fast-Perching/install/odom_visualization:/home/xingmaker/landing/Fast-Perching/install/pose_utils:/home/xingmaker/vrx_ws/install:/opt/ros/humble LD_LIBRARY_PATH=/home/xingmaker/landing/Fast-Perching/install/traj_opt/lib:/home/xingmaker/landing/Fast-Perching/install/planning/lib:/home/xingmaker/landing/Fast-Perching/install/pose_utils/lib:/home/xingmaker/vrx_ws/install/lib:/opt/ros/humble/opt/rviz_ogre_vendor/lib:/opt/ros/humble/lib/x86_64-linux-gnu:/opt/ros/humble/lib /usr/bin/cmake --build /home/xingmaker/landing/Fast-Perching/build/planning -- -j20 -l20
[0.052s] [ 25%] Building CXX object CMakeFiles/planning_node.dir/src/planning_node.cpp.o
[0.053s] [ 50%] Building CXX object CMakeFiles/planning.dir/src/planning_node.cpp.o
[16.606s] [ 75%] Linking CXX shared library libplanning.so
[16.665s] [100%] Linking CXX executable planning_node
[16.838s] [100%] Built target planning
[16.893s] [100%] Built target planning_node
[16.900s] Invoked command in '/home/xingmaker/landing/Fast-Perching/build/planning' returned '0': CMAKE_PREFIX_PATH=/home/xingmaker/landing/Fast-Perching/install/traj_opt:/home/xingmaker/landing/Fast-Perching/install/vis_utils:/home/xingmaker/landing/Fast-Perching/install/planning:/home/xingmaker/landing/Fast-Perching/install/odom_visualization:/home/xingmaker/landing/Fast-Perching/install/pose_utils:/home/xingmaker/vrx_ws/install:/opt/ros/humble LD_LIBRARY_PATH=/home/xingmaker/landing/Fast-Perching/install/traj_opt/lib:/home/xingmaker/landing/Fast-Perching/install/planning/lib:/home/xingmaker/landing/Fast-Perching/install/pose_utils/lib:/home/xingmaker/vrx_ws/install/lib:/opt/ros/humble/opt/rviz_ogre_vendor/lib:/opt/ros/humble/lib/x86_64-linux-gnu:/opt/ros/humble/lib /usr/bin/cmake --build /home/xingmaker/landing/Fast-Perching/build/planning -- -j20 -l20
[16.901s] Invoking command in '/home/xingmaker/landing/Fast-Perching/build/planning': CMAKE_PREFIX_PATH=/home/xingmaker/landing/Fast-Perching/install/traj_opt:/home/xingmaker/landing/Fast-Perching/install/vis_utils:/home/xingmaker/landing/Fast-Perching/install/planning:/home/xingmaker/landing/Fast-Perching/install/odom_visualization:/home/xingmaker/landing/Fast-Perching/install/pose_utils:/home/xingmaker/vrx_ws/install:/opt/ros/humble LD_LIBRARY_PATH=/home/xingmaker/landing/Fast-Perching/install/traj_opt/lib:/home/xingmaker/landing/Fast-Perching/install/planning/lib:/home/xingmaker/landing/Fast-Perching/install/pose_utils/lib:/home/xingmaker/vrx_ws/install/lib:/opt/ros/humble/opt/rviz_ogre_vendor/lib:/opt/ros/humble/lib/x86_64-linux-gnu:/opt/ros/humble/lib /usr/bin/cmake --install /home/xingmaker/landing/Fast-Perching/build/planning
[16.906s] -- Install configuration: "Release"
[16.906s] -- Installing: /home/xingmaker/landing/Fast-Perching/install/planning/lib/planning/planning_node
[16.906s] -- Set runtime path of "/home/xingmaker/landing/Fast-Perching/install/planning/lib/planning/planning_node" to ""
[16.906s] -- Installing: /home/xingmaker/landing/Fast-Perching/install/planning/lib/libplanning.so
[16.907s] -- Set runtime path of "/home/xingmaker/landing/Fast-Perching/install/planning/lib/libplanning.so" to ""
[16.908s] -- Up-to-date: /home/xingmaker/landing/Fast-Perching/install/planning/share/planning/launch
[16.908s] -- Up-to-date: /home/xingmaker/landing/Fast-Perching/install/planning/share/planning/launch/perching.launch.py
[16.908s] -- Up-to-date: /home/xingmaker/landing/Fast-Perching/install/planning/share/planning/config
[16.908s] -- Up-to-date: /home/xingmaker/landing/Fast-Perching/install/planning/share/planning/config/rviz_sim.rviz
[16.908s] -- Up-to-date: /home/xingmaker/landing/Fast-Perching/install/planning/share/ament_index/resource_index/package_run_dependencies/planning
[16.908s] -- Up-to-date: /home/xingmaker/landing/Fast-Perching/install/planning/share/ament_index/resource_index/parent_prefix_path/planning
[16.908s] -- Up-to-date: /home/xingmaker/landing/Fast-Perching/install/planning/share/planning/environment/ament_prefix_path.sh
[16.908s] -- Up-to-date: /home/xingmaker/landing/Fast-Perching/install/planning/share/planning/environment/ament_prefix_path.dsv
[16.908s] -- Up-to-date: /home/xingmaker/landing/Fast-Perching/install/planning/share/planning/environment/path.sh
[16.908s] -- Up-to-date: /home/xingmaker/landing/Fast-Perching/install/planning/share/planning/environment/path.dsv
[16.908s] -- Up-to-date: /home/xingmaker/landing/Fast-Perching/install/planning/share/planning/local_setup.bash
[16.908s] -- Up-to-date: /home/xingmaker/landing/Fast-Perching/install/planning/share/planning/local_setup.sh
[16.908s] -- Up-to-date: /home/xingmaker/landing/Fast-Perching/install/planning/share/planning/local_setup.zsh
[16.908s] -- Up-to-date: /home/xingmaker/landing/Fast-Perching/install/planning/share/planning/local_setup.dsv
[16.909s] -- Installing: /home/xingmaker/landing/Fast-Perching/install/planning/share/planning/package.dsv
[16.909s] -- Up-to-date: /home/xingmaker/landing/Fast-Perching/install/planning/share/ament_index/resource_index/packages/planning
[16.909s] -- Up-to-date: /home/xingmaker/landing/Fast-Perching/install/planning/share/ament_index/resource_index/rclcpp_components/planning
[16.909s] -- Up-to-date: /home/xingmaker/landing/Fast-Perching/install/planning/share/planning/cmake/planningConfig.cmake
[16.909s] -- Up-to-date: /home/xingmaker/landing/Fast-Perching/install/planning/share/planning/cmake/planningConfig-version.cmake
[16.909s] -- Up-to-date: /home/xingmaker/landing/Fast-Perching/install/planning/share/planning/package.xml
[16.910s] Invoked command in '/home/xingmaker/landing/Fast-Perching/build/planning' returned '0': CMAKE_PREFIX_PATH=/home/xingmaker/landing/Fast-Perching/install/traj_opt:/home/xingmaker/landing/Fast-Perching/install/vis_utils:/home/xingmaker/landing/Fast-Perching/install/planning:/home/xingmaker/landing/Fast-Perching/install/odom_visualization:/home/xingmaker/landing/Fast-Perching/install/pose_utils:/home/xingmaker/vrx_ws/install:/opt/ros/humble LD_LIBRARY_PATH=/home/xingmaker/landing/Fast-Perching/install/traj_opt/lib:/home/xingmaker/landing/Fast-Perching/install/planning/lib:/home/xingmaker/landing/Fast-Perching/install/pose_utils/lib:/home/xingmaker/vrx_ws/install/lib:/opt/ros/humble/opt/rviz_ogre_vendor/lib:/opt/ros/humble/lib/x86_64-linux-gnu:/opt/ros/humble/lib /usr/bin/cmake --install /home/xingmaker/landing/Fast-Perching/build/planning
