[0.007s] Invoking command in '/home/xingmaker/landing/Fast-Perching/build/odom_visualization': CMAKE_PREFIX_PATH=${CMAKE_PREFIX_PATH}:/opt/ros/humble /usr/bin/cmake /home/xingmaker/landing/Fast-Perching/src/odom_vis/odom_visualization -DCMAKE_INSTALL_PREFIX=/home/xingmaker/landing/Fast-Perching/install/odom_visualization
[0.016s] -- Found ament_cmake: 1.3.13 (/opt/ros/humble/share/ament_cmake/cmake)
[0.089s] -- Found rclcpp: 16.0.18 (/opt/ros/humble/share/rclcpp/cmake)
[0.104s] -- Found rosidl_generator_c: 3.1.8 (/opt/ros/humble/share/rosidl_generator_c/cmake)
[0.105s] -- Found rosidl_adapter: 3.1.8 (/opt/ros/humble/share/rosidl_adapter/cmake)
[0.108s] -- Found rosidl_generator_cpp: 3.1.8 (/opt/ros/humble/share/rosidl_generator_cpp/cmake)
[0.112s] -- Using all available rosidl_typesupport_c: rosidl_typesupport_fastrtps_c;rosidl_typesupport_introspection_c
[0.118s] -- Using all available rosidl_typesupport_cpp: rosidl_typesupport_fastrtps_cpp;rosidl_typesupport_introspection_cpp
[0.133s] -- Found rmw_implementation_cmake: 6.1.2 (/opt/ros/humble/share/rmw_implementation_cmake/cmake)
[0.134s] -- Found rmw_fastrtps_cpp: 6.2.10 (/opt/ros/humble/share/rmw_fastrtps_cpp/cmake)
[0.207s] -- Using RMW implementation 'rmw_fastrtps_cpp' as default
[0.231s] -- Found sensor_msgs: 4.9.1 (/opt/ros/humble/share/sensor_msgs/cmake)
[0.244s] -- Found nav_msgs: 4.9.1 (/opt/ros/humble/share/nav_msgs/cmake)
[0.252s] -- Found visualization_msgs: 4.9.1 (/opt/ros/humble/share/visualization_msgs/cmake)
[0.261s] -- Found tf2: 0.25.19 (/opt/ros/humble/share/tf2/cmake)
[0.263s] -- Found tf2_ros: 0.25.19 (/opt/ros/humble/share/tf2_ros/cmake)
[0.304s] [31mCMake Error at CMakeLists.txt:18 (find_package):
[0.304s]   By not providing "Findpose_utils.cmake" in CMAKE_MODULE_PATH this project
[0.304s]   has asked CMake to find a package configuration file provided by
[0.304s]   "pose_utils", but CMake did not find one.
[0.304s] 
[0.305s]   Could not find a package configuration file provided by "pose_utils" with
[0.305s]   any of the following names:
[0.305s] 
[0.305s]     pose_utilsConfig.cmake
[0.305s]     pose_utils-config.cmake
[0.305s] 
[0.305s]   Add the installation prefix of "pose_utils" to CMAKE_PREFIX_PATH or set
[0.305s]   "pose_utils_DIR" to a directory containing one of the above files.  If
[0.305s]   "pose_utils" provides a separate development package or SDK, be sure it has
[0.305s]   been installed.
[0.305s] 
[0.305s] [0m
[0.305s] -- Configuring incomplete, errors occurred!
[0.305s] See also "/home/xingmaker/landing/Fast-Perching/build/odom_visualization/CMakeFiles/CMakeOutput.log".
