[0.005s] Invoking command in '/home/xingmaker/landing/Fast-Perching/build/planning': AMENT_PREFIX_PATH=/home/xingmaker/landing/Fast-Perching/install/traj_opt:${AMENT_PREFIX_PATH} CMAKE_PREFIX_PATH=/home/xingmaker/landing/Fast-Perching/install/traj_opt:/home/xingmaker/landing/Fast-Perching/install/vis_utils:/home/xingmaker/landing/Fast-Perching/install/pose_utils:/home/xingmaker/vrx_ws/install:/opt/ros/humble LD_LIBRARY_PATH=/home/xingmaker/landing/Fast-Perching/install/traj_opt/lib:${LD_LIBRARY_PATH} /usr/bin/cmake /home/xingmaker/landing/Fast-Perching/src/planning -DCMAKE_INSTALL_PREFIX=/home/xingmaker/landing/Fast-Perching/install/planning
[0.012s] -- Found ament_cmake: 1.3.13 (/opt/ros/humble/share/ament_cmake/cmake)
[0.075s] -- Found rclcpp: 16.0.18 (/opt/ros/humble/share/rclcpp/cmake)
[0.089s] -- Found rosidl_generator_c: 3.1.8 (/opt/ros/humble/share/rosidl_generator_c/cmake)
[0.090s] -- Found rosidl_adapter: 3.1.8 (/opt/ros/humble/share/rosidl_adapter/cmake)
[0.093s] -- Found rosidl_generator_cpp: 3.1.8 (/opt/ros/humble/share/rosidl_generator_cpp/cmake)
[0.097s] -- Using all available rosidl_typesupport_c: rosidl_typesupport_fastrtps_c;rosidl_typesupport_introspection_c
[0.103s] -- Using all available rosidl_typesupport_cpp: rosidl_typesupport_fastrtps_cpp;rosidl_typesupport_introspection_cpp
[0.118s] -- Found rmw_implementation_cmake: 6.1.2 (/opt/ros/humble/share/rmw_implementation_cmake/cmake)
[0.118s] -- Found rmw_fastrtps_cpp: 6.2.10 (/opt/ros/humble/share/rmw_fastrtps_cpp/cmake)
[0.181s] -- Using RMW implementation 'rmw_fastrtps_cpp' as default
[0.204s] -- Found rclcpp_components: 16.0.18 (/opt/ros/humble/share/rclcpp_components/cmake)
[0.213s] -- Found geometry_msgs: 4.9.1 (/opt/ros/humble/share/geometry_msgs/cmake)
[0.219s] -- Found nav_msgs: 4.9.1 (/opt/ros/humble/share/nav_msgs/cmake)
[0.227s] -- Found traj_opt: 0.0.0 (/home/xingmaker/landing/Fast-Perching/install/traj_opt/share/traj_opt/cmake)
[0.265s] -- Checking for module 'eigen3'
[0.272s] --   Found eigen3, version 3.4.0
[0.291s] -- Found Eigen: /usr/include/eigen3 (Required is at least version "3.1") 
[0.291s] -- Eigen found (include: /usr/include/eigen3, version: 3.4.0)
[0.310s] -- Checking for module 'flann'
[0.318s] --   Found flann, version 1.9.1
[0.345s] -- Found FLANN: /usr/lib/x86_64-linux-gnu/libflann_cpp.so  
[0.345s] -- FLANN found (include: /usr/include, lib: /usr/lib/x86_64-linux-gnu/libflann_cpp.so)
[1.376s] -- Checking for module 'libusb-1.0'
[1.413s] --   Found libusb-1.0, version 1.0.25
[1.515s] -- Found libusb: /usr/lib/x86_64-linux-gnu/libusb-1.0.so  
[1.518s] -- OpenNI found (version: 1.5.4.0, include: /usr/include/ni, lib: /usr/lib/libOpenNI.so;libusb::libusb)
[1.588s] -- OpenNI2 found (version: 2.2.0.33, include: /usr/include/openni2, lib: /usr/lib/x86_64-linux-gnu/libOpenNI2.so;libusb::libusb)
[1.671s] -- Eigen found (include: /usr/include/eigen3, version: 3.4.0)
[1.675s] -- OpenNI found (version: 1.5.4.0, include: /usr/include/ni, lib: /usr/lib/libOpenNI.so;libusb::libusb)
[1.678s] -- OpenNI2 found (version: 2.2.0.33, include: /usr/include/openni2, lib: /usr/lib/x86_64-linux-gnu/libOpenNI2.so;libusb::libusb)
[1.758s] -- Found Qhull version 8.0.2
[1.837s] -- OpenNI found (version: 1.5.4.0, include: /usr/include/ni, lib: /usr/lib/libOpenNI.so;libusb::libusb)
[1.912s] -- Found PCL_COMMON: /usr/lib/x86_64-linux-gnu/libpcl_common.so  
[1.913s] -- Found PCL_KDTREE: /usr/lib/x86_64-linux-gnu/libpcl_kdtree.so  
[1.913s] -- Found PCL_OCTREE: /usr/lib/x86_64-linux-gnu/libpcl_octree.so  
[1.913s] -- Found PCL_SEARCH: /usr/lib/x86_64-linux-gnu/libpcl_search.so  
[1.914s] -- Found PCL_SAMPLE_CONSENSUS: /usr/lib/x86_64-linux-gnu/libpcl_sample_consensus.so  
[1.914s] -- Found PCL_FILTERS: /usr/lib/x86_64-linux-gnu/libpcl_filters.so  
[1.915s] -- Found PCL_2D: /usr/include/pcl-1.12  
[1.915s] -- Found PCL_GEOMETRY: /usr/include/pcl-1.12  
[1.915s] -- Found PCL_IO: /usr/lib/x86_64-linux-gnu/libpcl_io.so  
[1.916s] -- Found PCL_FEATURES: /usr/lib/x86_64-linux-gnu/libpcl_features.so  
[1.916s] -- Found PCL_ML: /usr/lib/x86_64-linux-gnu/libpcl_ml.so  
[1.916s] -- Found PCL_SEGMENTATION: /usr/lib/x86_64-linux-gnu/libpcl_segmentation.so  
[1.917s] -- Found PCL_VISUALIZATION: /usr/lib/x86_64-linux-gnu/libpcl_visualization.so  
[1.917s] -- Found PCL_SURFACE: /usr/lib/x86_64-linux-gnu/libpcl_surface.so  
[1.918s] -- Found PCL_REGISTRATION: /usr/lib/x86_64-linux-gnu/libpcl_registration.so  
[1.918s] -- Found PCL_KEYPOINTS: /usr/lib/x86_64-linux-gnu/libpcl_keypoints.so  
[1.919s] -- Found PCL_TRACKING: /usr/lib/x86_64-linux-gnu/libpcl_tracking.so  
[1.919s] -- Found PCL_RECOGNITION: /usr/lib/x86_64-linux-gnu/libpcl_recognition.so  
[1.920s] -- Found PCL_STEREO: /usr/lib/x86_64-linux-gnu/libpcl_stereo.so  
[1.920s] -- Found PCL_APPS: /usr/lib/x86_64-linux-gnu/libpcl_apps.so  
[1.921s] -- Found PCL_IN_HAND_SCANNER: /usr/include/pcl-1.12  
[1.921s] -- Found PCL_MODELER: /usr/include/pcl-1.12  
[1.921s] -- Found PCL_POINT_CLOUD_EDITOR: /usr/include/pcl-1.12  
[1.922s] -- Found PCL_OUTOFCORE: /usr/lib/x86_64-linux-gnu/libpcl_outofcore.so  
[1.922s] -- Found PCL_PEOPLE: /usr/lib/x86_64-linux-gnu/libpcl_people.so  
[1.932s] -- Found eigen3_cmake_module: 0.1.1 (/opt/ros/humble/share/eigen3_cmake_module/cmake)
[1.933s] -- Found Eigen3: TRUE (found version "3.4.0") 
[1.933s] -- Ensuring Eigen3 include directory is part of orocos-kdl CMake target
[2.037s] -- Configuring done
[2.070s] -- Generating done
[2.078s] -- Build files have been written to: /home/xingmaker/landing/Fast-Perching/build/planning
[2.087s] Invoked command in '/home/xingmaker/landing/Fast-Perching/build/planning' returned '0': AMENT_PREFIX_PATH=/home/xingmaker/landing/Fast-Perching/install/traj_opt:${AMENT_PREFIX_PATH} CMAKE_PREFIX_PATH=/home/xingmaker/landing/Fast-Perching/install/traj_opt:/home/xingmaker/landing/Fast-Perching/install/vis_utils:/home/xingmaker/landing/Fast-Perching/install/pose_utils:/home/xingmaker/vrx_ws/install:/opt/ros/humble LD_LIBRARY_PATH=/home/xingmaker/landing/Fast-Perching/install/traj_opt/lib:${LD_LIBRARY_PATH} /usr/bin/cmake /home/xingmaker/landing/Fast-Perching/src/planning -DCMAKE_INSTALL_PREFIX=/home/xingmaker/landing/Fast-Perching/install/planning
[2.088s] Invoking command in '/home/xingmaker/landing/Fast-Perching/build/planning': AMENT_PREFIX_PATH=/home/xingmaker/landing/Fast-Perching/install/traj_opt:${AMENT_PREFIX_PATH} CMAKE_PREFIX_PATH=/home/xingmaker/landing/Fast-Perching/install/traj_opt:/home/xingmaker/landing/Fast-Perching/install/vis_utils:/home/xingmaker/landing/Fast-Perching/install/pose_utils:/home/xingmaker/vrx_ws/install:/opt/ros/humble LD_LIBRARY_PATH=/home/xingmaker/landing/Fast-Perching/install/traj_opt/lib:${LD_LIBRARY_PATH} /usr/bin/cmake --build /home/xingmaker/landing/Fast-Perching/build/planning -- -j20 -l20
[2.122s] [ 50%] Building CXX object CMakeFiles/planning.dir/src/planning_node.cpp.o
[2.122s] [ 50%] Building CXX object CMakeFiles/planning_node.dir/src/planning_node.cpp.o
[17.390s] [ 75%] Linking CXX executable planning_node
[17.485s] [100%] Linking CXX shared library libplanning.so
[17.604s] /usr/bin/ld: /usr/lib/gcc/x86_64-linux-gnu/11/../../../x86_64-linux-gnu/Scrt1.o: in function `_start':
[17.604s] (.text+0x1b): undefined reference to `main'
[17.612s] collect2: error: ld returned 1 exit status
[17.613s] gmake[2]: *** [CMakeFiles/planning_node.dir/build.make:419：planning_node] 错误 1
[17.613s] gmake[1]: *** [CMakeFiles/Makefile2:139：CMakeFiles/planning_node.dir/all] 错误 2
[17.613s] gmake[1]: *** 正在等待未完成的任务....
[17.706s] [100%] Built target planning
[17.706s] gmake: *** [Makefile:146：all] 错误 2
[17.708s] Invoked command in '/home/xingmaker/landing/Fast-Perching/build/planning' returned '2': AMENT_PREFIX_PATH=/home/xingmaker/landing/Fast-Perching/install/traj_opt:${AMENT_PREFIX_PATH} CMAKE_PREFIX_PATH=/home/xingmaker/landing/Fast-Perching/install/traj_opt:/home/xingmaker/landing/Fast-Perching/install/vis_utils:/home/xingmaker/landing/Fast-Perching/install/pose_utils:/home/xingmaker/vrx_ws/install:/opt/ros/humble LD_LIBRARY_PATH=/home/xingmaker/landing/Fast-Perching/install/traj_opt/lib:${LD_LIBRARY_PATH} /usr/bin/cmake --build /home/xingmaker/landing/Fast-Perching/build/planning -- -j20 -l20
