[0.005s] Invoking command in '/home/xingmaker/landing/Fast-Perching/build/odom_visualization': CMAKE_PREFIX_PATH=${CMAKE_PREFIX_PATH}:/opt/ros/humble /usr/bin/cmake --build /home/xingmaker/landing/Fast-Perching/build/odom_visualization -- -j20 -l20
[0.020s] -- Found ament_cmake: 1.3.13 (/opt/ros/humble/share/ament_cmake/cmake)
[0.085s] -- Found rclcpp: 16.0.18 (/opt/ros/humble/share/rclcpp/cmake)
[0.099s] -- Found rosidl_generator_c: 3.1.8 (/opt/ros/humble/share/rosidl_generator_c/cmake)
[0.100s] -- Found rosidl_adapter: 3.1.8 (/opt/ros/humble/share/rosidl_adapter/cmake)
[0.103s] -- Found rosidl_generator_cpp: 3.1.8 (/opt/ros/humble/share/rosidl_generator_cpp/cmake)
[0.108s] -- Using all available rosidl_typesupport_c: rosidl_typesupport_fastrtps_c;rosidl_typesupport_introspection_c
[0.120s] -- Using all available rosidl_typesupport_cpp: rosidl_typesupport_fastrtps_cpp;rosidl_typesupport_introspection_cpp
[0.129s] -- Found rmw_implementation_cmake: 6.1.2 (/opt/ros/humble/share/rmw_implementation_cmake/cmake)
[0.129s] -- Found rmw_fastrtps_cpp: 6.2.10 (/opt/ros/humble/share/rmw_fastrtps_cpp/cmake)
[0.186s] -- Using RMW implementation 'rmw_fastrtps_cpp' as default
[0.209s] -- Found sensor_msgs: 4.9.1 (/opt/ros/humble/share/sensor_msgs/cmake)
[0.223s] -- Found nav_msgs: 4.9.1 (/opt/ros/humble/share/nav_msgs/cmake)
[0.230s] -- Found visualization_msgs: 4.9.1 (/opt/ros/humble/share/visualization_msgs/cmake)
[0.239s] -- Found tf2: 0.25.19 (/opt/ros/humble/share/tf2/cmake)
[0.241s] -- Found tf2_ros: 0.25.19 (/opt/ros/humble/share/tf2_ros/cmake)
[0.278s] -- Found pose_utils: 0.0.0 (/home/xingmaker/landing/Fast-Perching/install/pose_utils/share/pose_utils/cmake)
[0.280s] -- Found Armadillo: /usr/include (found version "10.8.2") 
[0.325s] -- Configuring done
[0.333s] -- Generating done
[0.336s] -- Build files have been written to: /home/xingmaker/landing/Fast-Perching/build/odom_visualization
[0.360s] Consolidate compiler generated dependencies of target odom_visualization
[0.360s] [ 25%] Building CXX object CMakeFiles/odom_visualization_plate.dir/src/odom_visualization_plate.cpp.o
[0.367s] [ 50%] Linking CXX executable odom_visualization
[0.477s] [ 75%] Built target odom_visualization
[1.684s] /home/xingmaker/landing/Fast-Perching/src/odom_vis/odom_visualization/src/odom_visualization_plate.cpp: In function ‘void odom_callback(nav_msgs::msg::Odometry_<std::allocator<void> >::SharedPtr)’:
[1.685s] /home/xingmaker/landing/Fast-Perching/src/odom_vis/odom_visualization/src/odom_visualization_plate.cpp:22:10: warning: unused variable ‘dx’ [-Wunused-variable]
[1.685s]    22 |   double dx = height_ / 2;
[1.685s]       |          ^~
[1.685s] /home/xingmaker/landing/Fast-Perching/src/odom_vis/odom_visualization/src/odom_visualization_plate.cpp:23:10: warning: unused variable ‘dy’ [-Wunused-variable]
[1.685s]    23 |   double dy = width_ / 2;
[1.685s]       |          ^~
[5.804s] [100%] Linking CXX executable odom_visualization_plate
[5.831s] /usr/bin/ld: 找不到 -ln: 没有那个文件或目录
[5.860s] collect2: error: ld returned 1 exit status
[5.861s] gmake[2]: *** [CMakeFiles/odom_visualization_plate.dir/build.make:222：odom_visualization_plate] 错误 1
[5.861s] gmake[1]: *** [CMakeFiles/Makefile2:165：CMakeFiles/odom_visualization_plate.dir/all] 错误 2
[5.861s] gmake: *** [Makefile:146：all] 错误 2
