[0.007s] Invoking command in '/home/xingmaker/landing/Fast-Perching/build/odom_visualization': CMAKE_PREFIX_PATH=${CMAKE_PREFIX_PATH}:/opt/ros/humble /usr/bin/cmake --build /home/xingmaker/landing/Fast-Perching/build/odom_visualization -- -j20 -l20
[0.044s] [100%] Built target odom_visualization
[0.044s] [100%] Built target odom_visualization_plate
[0.058s] Invoked command in '/home/xingmaker/landing/Fast-Perching/build/odom_visualization' returned '0': CMAKE_PREFIX_PATH=${CMAKE_PREFIX_PATH}:/opt/ros/humble /usr/bin/cmake --build /home/xingmaker/landing/Fast-Perching/build/odom_visualization -- -j20 -l20
[0.059s] Invoking command in '/home/xingmaker/landing/Fast-Perching/build/odom_visualization': CMAKE_PREFIX_PATH=${CMAKE_PREFIX_PATH}:/opt/ros/humble /usr/bin/cmake --install /home/xingmaker/landing/Fast-Perching/build/odom_visualization
[0.065s] -- Install configuration: "Release"
[0.066s] -- Up-to-date: /home/xingmaker/landing/Fast-Perching/install/odom_visualization/lib/odom_visualization/odom_visualization
[0.066s] -- Up-to-date: /home/xingmaker/landing/Fast-Perching/install/odom_visualization/lib/odom_visualization/odom_visualization_plate
[0.066s] -- Up-to-date: /home/xingmaker/landing/Fast-Perching/install/odom_visualization/share/odom_visualization/launch
[0.066s] -- Up-to-date: /home/xingmaker/landing/Fast-Perching/install/odom_visualization/share/odom_visualization/launch/vins_vis.launch
[0.066s] -- Up-to-date: /home/xingmaker/landing/Fast-Perching/install/odom_visualization/share/odom_visualization/launch/sim_vis.launch
[0.066s] -- Up-to-date: /home/xingmaker/landing/Fast-Perching/install/odom_visualization/share/odom_visualization/launch/real_vis.launch
[0.066s] -- Up-to-date: /home/xingmaker/landing/Fast-Perching/install/odom_visualization/share/odom_visualization/meshes
[0.066s] -- Up-to-date: /home/xingmaker/landing/Fast-Perching/install/odom_visualization/share/odom_visualization/meshes/f250.dae
[0.066s] -- Up-to-date: /home/xingmaker/landing/Fast-Perching/install/odom_visualization/share/odom_visualization/meshes/hummingbird.mesh
[0.066s] -- Up-to-date: /home/xingmaker/landing/Fast-Perching/install/odom_visualization/share/ament_index/resource_index/package_run_dependencies/odom_visualization
[0.066s] -- Up-to-date: /home/xingmaker/landing/Fast-Perching/install/odom_visualization/share/ament_index/resource_index/parent_prefix_path/odom_visualization
[0.066s] -- Up-to-date: /home/xingmaker/landing/Fast-Perching/install/odom_visualization/share/odom_visualization/environment/ament_prefix_path.sh
[0.066s] -- Up-to-date: /home/xingmaker/landing/Fast-Perching/install/odom_visualization/share/odom_visualization/environment/ament_prefix_path.dsv
[0.067s] -- Up-to-date: /home/xingmaker/landing/Fast-Perching/install/odom_visualization/share/odom_visualization/environment/path.sh
[0.067s] -- Up-to-date: /home/xingmaker/landing/Fast-Perching/install/odom_visualization/share/odom_visualization/environment/path.dsv
[0.067s] -- Up-to-date: /home/xingmaker/landing/Fast-Perching/install/odom_visualization/share/odom_visualization/local_setup.bash
[0.067s] -- Up-to-date: /home/xingmaker/landing/Fast-Perching/install/odom_visualization/share/odom_visualization/local_setup.sh
[0.067s] -- Up-to-date: /home/xingmaker/landing/Fast-Perching/install/odom_visualization/share/odom_visualization/local_setup.zsh
[0.067s] -- Up-to-date: /home/xingmaker/landing/Fast-Perching/install/odom_visualization/share/odom_visualization/local_setup.dsv
[0.067s] -- Installing: /home/xingmaker/landing/Fast-Perching/install/odom_visualization/share/odom_visualization/package.dsv
[0.067s] -- Up-to-date: /home/xingmaker/landing/Fast-Perching/install/odom_visualization/share/ament_index/resource_index/packages/odom_visualization
[0.067s] -- Up-to-date: /home/xingmaker/landing/Fast-Perching/install/odom_visualization/share/odom_visualization/cmake/odom_visualizationConfig.cmake
[0.067s] -- Up-to-date: /home/xingmaker/landing/Fast-Perching/install/odom_visualization/share/odom_visualization/cmake/odom_visualizationConfig-version.cmake
[0.067s] -- Up-to-date: /home/xingmaker/landing/Fast-Perching/install/odom_visualization/share/odom_visualization/package.xml
[0.068s] Invoked command in '/home/xingmaker/landing/Fast-Perching/build/odom_visualization' returned '0': CMAKE_PREFIX_PATH=${CMAKE_PREFIX_PATH}:/opt/ros/humble /usr/bin/cmake --install /home/xingmaker/landing/Fast-Perching/build/odom_visualization
