[0.007s] Invoking command in '/home/xingmaker/landing/Fast-Perching/build/planning': CMAKE_PREFIX_PATH=/home/xingmaker/landing/Fast-Perching/install/traj_opt:/home/xingmaker/landing/Fast-Perching/install/vis_utils:/home/xingmaker/landing/Fast-Perching/install/planning:/home/xingmaker/landing/Fast-Perching/install/pose_utils:/home/xingmaker/landing/Fast-Perching/install/odom_visualization:/home/xingmaker/vrx_ws/install:/opt/ros/humble LD_LIBRARY_PATH=/home/xingmaker/landing/Fast-Perching/install/traj_opt/lib:/home/xingmaker/landing/Fast-Perching/install/planning/lib:/home/xingmaker/landing/Fast-Perching/install/pose_utils/lib:/home/xingmaker/vrx_ws/install/lib:/opt/ros/humble/opt/rviz_ogre_vendor/lib:/opt/ros/humble/lib/x86_64-linux-gnu:/opt/ros/humble/lib /usr/bin/cmake /home/xingmaker/landing/Fast-Perching/src/planning -DCMAKE_INSTALL_PREFIX=/home/xingmaker/landing/Fast-Perching/install/planning
[0.022s] -- Found ament_cmake: 1.3.13 (/opt/ros/humble/share/ament_cmake/cmake)
[0.088s] -- Found rclcpp: 16.0.18 (/opt/ros/humble/share/rclcpp/cmake)
[0.103s] -- Found rosidl_generator_c: 3.1.8 (/opt/ros/humble/share/rosidl_generator_c/cmake)
[0.104s] -- Found rosidl_adapter: 3.1.8 (/opt/ros/humble/share/rosidl_adapter/cmake)
[0.107s] -- Found rosidl_generator_cpp: 3.1.8 (/opt/ros/humble/share/rosidl_generator_cpp/cmake)
[0.112s] -- Using all available rosidl_typesupport_c: rosidl_typesupport_fastrtps_c;rosidl_typesupport_introspection_c
[0.118s] -- Using all available rosidl_typesupport_cpp: rosidl_typesupport_fastrtps_cpp;rosidl_typesupport_introspection_cpp
[0.134s] -- Found rmw_implementation_cmake: 6.1.2 (/opt/ros/humble/share/rmw_implementation_cmake/cmake)
[0.135s] -- Found rmw_fastrtps_cpp: 6.2.10 (/opt/ros/humble/share/rmw_fastrtps_cpp/cmake)
[0.207s] -- Using RMW implementation 'rmw_fastrtps_cpp' as default
[0.244s] -- Found rclcpp_components: 16.0.18 (/opt/ros/humble/share/rclcpp_components/cmake)
[0.253s] -- Found geometry_msgs: 4.9.1 (/opt/ros/humble/share/geometry_msgs/cmake)
[0.259s] -- Found nav_msgs: 4.9.1 (/opt/ros/humble/share/nav_msgs/cmake)
[0.267s] -- Found traj_opt: 0.0.0 (/home/xingmaker/landing/Fast-Perching/install/traj_opt/share/traj_opt/cmake)
[0.301s] -- Eigen found (include: /usr/include/eigen3, version: 3.4.0)
[0.327s] -- FLANN found (include: /usr/include, lib: /usr/lib/x86_64-linux-gnu/libflann_cpp.so)
[0.548s] -- OpenNI found (version: 1.5.4.0, include: /usr/include/ni, lib: /usr/lib/libOpenNI.so;libusb::libusb)
[0.551s] -- OpenNI2 found (version: 2.2.0.33, include: /usr/include/openni2, lib: /usr/lib/x86_64-linux-gnu/libOpenNI2.so;libusb::libusb)
[0.644s] -- Eigen found (include: /usr/include/eigen3, version: 3.4.0)
[0.648s] -- OpenNI found (version: 1.5.4.0, include: /usr/include/ni, lib: /usr/lib/libOpenNI.so;libusb::libusb)
[0.652s] -- OpenNI2 found (version: 2.2.0.33, include: /usr/include/openni2, lib: /usr/lib/x86_64-linux-gnu/libOpenNI2.so;libusb::libusb)
[0.748s] -- Found Qhull version 8.0.2
[0.839s] -- OpenNI found (version: 1.5.4.0, include: /usr/include/ni, lib: /usr/lib/libOpenNI.so;libusb::libusb)
[0.933s] -- Found eigen3_cmake_module: 0.1.1 (/opt/ros/humble/share/eigen3_cmake_module/cmake)
[0.934s] -- Ensuring Eigen3 include directory is part of orocos-kdl CMake target
[1.033s] -- Configuring done
[1.069s] -- Generating done
[1.077s] -- Build files have been written to: /home/xingmaker/landing/Fast-Perching/build/planning
[1.086s] Invoked command in '/home/xingmaker/landing/Fast-Perching/build/planning' returned '0': CMAKE_PREFIX_PATH=/home/xingmaker/landing/Fast-Perching/install/traj_opt:/home/xingmaker/landing/Fast-Perching/install/vis_utils:/home/xingmaker/landing/Fast-Perching/install/planning:/home/xingmaker/landing/Fast-Perching/install/pose_utils:/home/xingmaker/landing/Fast-Perching/install/odom_visualization:/home/xingmaker/vrx_ws/install:/opt/ros/humble LD_LIBRARY_PATH=/home/xingmaker/landing/Fast-Perching/install/traj_opt/lib:/home/xingmaker/landing/Fast-Perching/install/planning/lib:/home/xingmaker/landing/Fast-Perching/install/pose_utils/lib:/home/xingmaker/vrx_ws/install/lib:/opt/ros/humble/opt/rviz_ogre_vendor/lib:/opt/ros/humble/lib/x86_64-linux-gnu:/opt/ros/humble/lib /usr/bin/cmake /home/xingmaker/landing/Fast-Perching/src/planning -DCMAKE_INSTALL_PREFIX=/home/xingmaker/landing/Fast-Perching/install/planning
[1.087s] Invoking command in '/home/xingmaker/landing/Fast-Perching/build/planning': CMAKE_PREFIX_PATH=/home/xingmaker/landing/Fast-Perching/install/traj_opt:/home/xingmaker/landing/Fast-Perching/install/vis_utils:/home/xingmaker/landing/Fast-Perching/install/planning:/home/xingmaker/landing/Fast-Perching/install/pose_utils:/home/xingmaker/landing/Fast-Perching/install/odom_visualization:/home/xingmaker/vrx_ws/install:/opt/ros/humble LD_LIBRARY_PATH=/home/xingmaker/landing/Fast-Perching/install/traj_opt/lib:/home/xingmaker/landing/Fast-Perching/install/planning/lib:/home/xingmaker/landing/Fast-Perching/install/pose_utils/lib:/home/xingmaker/vrx_ws/install/lib:/opt/ros/humble/opt/rviz_ogre_vendor/lib:/opt/ros/humble/lib/x86_64-linux-gnu:/opt/ros/humble/lib /usr/bin/cmake --build /home/xingmaker/landing/Fast-Perching/build/planning -- -j20 -l20
[1.131s] [35m[1mConsolidate compiler generated dependencies of target planning[0m
[1.131s] [35m[1mConsolidate compiler generated dependencies of target planning_node[0m
[1.154s] [100%] Built target planning_node
[1.154s] [100%] Built target planning
[1.159s] Invoked command in '/home/xingmaker/landing/Fast-Perching/build/planning' returned '0': CMAKE_PREFIX_PATH=/home/xingmaker/landing/Fast-Perching/install/traj_opt:/home/xingmaker/landing/Fast-Perching/install/vis_utils:/home/xingmaker/landing/Fast-Perching/install/planning:/home/xingmaker/landing/Fast-Perching/install/pose_utils:/home/xingmaker/landing/Fast-Perching/install/odom_visualization:/home/xingmaker/vrx_ws/install:/opt/ros/humble LD_LIBRARY_PATH=/home/xingmaker/landing/Fast-Perching/install/traj_opt/lib:/home/xingmaker/landing/Fast-Perching/install/planning/lib:/home/xingmaker/landing/Fast-Perching/install/pose_utils/lib:/home/xingmaker/vrx_ws/install/lib:/opt/ros/humble/opt/rviz_ogre_vendor/lib:/opt/ros/humble/lib/x86_64-linux-gnu:/opt/ros/humble/lib /usr/bin/cmake --build /home/xingmaker/landing/Fast-Perching/build/planning -- -j20 -l20
[1.160s] Invoking command in '/home/xingmaker/landing/Fast-Perching/build/planning': CMAKE_PREFIX_PATH=/home/xingmaker/landing/Fast-Perching/install/traj_opt:/home/xingmaker/landing/Fast-Perching/install/vis_utils:/home/xingmaker/landing/Fast-Perching/install/planning:/home/xingmaker/landing/Fast-Perching/install/pose_utils:/home/xingmaker/landing/Fast-Perching/install/odom_visualization:/home/xingmaker/vrx_ws/install:/opt/ros/humble LD_LIBRARY_PATH=/home/xingmaker/landing/Fast-Perching/install/traj_opt/lib:/home/xingmaker/landing/Fast-Perching/install/planning/lib:/home/xingmaker/landing/Fast-Perching/install/pose_utils/lib:/home/xingmaker/vrx_ws/install/lib:/opt/ros/humble/opt/rviz_ogre_vendor/lib:/opt/ros/humble/lib/x86_64-linux-gnu:/opt/ros/humble/lib /usr/bin/cmake --install /home/xingmaker/landing/Fast-Perching/build/planning
[1.166s] -- Install configuration: "Release"
[1.166s] -- Up-to-date: /home/xingmaker/landing/Fast-Perching/install/planning/lib/planning/planning_node
[1.166s] -- Up-to-date: /home/xingmaker/landing/Fast-Perching/install/planning/lib/libplanning.so
[1.166s] -- Up-to-date: /home/xingmaker/landing/Fast-Perching/install/planning/share/planning/launch
[1.166s] -- Up-to-date: /home/xingmaker/landing/Fast-Perching/install/planning/share/planning/launch/perching.launch.py
[1.166s] -- Up-to-date: /home/xingmaker/landing/Fast-Perching/install/planning/share/planning/config
[1.167s] -- Installing: /home/xingmaker/landing/Fast-Perching/install/planning/share/planning/config/rviz_sim.rviz
[1.167s] -- Up-to-date: /home/xingmaker/landing/Fast-Perching/install/planning/share/ament_index/resource_index/package_run_dependencies/planning
[1.167s] -- Installing: /home/xingmaker/landing/Fast-Perching/install/planning/share/ament_index/resource_index/parent_prefix_path/planning
[1.167s] -- Up-to-date: /home/xingmaker/landing/Fast-Perching/install/planning/share/planning/environment/ament_prefix_path.sh
[1.167s] -- Installing: /home/xingmaker/landing/Fast-Perching/install/planning/share/planning/environment/ament_prefix_path.dsv
[1.167s] -- Up-to-date: /home/xingmaker/landing/Fast-Perching/install/planning/share/planning/environment/path.sh
[1.167s] -- Installing: /home/xingmaker/landing/Fast-Perching/install/planning/share/planning/environment/path.dsv
[1.167s] -- Up-to-date: /home/xingmaker/landing/Fast-Perching/install/planning/share/planning/local_setup.bash
[1.167s] -- Up-to-date: /home/xingmaker/landing/Fast-Perching/install/planning/share/planning/local_setup.sh
[1.167s] -- Up-to-date: /home/xingmaker/landing/Fast-Perching/install/planning/share/planning/local_setup.zsh
[1.167s] -- Installing: /home/xingmaker/landing/Fast-Perching/install/planning/share/planning/local_setup.dsv
[1.167s] -- Installing: /home/xingmaker/landing/Fast-Perching/install/planning/share/planning/package.dsv
[1.167s] -- Up-to-date: /home/xingmaker/landing/Fast-Perching/install/planning/share/ament_index/resource_index/packages/planning
[1.167s] -- Up-to-date: /home/xingmaker/landing/Fast-Perching/install/planning/share/ament_index/resource_index/rclcpp_components/planning
[1.167s] -- Up-to-date: /home/xingmaker/landing/Fast-Perching/install/planning/share/planning/cmake/planningConfig.cmake
[1.167s] -- Up-to-date: /home/xingmaker/landing/Fast-Perching/install/planning/share/planning/cmake/planningConfig-version.cmake
[1.167s] -- Up-to-date: /home/xingmaker/landing/Fast-Perching/install/planning/share/planning/package.xml
[1.168s] Invoked command in '/home/xingmaker/landing/Fast-Perching/build/planning' returned '0': CMAKE_PREFIX_PATH=/home/xingmaker/landing/Fast-Perching/install/traj_opt:/home/xingmaker/landing/Fast-Perching/install/vis_utils:/home/xingmaker/landing/Fast-Perching/install/planning:/home/xingmaker/landing/Fast-Perching/install/pose_utils:/home/xingmaker/landing/Fast-Perching/install/odom_visualization:/home/xingmaker/vrx_ws/install:/opt/ros/humble LD_LIBRARY_PATH=/home/xingmaker/landing/Fast-Perching/install/traj_opt/lib:/home/xingmaker/landing/Fast-Perching/install/planning/lib:/home/xingmaker/landing/Fast-Perching/install/pose_utils/lib:/home/xingmaker/vrx_ws/install/lib:/opt/ros/humble/opt/rviz_ogre_vendor/lib:/opt/ros/humble/lib/x86_64-linux-gnu:/opt/ros/humble/lib /usr/bin/cmake --install /home/xingmaker/landing/Fast-Perching/build/planning
