-- Found ament_cmake: 1.3.13 (/opt/ros/humble/share/ament_cmake/cmake)
-- Found rclcpp: 16.0.18 (/opt/ros/humble/share/rclcpp/cmake)
-- Found rosidl_generator_c: 3.1.8 (/opt/ros/humble/share/rosidl_generator_c/cmake)
-- Found rosidl_adapter: 3.1.8 (/opt/ros/humble/share/rosidl_adapter/cmake)
-- Found rosidl_generator_cpp: 3.1.8 (/opt/ros/humble/share/rosidl_generator_cpp/cmake)
-- Using all available rosidl_typesupport_c: rosidl_typesupport_fastrtps_c;rosidl_typesupport_introspection_c
-- Using all available rosidl_typesupport_cpp: rosidl_typesupport_fastrtps_cpp;rosidl_typesupport_introspection_cpp
-- Found rmw_implementation_cmake: 6.1.2 (/opt/ros/humble/share/rmw_implementation_cmake/cmake)
-- Found rmw_fastrtps_cpp: 6.2.10 (/opt/ros/humble/share/rmw_fastrtps_cpp/cmake)
-- Using RMW implementation 'rmw_fastrtps_cpp' as default
-- Configuring done
-- Generating done
-- Build files have been written to: /home/xingmaker/landing/Fast-Perching/build/pose_utils
[35m[1mConsolidate compiler generated dependencies of target pose_utils[0m
[100%] Built target pose_utils
-- Install configuration: "Release"
-- Up-to-date: /home/xingmaker/landing/Fast-Perching/install/pose_utils/include
-- Up-to-date: /home/xingmaker/landing/Fast-Perching/install/pose_utils/include/pose_utils.h
-- Up-to-date: /home/xingmaker/landing/Fast-Perching/install/pose_utils/lib/libpose_utils.so
-- Up-to-date: /home/xingmaker/landing/Fast-Perching/install/pose_utils/share/pose_utils/environment/library_path.sh
-- Installing: /home/xingmaker/landing/Fast-Perching/install/pose_utils/share/pose_utils/environment/library_path.dsv
-- Up-to-date: /home/xingmaker/landing/Fast-Perching/install/pose_utils/share/ament_index/resource_index/package_run_dependencies/pose_utils
-- Installing: /home/xingmaker/landing/Fast-Perching/install/pose_utils/share/ament_index/resource_index/parent_prefix_path/pose_utils
-- Up-to-date: /home/xingmaker/landing/Fast-Perching/install/pose_utils/share/pose_utils/environment/ament_prefix_path.sh
-- Installing: /home/xingmaker/landing/Fast-Perching/install/pose_utils/share/pose_utils/environment/ament_prefix_path.dsv
-- Up-to-date: /home/xingmaker/landing/Fast-Perching/install/pose_utils/share/pose_utils/environment/path.sh
-- Installing: /home/xingmaker/landing/Fast-Perching/install/pose_utils/share/pose_utils/environment/path.dsv
-- Up-to-date: /home/xingmaker/landing/Fast-Perching/install/pose_utils/share/pose_utils/local_setup.bash
-- Up-to-date: /home/xingmaker/landing/Fast-Perching/install/pose_utils/share/pose_utils/local_setup.sh
-- Up-to-date: /home/xingmaker/landing/Fast-Perching/install/pose_utils/share/pose_utils/local_setup.zsh
-- Installing: /home/xingmaker/landing/Fast-Perching/install/pose_utils/share/pose_utils/local_setup.dsv
-- Installing: /home/xingmaker/landing/Fast-Perching/install/pose_utils/share/pose_utils/package.dsv
-- Up-to-date: /home/xingmaker/landing/Fast-Perching/install/pose_utils/share/ament_index/resource_index/packages/pose_utils
-- Up-to-date: /home/xingmaker/landing/Fast-Perching/install/pose_utils/share/pose_utils/cmake/ament_cmake_export_include_directories-extras.cmake
-- Up-to-date: /home/xingmaker/landing/Fast-Perching/install/pose_utils/share/pose_utils/cmake/ament_cmake_export_libraries-extras.cmake
-- Up-to-date: /home/xingmaker/landing/Fast-Perching/install/pose_utils/share/pose_utils/cmake/ament_cmake_export_dependencies-extras.cmake
-- Up-to-date: /home/xingmaker/landing/Fast-Perching/install/pose_utils/share/pose_utils/cmake/pose_utilsConfig.cmake
-- Up-to-date: /home/xingmaker/landing/Fast-Perching/install/pose_utils/share/pose_utils/cmake/pose_utilsConfig-version.cmake
-- Up-to-date: /home/xingmaker/landing/Fast-Perching/install/pose_utils/share/pose_utils/package.xml
