[0.005s] Invoking command in '/home/xingmaker/landing/Fast-Perching/build/planning': AMENT_PREFIX_PATH=/home/xingmaker/landing/Fast-Perching/install/traj_opt:${AMENT_PREFIX_PATH} CMAKE_PREFIX_PATH=/home/xingmaker/landing/Fast-Perching/install/traj_opt:/home/xingmaker/landing/Fast-Perching/install/vis_utils:/home/xingmaker/landing/Fast-Perching/install/pose_utils:/home/xingmaker/vrx_ws/install:/opt/ros/humble LD_LIBRARY_PATH=/home/xingmaker/landing/Fast-Perching/install/traj_opt/lib:${LD_LIBRARY_PATH} /usr/bin/cmake /home/xingmaker/landing/Fast-Perching/src/planning -DCMAKE_INSTALL_PREFIX=/home/xingmaker/landing/Fast-Perching/install/planning
[0.038s] -- The C compiler identification is GNU 11.4.0
[0.070s] -- The CXX compiler identification is GNU 11.4.0
[0.074s] -- Detecting C compiler ABI info
[0.112s] -- Detecting C compiler ABI info - done
[0.115s] -- Check for working C compiler: /usr/bin/cc - skipped
[0.115s] -- Detecting C compile features
[0.115s] -- Detecting C compile features - done
[0.117s] -- Detecting CXX compiler ABI info
[0.164s] -- Detecting CXX compiler ABI info - done
[0.170s] -- Check for working CXX compiler: /usr/bin/c++ - skipped
[0.171s] -- Detecting CXX compile features
[0.171s] -- Detecting CXX compile features - done
[0.172s] -- Found ament_cmake: 1.3.13 (/opt/ros/humble/share/ament_cmake/cmake)
[0.268s] -- Found Python3: /usr/bin/python3 (found version "3.10.12") found components: Interpreter 
[0.312s] -- Found rclcpp: 16.0.18 (/opt/ros/humble/share/rclcpp/cmake)
[0.333s] -- Found rosidl_generator_c: 3.1.8 (/opt/ros/humble/share/rosidl_generator_c/cmake)
[0.335s] -- Found rosidl_adapter: 3.1.8 (/opt/ros/humble/share/rosidl_adapter/cmake)
[0.339s] -- Found rosidl_generator_cpp: 3.1.8 (/opt/ros/humble/share/rosidl_generator_cpp/cmake)
[0.345s] -- Using all available rosidl_typesupport_c: rosidl_typesupport_fastrtps_c;rosidl_typesupport_introspection_c
[0.353s] -- Using all available rosidl_typesupport_cpp: rosidl_typesupport_fastrtps_cpp;rosidl_typesupport_introspection_cpp
[0.373s] -- Found rmw_implementation_cmake: 6.1.2 (/opt/ros/humble/share/rmw_implementation_cmake/cmake)
[0.374s] -- Found rmw_fastrtps_cpp: 6.2.10 (/opt/ros/humble/share/rmw_fastrtps_cpp/cmake)
[0.424s] -- Found OpenSSL: /usr/lib/x86_64-linux-gnu/libcrypto.so (found version "3.0.2")  
[0.439s] -- Found FastRTPS: /opt/ros/humble/include  
[0.465s] -- Using RMW implementation 'rmw_fastrtps_cpp' as default
[0.471s] -- Looking for pthread.h
[0.517s] -- Looking for pthread.h - found
[0.518s] -- Performing Test CMAKE_HAVE_LIBC_PTHREAD
[0.562s] -- Performing Test CMAKE_HAVE_LIBC_PTHREAD - Success
[0.562s] -- Found Threads: TRUE  
[0.587s] -- Found rclcpp_components: 16.0.18 (/opt/ros/humble/share/rclcpp_components/cmake)
[0.604s] CMake Error at CMakeLists.txt:13 (find_package):
[0.605s]   By not providing "Findcomponent_manager.cmake" in CMAKE_MODULE_PATH this
[0.605s]   project has asked CMake to find a package configuration file provided by
[0.605s]   "component_manager", but CMake did not find one.
[0.605s] 
[0.605s]   Could not find a package configuration file provided by "component_manager"
[0.605s]   with any of the following names:
[0.605s] 
[0.605s]     component_managerConfig.cmake
[0.605s]     component_manager-config.cmake
[0.605s] 
[0.605s]   Add the installation prefix of "component_manager" to CMAKE_PREFIX_PATH or
[0.605s]   set "component_manager_DIR" to a directory containing one of the above
[0.605s]   files.  If "component_manager" provides a separate development package or
[0.605s]   SDK, be sure it has been installed.
[0.605s] 
[0.605s] 
[0.605s] -- Configuring incomplete, errors occurred!
[0.605s] See also "/home/xingmaker/landing/Fast-Perching/build/planning/CMakeFiles/CMakeOutput.log".
[0.610s] Invoked command in '/home/xingmaker/landing/Fast-Perching/build/planning' returned '1': AMENT_PREFIX_PATH=/home/xingmaker/landing/Fast-Perching/install/traj_opt:${AMENT_PREFIX_PATH} CMAKE_PREFIX_PATH=/home/xingmaker/landing/Fast-Perching/install/traj_opt:/home/xingmaker/landing/Fast-Perching/install/vis_utils:/home/xingmaker/landing/Fast-Perching/install/pose_utils:/home/xingmaker/vrx_ws/install:/opt/ros/humble LD_LIBRARY_PATH=/home/xingmaker/landing/Fast-Perching/install/traj_opt/lib:${LD_LIBRARY_PATH} /usr/bin/cmake /home/xingmaker/landing/Fast-Perching/src/planning -DCMAKE_INSTALL_PREFIX=/home/xingmaker/landing/Fast-Perching/install/planning
