[0.005s] Invoking command in '/home/xingmaker/landing/Fast-Perching/build/pose_utils': CMAKE_PREFIX_PATH=${CMAKE_PREFIX_PATH}:/opt/ros/humble /usr/bin/cmake --build /home/xingmaker/landing/Fast-Perching/build/pose_utils -- -j20 -l20
[0.018s] -- Found ament_cmake: 1.3.13 (/opt/ros/humble/share/ament_cmake/cmake)
[0.097s] -- Found rclcpp: 16.0.18 (/opt/ros/humble/share/rclcpp/cmake)
[0.119s] -- Found rosidl_generator_c: 3.1.8 (/opt/ros/humble/share/rosidl_generator_c/cmake)
[0.119s] -- Found rosidl_adapter: 3.1.8 (/opt/ros/humble/share/rosidl_adapter/cmake)
[0.119s] -- Found rosidl_generator_cpp: 3.1.8 (/opt/ros/humble/share/rosidl_generator_cpp/cmake)
[0.120s] -- Using all available rosidl_typesupport_c: rosidl_typesupport_fastrtps_c;rosidl_typesupport_introspection_c
[0.126s] -- Using all available rosidl_typesupport_cpp: rosidl_typesupport_fastrtps_cpp;rosidl_typesupport_introspection_cpp
[0.141s] -- Found rmw_implementation_cmake: 6.1.2 (/opt/ros/humble/share/rmw_implementation_cmake/cmake)
[0.141s] -- Found rmw_fastrtps_cpp: 6.2.10 (/opt/ros/humble/share/rmw_fastrtps_cpp/cmake)
[0.196s] -- Using RMW implementation 'rmw_fastrtps_cpp' as default
[0.226s] -- Found Armadillo: /usr/include (found version "10.8.2") 
[0.259s] -- Configuring done
[0.262s] -- Generating done
[0.264s] -- Build files have been written to: /home/xingmaker/landing/Fast-Perching/build/pose_utils
[0.281s] Consolidate compiler generated dependencies of target pose_utils
[0.289s] [ 50%] Linking CXX shared library libpose_utils.so
[0.334s] [100%] Built target pose_utils
[0.341s] Invoked command in '/home/xingmaker/landing/Fast-Perching/build/pose_utils' returned '0': CMAKE_PREFIX_PATH=${CMAKE_PREFIX_PATH}:/opt/ros/humble /usr/bin/cmake --build /home/xingmaker/landing/Fast-Perching/build/pose_utils -- -j20 -l20
[0.342s] Invoking command in '/home/xingmaker/landing/Fast-Perching/build/pose_utils': CMAKE_PREFIX_PATH=${CMAKE_PREFIX_PATH}:/opt/ros/humble /usr/bin/cmake --install /home/xingmaker/landing/Fast-Perching/build/pose_utils
[0.345s] -- Install configuration: "Release"
[0.345s] -- Up-to-date: /home/xingmaker/landing/Fast-Perching/install/pose_utils/include
[0.345s] -- Up-to-date: /home/xingmaker/landing/Fast-Perching/install/pose_utils/include/pose_utils.h
[0.345s] -- Installing: /home/xingmaker/landing/Fast-Perching/install/pose_utils/lib/libpose_utils.so
[0.345s] -- Set runtime path of "/home/xingmaker/landing/Fast-Perching/install/pose_utils/lib/libpose_utils.so" to ""
[0.345s] -- Up-to-date: /home/xingmaker/landing/Fast-Perching/install/pose_utils/share/pose_utils/environment/library_path.sh
[0.345s] -- Installing: /home/xingmaker/landing/Fast-Perching/install/pose_utils/share/pose_utils/environment/library_path.dsv
[0.345s] -- Up-to-date: /home/xingmaker/landing/Fast-Perching/install/pose_utils/share/ament_index/resource_index/package_run_dependencies/pose_utils
[0.345s] -- Installing: /home/xingmaker/landing/Fast-Perching/install/pose_utils/share/ament_index/resource_index/parent_prefix_path/pose_utils
[0.345s] -- Up-to-date: /home/xingmaker/landing/Fast-Perching/install/pose_utils/share/pose_utils/environment/ament_prefix_path.sh
[0.345s] -- Installing: /home/xingmaker/landing/Fast-Perching/install/pose_utils/share/pose_utils/environment/ament_prefix_path.dsv
[0.345s] -- Up-to-date: /home/xingmaker/landing/Fast-Perching/install/pose_utils/share/pose_utils/environment/path.sh
[0.346s] -- Installing: /home/xingmaker/landing/Fast-Perching/install/pose_utils/share/pose_utils/environment/path.dsv
[0.346s] -- Up-to-date: /home/xingmaker/landing/Fast-Perching/install/pose_utils/share/pose_utils/local_setup.bash
[0.346s] -- Up-to-date: /home/xingmaker/landing/Fast-Perching/install/pose_utils/share/pose_utils/local_setup.sh
[0.346s] -- Up-to-date: /home/xingmaker/landing/Fast-Perching/install/pose_utils/share/pose_utils/local_setup.zsh
[0.346s] -- Installing: /home/xingmaker/landing/Fast-Perching/install/pose_utils/share/pose_utils/local_setup.dsv
[0.346s] -- Installing: /home/xingmaker/landing/Fast-Perching/install/pose_utils/share/pose_utils/package.dsv
[0.346s] -- Up-to-date: /home/xingmaker/landing/Fast-Perching/install/pose_utils/share/ament_index/resource_index/packages/pose_utils
[0.346s] -- Up-to-date: /home/xingmaker/landing/Fast-Perching/install/pose_utils/share/pose_utils/cmake/ament_cmake_export_include_directories-extras.cmake
[0.346s] -- Up-to-date: /home/xingmaker/landing/Fast-Perching/install/pose_utils/share/pose_utils/cmake/ament_cmake_export_libraries-extras.cmake
[0.346s] -- Up-to-date: /home/xingmaker/landing/Fast-Perching/install/pose_utils/share/pose_utils/cmake/ament_cmake_export_dependencies-extras.cmake
[0.346s] -- Up-to-date: /home/xingmaker/landing/Fast-Perching/install/pose_utils/share/pose_utils/cmake/pose_utilsConfig.cmake
[0.346s] -- Up-to-date: /home/xingmaker/landing/Fast-Perching/install/pose_utils/share/pose_utils/cmake/pose_utilsConfig-version.cmake
[0.346s] -- Up-to-date: /home/xingmaker/landing/Fast-Perching/install/pose_utils/share/pose_utils/package.xml
[0.346s] Invoked command in '/home/xingmaker/landing/Fast-Perching/build/pose_utils' returned '0': CMAKE_PREFIX_PATH=${CMAKE_PREFIX_PATH}:/opt/ros/humble /usr/bin/cmake --install /home/xingmaker/landing/Fast-Perching/build/pose_utils
