[0.007s] Invoking command in '/home/xingmaker/landing/Fast-Perching/build/vis_utils': CMAKE_PREFIX_PATH=${CMAKE_PREFIX_PATH}:/opt/ros/humble /usr/bin/cmake --build /home/xingmaker/landing/Fast-Perching/build/vis_utils -- -j20 -l20
[0.034s] Invoked command in '/home/xingmaker/landing/Fast-Perching/build/vis_utils' returned '0': CMAKE_PREFIX_PATH=${CMAKE_PREFIX_PATH}:/opt/ros/humble /usr/bin/cmake --build /home/xingmaker/landing/Fast-Perching/build/vis_utils -- -j20 -l20
[0.040s] Invoking command in '/home/xingmaker/landing/Fast-Perching/build/vis_utils': CMAKE_PREFIX_PATH=${CMAKE_PREFIX_PATH}:/opt/ros/humble /usr/bin/cmake --install /home/xingmaker/landing/Fast-Perching/build/vis_utils
[0.047s] -- Install configuration: "Release"
[0.047s] -- Up-to-date: /home/xingmaker/landing/Fast-Perching/install/vis_utils/include
[0.047s] -- Up-to-date: /home/xingmaker/landing/Fast-Perching/install/vis_utils/include/vis_utils
[0.047s] -- Up-to-date: /home/xingmaker/landing/Fast-Perching/install/vis_utils/include/vis_utils/vis_utils.hpp
[0.047s] -- Up-to-date: /home/xingmaker/landing/Fast-Perching/install/vis_utils/share/ament_index/resource_index/package_run_dependencies/vis_utils
[0.047s] -- Up-to-date: /home/xingmaker/landing/Fast-Perching/install/vis_utils/share/ament_index/resource_index/parent_prefix_path/vis_utils
[0.047s] -- Up-to-date: /home/xingmaker/landing/Fast-Perching/install/vis_utils/share/vis_utils/environment/ament_prefix_path.sh
[0.047s] -- Up-to-date: /home/xingmaker/landing/Fast-Perching/install/vis_utils/share/vis_utils/environment/ament_prefix_path.dsv
[0.047s] -- Up-to-date: /home/xingmaker/landing/Fast-Perching/install/vis_utils/share/vis_utils/environment/path.sh
[0.047s] -- Up-to-date: /home/xingmaker/landing/Fast-Perching/install/vis_utils/share/vis_utils/environment/path.dsv
[0.047s] -- Up-to-date: /home/xingmaker/landing/Fast-Perching/install/vis_utils/share/vis_utils/local_setup.bash
[0.048s] -- Up-to-date: /home/xingmaker/landing/Fast-Perching/install/vis_utils/share/vis_utils/local_setup.sh
[0.048s] -- Up-to-date: /home/xingmaker/landing/Fast-Perching/install/vis_utils/share/vis_utils/local_setup.zsh
[0.048s] -- Up-to-date: /home/xingmaker/landing/Fast-Perching/install/vis_utils/share/vis_utils/local_setup.dsv
[0.048s] -- Installing: /home/xingmaker/landing/Fast-Perching/install/vis_utils/share/vis_utils/package.dsv
[0.048s] -- Up-to-date: /home/xingmaker/landing/Fast-Perching/install/vis_utils/share/ament_index/resource_index/packages/vis_utils
[0.048s] -- Up-to-date: /home/xingmaker/landing/Fast-Perching/install/vis_utils/share/vis_utils/cmake/ament_cmake_export_include_directories-extras.cmake
[0.048s] -- Up-to-date: /home/xingmaker/landing/Fast-Perching/install/vis_utils/share/vis_utils/cmake/ament_cmake_export_dependencies-extras.cmake
[0.049s] -- Up-to-date: /home/xingmaker/landing/Fast-Perching/install/vis_utils/share/vis_utils/cmake/vis_utilsConfig.cmake
[0.049s] -- Up-to-date: /home/xingmaker/landing/Fast-Perching/install/vis_utils/share/vis_utils/cmake/vis_utilsConfig-version.cmake
[0.049s] -- Up-to-date: /home/xingmaker/landing/Fast-Perching/install/vis_utils/share/vis_utils/package.xml
[0.049s] Invoked command in '/home/xingmaker/landing/Fast-Perching/build/vis_utils' returned '0': CMAKE_PREFIX_PATH=${CMAKE_PREFIX_PATH}:/opt/ros/humble /usr/bin/cmake --install /home/xingmaker/landing/Fast-Perching/build/vis_utils
