[0.008s] Invoking command in '/home/xingmaker/landing/Fast-Perching/build/vis_utils': CMAKE_PREFIX_PATH=${CMAKE_PREFIX_PATH}:/opt/ros/humble /usr/bin/cmake /home/xingmaker/landing/Fast-Perching/src/vis_utils -DCMAKE_BUILD_TYPE=Release -DCMAKE_INSTALL_PREFIX=/home/xingmaker/landing/Fast-Perching/install/vis_utils
[0.015s] -- Found ament_cmake: 1.3.13 (/opt/ros/humble/share/ament_cmake/cmake)
[0.084s] -- Found rclcpp: 16.0.18 (/opt/ros/humble/share/rclcpp/cmake)
[0.099s] -- Found rosidl_generator_c: 3.1.8 (/opt/ros/humble/share/rosidl_generator_c/cmake)
[0.100s] -- Found rosidl_adapter: 3.1.8 (/opt/ros/humble/share/rosidl_adapter/cmake)
[0.103s] -- Found rosidl_generator_cpp: 3.1.8 (/opt/ros/humble/share/rosidl_generator_cpp/cmake)
[0.108s] -- Using all available rosidl_typesupport_c: rosidl_typesupport_fastrtps_c;rosidl_typesupport_introspection_c
[0.115s] -- Using all available rosidl_typesupport_cpp: rosidl_typesupport_fastrtps_cpp;rosidl_typesupport_introspection_cpp
[0.131s] -- Found rmw_implementation_cmake: 6.1.2 (/opt/ros/humble/share/rmw_implementation_cmake/cmake)
[0.131s] -- Found rmw_fastrtps_cpp: 6.2.10 (/opt/ros/humble/share/rmw_fastrtps_cpp/cmake)
[0.188s] -- Using RMW implementation 'rmw_fastrtps_cpp' as default
[0.213s] -- Found pcl_ros: 2.4.5 (/opt/ros/humble/share/pcl_ros/cmake)
[0.249s] -- Eigen found (include: /usr/include/eigen3, version: 3.4.0)
[0.267s] -- FLANN found (include: /usr/include, lib: /usr/lib/x86_64-linux-gnu/libflann_cpp.so)
[0.442s] -- OpenNI found (version: 1.5.4.0, include: /usr/include/ni, lib: /usr/lib/libOpenNI.so;libusb::libusb)
[0.445s] -- OpenNI2 found (version: 2.2.0.33, include: /usr/include/openni2, lib: /usr/lib/x86_64-linux-gnu/libOpenNI2.so;libusb::libusb)
[0.537s] -- Eigen found (include: /usr/include/eigen3, version: 3.4.0)
[0.540s] -- OpenNI found (version: 1.5.4.0, include: /usr/include/ni, lib: /usr/lib/libOpenNI.so;libusb::libusb)
[0.544s] -- OpenNI2 found (version: 2.2.0.33, include: /usr/include/openni2, lib: /usr/lib/x86_64-linux-gnu/libOpenNI2.so;libusb::libusb)
[0.646s] -- Found Qhull version 8.0.2
[0.745s] -- OpenNI found (version: 1.5.4.0, include: /usr/include/ni, lib: /usr/lib/libOpenNI.so;libusb::libusb)
[0.840s] -- Found eigen3_cmake_module: 0.1.1 (/opt/ros/humble/share/eigen3_cmake_module/cmake)
[0.840s] -- Ensuring Eigen3 include directory is part of orocos-kdl CMake target
[0.880s] -- Found nav_msgs: 4.9.1 (/opt/ros/humble/share/nav_msgs/cmake)
[0.888s] -- Found visualization_msgs: 4.9.1 (/opt/ros/humble/share/visualization_msgs/cmake)
[0.936s] -- Configuring done
[0.940s] -- Generating done
[0.941s] -- Build files have been written to: /home/xingmaker/landing/Fast-Perching/build/vis_utils
[0.951s] Invoked command in '/home/xingmaker/landing/Fast-Perching/build/vis_utils' returned '0': CMAKE_PREFIX_PATH=${CMAKE_PREFIX_PATH}:/opt/ros/humble /usr/bin/cmake /home/xingmaker/landing/Fast-Perching/src/vis_utils -DCMAKE_BUILD_TYPE=Release -DCMAKE_INSTALL_PREFIX=/home/xingmaker/landing/Fast-Perching/install/vis_utils
[0.952s] Invoking command in '/home/xingmaker/landing/Fast-Perching/build/vis_utils': CMAKE_PREFIX_PATH=${CMAKE_PREFIX_PATH}:/opt/ros/humble /usr/bin/cmake --build /home/xingmaker/landing/Fast-Perching/build/vis_utils -- -j20 -l20
[0.974s] Invoked command in '/home/xingmaker/landing/Fast-Perching/build/vis_utils' returned '0': CMAKE_PREFIX_PATH=${CMAKE_PREFIX_PATH}:/opt/ros/humble /usr/bin/cmake --build /home/xingmaker/landing/Fast-Perching/build/vis_utils -- -j20 -l20
[0.975s] Invoking command in '/home/xingmaker/landing/Fast-Perching/build/vis_utils': CMAKE_PREFIX_PATH=${CMAKE_PREFIX_PATH}:/opt/ros/humble /usr/bin/cmake --install /home/xingmaker/landing/Fast-Perching/build/vis_utils
[0.979s] -- Install configuration: "Release"
[0.979s] -- Up-to-date: /home/xingmaker/landing/Fast-Perching/install/vis_utils/include
[0.980s] -- Up-to-date: /home/xingmaker/landing/Fast-Perching/install/vis_utils/include/vis_utils
[0.980s] -- Installing: /home/xingmaker/landing/Fast-Perching/install/vis_utils/include/vis_utils/vis_utils.hpp
[0.980s] -- Up-to-date: /home/xingmaker/landing/Fast-Perching/install/vis_utils/share/ament_index/resource_index/package_run_dependencies/vis_utils
[0.980s] -- Installing: /home/xingmaker/landing/Fast-Perching/install/vis_utils/share/ament_index/resource_index/parent_prefix_path/vis_utils
[0.980s] -- Up-to-date: /home/xingmaker/landing/Fast-Perching/install/vis_utils/share/vis_utils/environment/ament_prefix_path.sh
[0.980s] -- Installing: /home/xingmaker/landing/Fast-Perching/install/vis_utils/share/vis_utils/environment/ament_prefix_path.dsv
[0.980s] -- Up-to-date: /home/xingmaker/landing/Fast-Perching/install/vis_utils/share/vis_utils/environment/path.sh
[0.980s] -- Installing: /home/xingmaker/landing/Fast-Perching/install/vis_utils/share/vis_utils/environment/path.dsv
[0.980s] -- Up-to-date: /home/xingmaker/landing/Fast-Perching/install/vis_utils/share/vis_utils/local_setup.bash
[0.980s] -- Up-to-date: /home/xingmaker/landing/Fast-Perching/install/vis_utils/share/vis_utils/local_setup.sh
[0.980s] -- Up-to-date: /home/xingmaker/landing/Fast-Perching/install/vis_utils/share/vis_utils/local_setup.zsh
[0.980s] -- Installing: /home/xingmaker/landing/Fast-Perching/install/vis_utils/share/vis_utils/local_setup.dsv
[0.980s] -- Installing: /home/xingmaker/landing/Fast-Perching/install/vis_utils/share/vis_utils/package.dsv
[0.980s] -- Up-to-date: /home/xingmaker/landing/Fast-Perching/install/vis_utils/share/ament_index/resource_index/packages/vis_utils
[0.980s] -- Up-to-date: /home/xingmaker/landing/Fast-Perching/install/vis_utils/share/vis_utils/cmake/ament_cmake_export_include_directories-extras.cmake
[0.980s] -- Up-to-date: /home/xingmaker/landing/Fast-Perching/install/vis_utils/share/vis_utils/cmake/ament_cmake_export_dependencies-extras.cmake
[0.980s] -- Up-to-date: /home/xingmaker/landing/Fast-Perching/install/vis_utils/share/vis_utils/cmake/vis_utilsConfig.cmake
[0.980s] -- Up-to-date: /home/xingmaker/landing/Fast-Perching/install/vis_utils/share/vis_utils/cmake/vis_utilsConfig-version.cmake
[0.980s] -- Up-to-date: /home/xingmaker/landing/Fast-Perching/install/vis_utils/share/vis_utils/package.xml
[0.981s] Invoked command in '/home/xingmaker/landing/Fast-Perching/build/vis_utils' returned '0': CMAKE_PREFIX_PATH=${CMAKE_PREFIX_PATH}:/opt/ros/humble /usr/bin/cmake --install /home/xingmaker/landing/Fast-Perching/build/vis_utils
