[0.006s] Invoking command in '/home/xingmaker/landing/Fast-Perching/build/odom_visualization': CMAKE_PREFIX_PATH=${CMAKE_PREFIX_PATH}:/opt/ros/humble /usr/bin/cmake --build /home/xingmaker/landing/Fast-Perching/build/odom_visualization -- -j20 -l20
[0.026s] -- Found ament_cmake: 1.3.13 (/opt/ros/humble/share/ament_cmake/cmake)
[0.096s] -- Found rclcpp: 16.0.18 (/opt/ros/humble/share/rclcpp/cmake)
[0.111s] -- Found rosidl_generator_c: 3.1.8 (/opt/ros/humble/share/rosidl_generator_c/cmake)
[0.112s] -- Found rosidl_adapter: 3.1.8 (/opt/ros/humble/share/rosidl_adapter/cmake)
[0.115s] -- Found rosidl_generator_cpp: 3.1.8 (/opt/ros/humble/share/rosidl_generator_cpp/cmake)
[0.120s] -- Using all available rosidl_typesupport_c: rosidl_typesupport_fastrtps_c;rosidl_typesupport_introspection_c
[0.134s] -- Using all available rosidl_typesupport_cpp: rosidl_typesupport_fastrtps_cpp;rosidl_typesupport_introspection_cpp
[0.142s] -- Found rmw_implementation_cmake: 6.1.2 (/opt/ros/humble/share/rmw_implementation_cmake/cmake)
[0.142s] -- Found rmw_fastrtps_cpp: 6.2.10 (/opt/ros/humble/share/rmw_fastrtps_cpp/cmake)
[0.208s] -- Using RMW implementation 'rmw_fastrtps_cpp' as default
[0.227s] -- Found sensor_msgs: 4.9.1 (/opt/ros/humble/share/sensor_msgs/cmake)
[0.242s] -- Found nav_msgs: 4.9.1 (/opt/ros/humble/share/nav_msgs/cmake)
[0.250s] -- Found visualization_msgs: 4.9.1 (/opt/ros/humble/share/visualization_msgs/cmake)
[0.261s] -- Found tf2: 0.25.19 (/opt/ros/humble/share/tf2/cmake)
[0.262s] -- Found tf2_ros: 0.25.19 (/opt/ros/humble/share/tf2_ros/cmake)
[0.301s] -- Found pose_utils: 0.0.0 (/home/xingmaker/landing/Fast-Perching/install/pose_utils/share/pose_utils/cmake)
[0.343s] -- Configuring done
[0.352s] -- Generating done
[0.355s] -- Build files have been written to: /home/xingmaker/landing/Fast-Perching/build/odom_visualization
[0.383s] Consolidate compiler generated dependencies of target odom_visualization_plate
[0.387s] Consolidate compiler generated dependencies of target odom_visualization
[0.399s] [ 50%] Built target odom_visualization_plate
[0.400s] [100%] Built target odom_visualization
[0.407s] Invoked command in '/home/xingmaker/landing/Fast-Perching/build/odom_visualization' returned '0': CMAKE_PREFIX_PATH=${CMAKE_PREFIX_PATH}:/opt/ros/humble /usr/bin/cmake --build /home/xingmaker/landing/Fast-Perching/build/odom_visualization -- -j20 -l20
[0.408s] Invoking command in '/home/xingmaker/landing/Fast-Perching/build/odom_visualization': CMAKE_PREFIX_PATH=${CMAKE_PREFIX_PATH}:/opt/ros/humble /usr/bin/cmake --install /home/xingmaker/landing/Fast-Perching/build/odom_visualization
[0.422s] -- Install configuration: "Release"
[0.423s] -- Up-to-date: /home/xingmaker/landing/Fast-Perching/install/odom_visualization/lib/odom_visualization/odom_visualization
[0.423s] -- Up-to-date: /home/xingmaker/landing/Fast-Perching/install/odom_visualization/lib/odom_visualization/odom_visualization_plate
[0.423s] -- Up-to-date: /home/xingmaker/landing/Fast-Perching/install/odom_visualization/share/odom_visualization/launch
[0.423s] -- Up-to-date: /home/xingmaker/landing/Fast-Perching/install/odom_visualization/share/odom_visualization/launch/vins_vis.launch
[0.423s] -- Up-to-date: /home/xingmaker/landing/Fast-Perching/install/odom_visualization/share/odom_visualization/launch/sim_vis.launch
[0.423s] -- Up-to-date: /home/xingmaker/landing/Fast-Perching/install/odom_visualization/share/odom_visualization/launch/real_vis.launch
[0.424s] -- Installing: /home/xingmaker/landing/Fast-Perching/install/odom_visualization/share/odom_visualization/meshes
[0.424s] -- Installing: /home/xingmaker/landing/Fast-Perching/install/odom_visualization/share/odom_visualization/meshes/f250.dae
[0.432s] -- Installing: /home/xingmaker/landing/Fast-Perching/install/odom_visualization/share/odom_visualization/meshes/hummingbird.mesh
[0.434s] -- Up-to-date: /home/xingmaker/landing/Fast-Perching/install/odom_visualization/share/ament_index/resource_index/package_run_dependencies/odom_visualization
[0.434s] -- Up-to-date: /home/xingmaker/landing/Fast-Perching/install/odom_visualization/share/ament_index/resource_index/parent_prefix_path/odom_visualization
[0.435s] -- Up-to-date: /home/xingmaker/landing/Fast-Perching/install/odom_visualization/share/odom_visualization/environment/ament_prefix_path.sh
[0.435s] -- Installing: /home/xingmaker/landing/Fast-Perching/install/odom_visualization/share/odom_visualization/environment/ament_prefix_path.dsv
[0.435s] -- Up-to-date: /home/xingmaker/landing/Fast-Perching/install/odom_visualization/share/odom_visualization/environment/path.sh
[0.435s] -- Installing: /home/xingmaker/landing/Fast-Perching/install/odom_visualization/share/odom_visualization/environment/path.dsv
[0.435s] -- Up-to-date: /home/xingmaker/landing/Fast-Perching/install/odom_visualization/share/odom_visualization/local_setup.bash
[0.435s] -- Up-to-date: /home/xingmaker/landing/Fast-Perching/install/odom_visualization/share/odom_visualization/local_setup.sh
[0.435s] -- Up-to-date: /home/xingmaker/landing/Fast-Perching/install/odom_visualization/share/odom_visualization/local_setup.zsh
[0.435s] -- Installing: /home/xingmaker/landing/Fast-Perching/install/odom_visualization/share/odom_visualization/local_setup.dsv
[0.435s] -- Installing: /home/xingmaker/landing/Fast-Perching/install/odom_visualization/share/odom_visualization/package.dsv
[0.435s] -- Up-to-date: /home/xingmaker/landing/Fast-Perching/install/odom_visualization/share/ament_index/resource_index/packages/odom_visualization
[0.435s] -- Up-to-date: /home/xingmaker/landing/Fast-Perching/install/odom_visualization/share/odom_visualization/cmake/odom_visualizationConfig.cmake
[0.435s] -- Up-to-date: /home/xingmaker/landing/Fast-Perching/install/odom_visualization/share/odom_visualization/cmake/odom_visualizationConfig-version.cmake
[0.435s] -- Up-to-date: /home/xingmaker/landing/Fast-Perching/install/odom_visualization/share/odom_visualization/package.xml
[0.436s] Invoked command in '/home/xingmaker/landing/Fast-Perching/build/odom_visualization' returned '0': CMAKE_PREFIX_PATH=${CMAKE_PREFIX_PATH}:/opt/ros/humble /usr/bin/cmake --install /home/xingmaker/landing/Fast-Perching/build/odom_visualization
