[0.006s] Invoking command in '/home/xingmaker/landing/Fast-Perching/build/pose_utils': CMAKE_PREFIX_PATH=${CMAKE_PREFIX_PATH}:/opt/ros/humble /usr/bin/cmake --build /home/xingmaker/landing/Fast-Perching/build/pose_utils -- -j20 -l20
[0.041s] [100%] Built target pose_utils
[0.057s] Invoked command in '/home/xingmaker/landing/Fast-Perching/build/pose_utils' returned '0': CMAKE_PREFIX_PATH=${CMAKE_PREFIX_PATH}:/opt/ros/humble /usr/bin/cmake --build /home/xingmaker/landing/Fast-Perching/build/pose_utils -- -j20 -l20
[0.057s] Invoking command in '/home/xingmaker/landing/Fast-Perching/build/pose_utils': CMAKE_PREFIX_PATH=${CMAKE_PREFIX_PATH}:/opt/ros/humble /usr/bin/cmake --install /home/xingmaker/landing/Fast-Perching/build/pose_utils
[0.062s] -- Install configuration: "Release"
[0.062s] -- Up-to-date: /home/xingmaker/landing/Fast-Perching/install/pose_utils/include
[0.062s] -- Up-to-date: /home/xingmaker/landing/Fast-Perching/install/pose_utils/include/pose_utils.h
[0.062s] -- Up-to-date: /home/xingmaker/landing/Fast-Perching/install/pose_utils/lib/libpose_utils.so
[0.062s] -- Up-to-date: /home/xingmaker/landing/Fast-Perching/install/pose_utils/share/pose_utils/environment/library_path.sh
[0.062s] -- Up-to-date: /home/xingmaker/landing/Fast-Perching/install/pose_utils/share/pose_utils/environment/library_path.dsv
[0.062s] -- Up-to-date: /home/xingmaker/landing/Fast-Perching/install/pose_utils/share/ament_index/resource_index/package_run_dependencies/pose_utils
[0.062s] -- Up-to-date: /home/xingmaker/landing/Fast-Perching/install/pose_utils/share/ament_index/resource_index/parent_prefix_path/pose_utils
[0.062s] -- Up-to-date: /home/xingmaker/landing/Fast-Perching/install/pose_utils/share/pose_utils/environment/ament_prefix_path.sh
[0.062s] -- Up-to-date: /home/xingmaker/landing/Fast-Perching/install/pose_utils/share/pose_utils/environment/ament_prefix_path.dsv
[0.062s] -- Up-to-date: /home/xingmaker/landing/Fast-Perching/install/pose_utils/share/pose_utils/environment/path.sh
[0.062s] -- Up-to-date: /home/xingmaker/landing/Fast-Perching/install/pose_utils/share/pose_utils/environment/path.dsv
[0.062s] -- Up-to-date: /home/xingmaker/landing/Fast-Perching/install/pose_utils/share/pose_utils/local_setup.bash
[0.063s] -- Up-to-date: /home/xingmaker/landing/Fast-Perching/install/pose_utils/share/pose_utils/local_setup.sh
[0.063s] -- Up-to-date: /home/xingmaker/landing/Fast-Perching/install/pose_utils/share/pose_utils/local_setup.zsh
[0.063s] -- Up-to-date: /home/xingmaker/landing/Fast-Perching/install/pose_utils/share/pose_utils/local_setup.dsv
[0.063s] -- Installing: /home/xingmaker/landing/Fast-Perching/install/pose_utils/share/pose_utils/package.dsv
[0.063s] -- Up-to-date: /home/xingmaker/landing/Fast-Perching/install/pose_utils/share/ament_index/resource_index/packages/pose_utils
[0.063s] -- Up-to-date: /home/xingmaker/landing/Fast-Perching/install/pose_utils/share/pose_utils/cmake/ament_cmake_export_include_directories-extras.cmake
[0.063s] -- Up-to-date: /home/xingmaker/landing/Fast-Perching/install/pose_utils/share/pose_utils/cmake/ament_cmake_export_libraries-extras.cmake
[0.063s] -- Up-to-date: /home/xingmaker/landing/Fast-Perching/install/pose_utils/share/pose_utils/cmake/ament_cmake_export_dependencies-extras.cmake
[0.063s] -- Up-to-date: /home/xingmaker/landing/Fast-Perching/install/pose_utils/share/pose_utils/cmake/pose_utilsConfig.cmake
[0.063s] -- Up-to-date: /home/xingmaker/landing/Fast-Perching/install/pose_utils/share/pose_utils/cmake/pose_utilsConfig-version.cmake
[0.063s] -- Up-to-date: /home/xingmaker/landing/Fast-Perching/install/pose_utils/share/pose_utils/package.xml
[0.064s] Invoked command in '/home/xingmaker/landing/Fast-Perching/build/pose_utils' returned '0': CMAKE_PREFIX_PATH=${CMAKE_PREFIX_PATH}:/opt/ros/humble /usr/bin/cmake --install /home/xingmaker/landing/Fast-Perching/build/pose_utils
