[0.006s] Invoking command in '/home/xingmaker/landing/Fast-Perching/build/traj_opt': CMAKE_PREFIX_PATH=${CMAKE_PREFIX_PATH}:/opt/ros/humble /usr/bin/cmake --build /home/xingmaker/landing/Fast-Perching/build/traj_opt -- -j20 -l20
[0.022s] -- Found ament_cmake: 1.3.13 (/opt/ros/humble/share/ament_cmake/cmake)
[0.090s] -- Found rclcpp: 16.0.18 (/opt/ros/humble/share/rclcpp/cmake)
[0.105s] -- Found rosidl_generator_c: 3.1.8 (/opt/ros/humble/share/rosidl_generator_c/cmake)
[0.106s] -- Found rosidl_adapter: 3.1.8 (/opt/ros/humble/share/rosidl_adapter/cmake)
[0.108s] -- Found rosidl_generator_cpp: 3.1.8 (/opt/ros/humble/share/rosidl_generator_cpp/cmake)
[0.113s] -- Using all available rosidl_typesupport_c: rosidl_typesupport_fastrtps_c;rosidl_typesupport_introspection_c
[0.119s] -- Using all available rosidl_typesupport_cpp: rosidl_typesupport_fastrtps_cpp;rosidl_typesupport_introspection_cpp
[0.134s] -- Found rmw_implementation_cmake: 6.1.2 (/opt/ros/humble/share/rmw_implementation_cmake/cmake)
[0.134s] -- Found rmw_fastrtps_cpp: 6.2.10 (/opt/ros/humble/share/rmw_fastrtps_cpp/cmake)
[0.200s] -- Using RMW implementation 'rmw_fastrtps_cpp' as default
[0.230s] -- Found vis_utils: 0.0.0 (/home/xingmaker/landing/Fast-Perching/install/vis_utils/share/vis_utils/cmake)
[0.268s] -- Checking for module 'eigen3'
[0.276s] --   Found eigen3, version 3.4.0
[0.322s] -- Found Eigen: /usr/include/eigen3 (Required is at least version "3.1") 
[0.322s] -- Eigen found (include: /usr/include/eigen3, version: 3.4.0)
[0.356s] -- Checking for module 'flann'
[0.362s] --   Found flann, version 1.9.1
[0.387s] -- Found FLANN: /usr/lib/x86_64-linux-gnu/libflann_cpp.so  
[0.387s] -- FLANN found (include: /usr/include, lib: /usr/lib/x86_64-linux-gnu/libflann_cpp.so)
[1.458s] -- Checking for module 'libusb-1.0'
[1.489s] --   Found libusb-1.0, version 1.0.25
[1.563s] -- Found libusb: /usr/lib/x86_64-linux-gnu/libusb-1.0.so  
[1.565s] -- OpenNI found (version: 1.5.4.0, include: /usr/include/ni, lib: /usr/lib/libOpenNI.so;libusb::libusb)
[1.688s] -- OpenNI2 found (version: 2.2.0.33, include: /usr/include/openni2, lib: /usr/lib/x86_64-linux-gnu/libOpenNI2.so;libusb::libusb)
[1.775s] -- Eigen found (include: /usr/include/eigen3, version: 3.4.0)
[1.778s] -- OpenNI found (version: 1.5.4.0, include: /usr/include/ni, lib: /usr/lib/libOpenNI.so;libusb::libusb)
[1.782s] -- OpenNI2 found (version: 2.2.0.33, include: /usr/include/openni2, lib: /usr/lib/x86_64-linux-gnu/libOpenNI2.so;libusb::libusb)
[1.867s] -- Found Qhull version 8.0.2
[1.949s] -- OpenNI found (version: 1.5.4.0, include: /usr/include/ni, lib: /usr/lib/libOpenNI.so;libusb::libusb)
[2.026s] -- Found PCL_COMMON: /usr/lib/x86_64-linux-gnu/libpcl_common.so  
[2.027s] -- Found PCL_KDTREE: /usr/lib/x86_64-linux-gnu/libpcl_kdtree.so  
[2.027s] -- Found PCL_OCTREE: /usr/lib/x86_64-linux-gnu/libpcl_octree.so  
[2.027s] -- Found PCL_SEARCH: /usr/lib/x86_64-linux-gnu/libpcl_search.so  
[2.028s] -- Found PCL_SAMPLE_CONSENSUS: /usr/lib/x86_64-linux-gnu/libpcl_sample_consensus.so  
[2.028s] -- Found PCL_FILTERS: /usr/lib/x86_64-linux-gnu/libpcl_filters.so  
[2.029s] -- Found PCL_2D: /usr/include/pcl-1.12  
[2.029s] -- Found PCL_GEOMETRY: /usr/include/pcl-1.12  
[2.029s] -- Found PCL_IO: /usr/lib/x86_64-linux-gnu/libpcl_io.so  
[2.030s] -- Found PCL_FEATURES: /usr/lib/x86_64-linux-gnu/libpcl_features.so  
[2.030s] -- Found PCL_ML: /usr/lib/x86_64-linux-gnu/libpcl_ml.so  
[2.031s] -- Found PCL_SEGMENTATION: /usr/lib/x86_64-linux-gnu/libpcl_segmentation.so  
[2.031s] -- Found PCL_VISUALIZATION: /usr/lib/x86_64-linux-gnu/libpcl_visualization.so  
[2.031s] -- Found PCL_SURFACE: /usr/lib/x86_64-linux-gnu/libpcl_surface.so  
[2.032s] -- Found PCL_REGISTRATION: /usr/lib/x86_64-linux-gnu/libpcl_registration.so  
[2.032s] -- Found PCL_KEYPOINTS: /usr/lib/x86_64-linux-gnu/libpcl_keypoints.so  
[2.033s] -- Found PCL_TRACKING: /usr/lib/x86_64-linux-gnu/libpcl_tracking.so  
[2.033s] -- Found PCL_RECOGNITION: /usr/lib/x86_64-linux-gnu/libpcl_recognition.so  
[2.034s] -- Found PCL_STEREO: /usr/lib/x86_64-linux-gnu/libpcl_stereo.so  
[2.034s] -- Found PCL_APPS: /usr/lib/x86_64-linux-gnu/libpcl_apps.so  
[2.035s] -- Found PCL_IN_HAND_SCANNER: /usr/include/pcl-1.12  
[2.035s] -- Found PCL_MODELER: /usr/include/pcl-1.12  
[2.035s] -- Found PCL_POINT_CLOUD_EDITOR: /usr/include/pcl-1.12  
[2.036s] -- Found PCL_OUTOFCORE: /usr/lib/x86_64-linux-gnu/libpcl_outofcore.so  
[2.036s] -- Found PCL_PEOPLE: /usr/lib/x86_64-linux-gnu/libpcl_people.so  
[2.049s] -- Found eigen3_cmake_module: 0.1.1 (/opt/ros/humble/share/eigen3_cmake_module/cmake)
[2.050s] -- Found Eigen3: TRUE (found version "3.4.0") 
[2.050s] -- Ensuring Eigen3 include directory is part of orocos-kdl CMake target
[2.151s] -- Configuring done
[2.188s] -- Generating done
[2.193s] -- Build files have been written to: /home/xingmaker/landing/Fast-Perching/build/traj_opt
[2.226s] [ 50%] Building CXX object CMakeFiles/traj_opt.dir/src/traj_opt_perching.cc.o
[16.790s] [100%] Linking CXX shared library libtraj_opt.so
[17.116s] [100%] Built target traj_opt
